Jun 13 03:41:41 template lvm[369]:   1 logical volume(s) in volume group "ubuntu-vg" monitored
Jun 13 03:41:41 template systemd-modules-load[377]: Inserted module 'msr'
Jun 13 03:41:41 template systemd[1]: Mounted Huge Pages File System.
Jun 13 03:41:41 template systemd-modules-load[377]: Inserted module 'ipmi_devintf'
Jun 13 03:41:41 template systemd[1]: Mounted POSIX Message Queue File System.
Jun 13 03:41:41 template systemd[1]: Mounted Kernel Debug File System.
Jun 13 03:41:41 template systemd[1]: Mounted Kernel Trace File System.
Jun 13 03:41:41 template systemd[1]: Finished Create List of Static Device Nodes.
Jun 13 03:41:41 template systemd[1]: Finished Monitoring of LVM2 mirrors, snapshots etc. using dmeventd or progress polling.
Jun 13 03:41:41 template systemd[1]: modprobe@configfs.service: Deactivated successfully.
Jun 13 03:41:41 template systemd[1]: Finished Load Kernel Module configfs.
Jun 13 03:41:41 template systemd[1]: modprobe@drm.service: Deactivated successfully.
Jun 13 03:41:41 template systemd[1]: Finished Load Kernel Module drm.
Jun 13 03:41:41 template systemd[1]: Finished Set the console keyboard layout.
Jun 13 03:41:41 template systemd[1]: modprobe@fuse.service: Deactivated successfully.
Jun 13 03:41:41 template systemd[1]: Finished Load Kernel Module fuse.
Jun 13 03:41:41 template systemd[1]: Finished Load Kernel Modules.
Jun 13 03:41:41 template systemd[1]: Finished Remount Root and Kernel File Systems.
Jun 13 03:41:41 template systemd[1]: Activating swap /swap.img...
Jun 13 03:41:41 template systemd[1]: Mounting FUSE Control File System...
Jun 13 03:41:41 template systemd[1]: Mounting Kernel Configuration File System...
Jun 13 03:41:41 template systemd[1]: Starting Device-Mapper Multipath Device Controller...
Jun 13 03:41:41 template systemd[1]: Starting Flush Journal to Persistent Storage...
Jun 13 03:41:41 template systemd[1]: Condition check resulted in Platform Persistent Storage Archival being skipped.
Jun 13 03:41:41 template systemd[1]: Starting Load/Save Random Seed...
Jun 13 03:41:41 template systemd[1]: Starting Apply Kernel Variables...
Jun 13 03:41:41 template systemd[1]: Starting Create System Users...
Jun 13 03:41:41 template systemd[1]: Activated swap /swap.img.
Jun 13 03:41:41 template systemd[1]: Mounted FUSE Control File System.
Jun 13 03:41:41 template systemd[1]: Mounted Kernel Configuration File System.
Jun 13 03:41:41 template systemd[1]: Finished Flush Journal to Persistent Storage.
Jun 13 03:41:41 template systemd[1]: Finished Load/Save Random Seed.
Jun 13 03:41:41 template systemd[1]: Finished Apply Kernel Variables.
Jun 13 03:41:41 template systemd[1]: Finished Create System Users.
Jun 13 03:41:41 template systemd[1]: Condition check resulted in First Boot Complete being skipped.
Jun 13 03:41:41 template systemd[1]: Reached target Swaps.
Jun 13 03:41:41 template systemd[1]: Starting Create Static Device Nodes in /dev...
Jun 13 03:41:41 template systemd[1]: Finished Coldplug All udev Devices.
Jun 13 03:41:41 template multipathd[398]: --------start up--------
Jun 13 03:41:41 template multipathd[398]: read /etc/multipath.conf
Jun 13 03:41:41 template multipathd[398]: path checkers start up
Jun 13 03:41:41 template systemd[1]: Started Device-Mapper Multipath Device Controller.
Jun 13 03:41:41 template systemd[1]: Finished Create Static Device Nodes in /dev.
Jun 13 03:41:41 template systemd[1]: Reached target Preparation for Local File Systems.
Jun 13 03:41:41 template systemd[1]: Mounting Mount unit for core20, revision 1405...
Jun 13 03:41:41 template systemd[1]: Mounting Mount unit for lxd, revision 22923...
Jun 13 03:41:41 template systemd[1]: Mounting Mount unit for snapd, revision 15534...
Jun 13 03:41:41 template systemd[1]: Starting Rule-based Manager for Device Events and Files...
Jun 13 03:41:41 template systemd[1]: Mounted Mount unit for core20, revision 1405.
Jun 13 03:41:41 template systemd[1]: Mounted Mount unit for snapd, revision 15534.
Jun 13 03:41:41 template systemd[1]: Mounted Mount unit for lxd, revision 22923.
Jun 13 03:41:41 template systemd[1]: Started Rule-based Manager for Device Events and Files.
Jun 13 03:41:41 template systemd[1]: Condition check resulted in Show Plymouth Boot Screen being skipped.
Jun 13 03:41:41 template systemd[1]: Started Dispatch Password Requests to Console Directory Watch.
Jun 13 03:41:41 template systemd[1]: Condition check resulted in Forward Password Requests to Plymouth Directory Watch being skipped.
Jun 13 03:41:41 template systemd[1]: Reached target Local Encrypted Volumes.
Jun 13 03:41:41 template systemd-udevd[414]: Using default interface naming scheme 'v249'.
Jun 13 03:41:41 template systemd-udevd[413]: sda: Process '/usr/bin/unshare -m /usr/bin/snap auto-import --mount=/dev/sda' failed with exit code 1.
Jun 13 03:41:41 template systemd[1]: Listening on Load/Save RF Kill Switch Status /dev/rfkill Watch.
Jun 13 03:41:41 template systemd-udevd[415]: sr0: Process '/usr/bin/unshare -m /usr/bin/snap auto-import --mount=/dev/sr0' failed with exit code 1.
Jun 13 03:41:41 template systemd-udevd[420]: sda3: Process '/usr/bin/unshare -m /usr/bin/snap auto-import --mount=/dev/sda3' failed with exit code 1.
Jun 13 03:41:41 template systemd[1]: Created slice Slice /system/lvm2-pvscan.
Jun 13 03:41:41 template systemd[1]: Starting LVM event activation on device 8:3...
Jun 13 03:41:41 template lvm[496]:   pvscan[496] PV /dev/sda3 online, VG ubuntu-vg is complete.
Jun 13 03:41:41 template lvm[496]:   pvscan[496] VG ubuntu-vg skip autoactivation.
Jun 13 03:41:41 template systemd[1]: Finished LVM event activation on device 8:3.
Jun 13 03:41:41 template systemd-udevd[414]: sda2: Process '/usr/bin/unshare -m /usr/bin/snap auto-import --mount=/dev/sda2' failed with exit code 1.
Jun 13 03:41:41 template systemd[1]: Found device VBOX_HARDDISK 2.
Jun 13 03:41:41 template systemd[1]: Starting File System Check on /dev/disk/by-uuid/f620db00-0c4c-49bf-8e7e-6133968e4712...
Jun 13 03:41:41 template systemd[1]: Started File System Check Daemon to report status.
Jun 13 03:41:41 template systemd-udevd[413]: sda1: Process '/usr/bin/unshare -m /usr/bin/snap auto-import --mount=/dev/sda1' failed with exit code 1.
Jun 13 03:41:41 template systemd-udevd[416]: dm-0: Process '/usr/bin/unshare -m /usr/bin/snap auto-import --mount=/dev/dm-0' failed with exit code 1.
Jun 13 03:41:41 template systemd-fsck[507]: /dev/sda2: clean, 316/116160 files, 48787/464384 blocks
Jun 13 03:41:41 template systemd[1]: Finished File System Check on /dev/disk/by-uuid/f620db00-0c4c-49bf-8e7e-6133968e4712.
Jun 13 03:41:41 template systemd[1]: Mounting /boot...
Jun 13 03:41:41 template systemd[1]: Mounted /boot.
Jun 13 03:41:41 template systemd[1]: Reached target Local File Systems.
Jun 13 03:41:41 template systemd[1]: Starting Load AppArmor profiles...
Jun 13 03:41:41 template systemd[1]: Starting Set console font and keymap...
Jun 13 03:41:41 template systemd[1]: Starting Create final runtime dir for shutdown pivot root...
Jun 13 03:41:41 template systemd[1]: Starting Tell Plymouth To Write Out Runtime Data...
Jun 13 03:41:41 template systemd[1]: Condition check resulted in Set Up Additional Binary Formats being skipped.
Jun 13 03:41:41 template systemd[1]: Condition check resulted in Store a System Token in an EFI Variable being skipped.
Jun 13 03:41:41 template systemd[1]: Condition check resulted in Commit a transient machine-id on disk being skipped.
Jun 13 03:41:41 template apparmor.systemd[519]: Restarting AppArmor
Jun 13 03:41:41 template apparmor.systemd[519]: Reloading AppArmor profiles
Jun 13 03:41:41 template systemd[1]: Starting Create Volatile Files and Directories...
Jun 13 03:41:41 template systemd[1]: Starting Uncomplicated firewall...
Jun 13 03:41:41 template systemd[1]: Finished Create final runtime dir for shutdown pivot root.
Jun 13 03:41:41 template systemd[1]: Finished Create Volatile Files and Directories.
Jun 13 03:41:41 template systemd[1]: Finished Tell Plymouth To Write Out Runtime Data.
Jun 13 03:41:41 template systemd[1]: Finished Uncomplicated firewall.
Jun 13 03:41:41 template systemd[1]: Starting Network Time Synchronization...
Jun 13 03:41:41 template systemd[1]: Starting Record System Boot/Shutdown in UTMP...
Jun 13 03:41:41 template systemd[1]: Finished Record System Boot/Shutdown in UTMP.
Jun 13 03:41:41 template systemd[1]: Reached target Sound Card.
Jun 13 03:41:41 template systemd[1]: Started Network Time Synchronization.
Jun 13 03:41:41 template systemd[1]: Reached target System Time Set.
Jun 13 03:41:41 template systemd[1]: Finished Set console font and keymap.
Jun 13 03:41:41 template apparmor.systemd[729]: Skipping profile in /etc/apparmor.d/disable: usr.sbin.rsyslogd
Jun 13 03:41:41 template systemd[1]: Finished Load AppArmor profiles.
Jun 13 03:41:41 template systemd[1]: Starting Load AppArmor profiles managed internally by snapd...
Jun 13 03:41:41 template systemd[1]: Condition check resulted in Authentication service for virtual machines hosted on VMware being skipped.
Jun 13 03:41:41 template systemd[1]: Condition check resulted in Service for virtual machines hosted on VMware being skipped.
Jun 13 03:41:41 template systemd[1]: Starting Initial cloud-init job (pre-networking)...
Jun 13 03:41:41 template cloud-init[744]: Cloud-init v. 22.1-14-g2e17a0d6-0ubuntu1~22.04.5 running 'init-local' at Mon, 13 Jun 2022 03:41:38 +0000. Up 4.77 seconds.
Jun 13 03:41:41 template systemd[1]: Finished Initial cloud-init job (pre-networking).
Jun 13 03:41:41 template systemd[1]: Reached target Preparation for Network.
Jun 13 03:41:41 template systemd[1]: Starting Network Configuration...
Jun 13 03:41:41 template systemd-networkd[746]: lo: Link UP
Jun 13 03:41:41 template systemd-networkd[746]: lo: Gained carrier
Jun 13 03:41:41 template systemd-networkd[746]: Enumeration completed
Jun 13 03:41:41 template systemd[1]: Started Network Configuration.
Jun 13 03:41:41 template systemd[1]: Starting Wait for Network to be Configured...
Jun 13 03:41:41 template systemd[1]: Starting Network Name Resolution...
Jun 13 03:41:41 template systemd-networkd[746]: enp0s3: Link UP
Jun 13 03:41:41 template systemd-networkd[746]: enp0s3: Gained carrier
Jun 13 03:41:41 template systemd-networkd[746]: enp0s3: DHCPv4 address 10.0.2.15/24 via 10.0.2.2
Jun 13 03:41:41 template systemd-timesyncd[544]: Network configuration changed, trying to establish connection.
Jun 13 03:41:41 template systemd-resolved[748]: Positive Trust Anchors:
Jun 13 03:41:41 template systemd-resolved[748]: . IN DS 20326 8 2 e06d44b80b8f1d39a95c0b0d7c65d08458e880409bbc683457104237c7f8ec8d
Jun 13 03:41:41 template systemd-resolved[748]: Negative trust anchors: home.arpa 10.in-addr.arpa 16.172.in-addr.arpa 17.172.in-addr.arpa 18.172.in-addr.arpa 19.172.in-addr.arpa 20.172.in-addr.arpa 21.172.in-addr.arpa 22.172.in-addr.arpa 23.172.in-addr.arpa 24.172.in-addr.arpa 25.172.in-addr.arpa 26.172.in-addr.arpa 27.172.in-addr.arpa 28.172.in-addr.arpa 29.172.in-addr.arpa 30.172.in-addr.arpa 31.172.in-addr.arpa 168.192.in-addr.arpa d.f.ip6.arpa corp home internal intranet lan local private test
Jun 13 03:41:41 template systemd-resolved[748]: Using system hostname 'template'.
Jun 13 03:41:41 template systemd[1]: Started Network Name Resolution.
Jun 13 03:41:41 template systemd[1]: Reached target Network.
Jun 13 03:41:41 template systemd[1]: Reached target Host and Network Name Lookups.
Jun 13 03:41:41 template systemd-networkd[746]: enp0s3: Gained IPv6LL
Jun 13 03:41:41 template systemd-networkd-wait-online[747]: managing: enp0s3
Jun 13 03:41:41 template systemd-timesyncd[544]: Network configuration changed, trying to establish connection.
Jun 13 03:41:41 template systemd[1]: Finished Wait for Network to be Configured.
Jun 13 03:41:41 template systemd[1]: Starting Initial cloud-init job (metadata service crawler)...
Jun 13 03:41:41 template systemd[1]: Finished Load AppArmor profiles managed internally by snapd.
Jun 13 03:41:41 template cloud-init[768]: Cloud-init v. 22.1-14-g2e17a0d6-0ubuntu1~22.04.5 running 'init' at Mon, 13 Jun 2022 03:41:40 +0000. Up 6.20 seconds.
Jun 13 03:41:41 template cloud-init[768]: ci-info: ++++++++++++++++++++++++++++++++++++++Net device info+++++++++++++++++++++++++++++++++++++++
Jun 13 03:41:41 template cloud-init[768]: ci-info: +--------+------+-----------------------------+---------------+--------+-------------------+
Jun 13 03:41:41 template cloud-init[768]: ci-info: | Device |  Up  |           Address           |      Mask     | Scope  |     Hw-Address    |
Jun 13 03:41:41 template cloud-init[768]: ci-info: +--------+------+-----------------------------+---------------+--------+-------------------+
Jun 13 03:41:41 template cloud-init[768]: ci-info: | enp0s3 | True |          10.0.2.15          | 255.255.255.0 | global | 08:00:27:04:3f:6a |
Jun 13 03:41:41 template cloud-init[768]: ci-info: | enp0s3 | True | fe80::a00:27ff:fe04:3f6a/64 |       .       |  link  | 08:00:27:04:3f:6a |
Jun 13 03:41:41 template cloud-init[768]: ci-info: |   lo   | True |          127.0.0.1          |   255.0.0.0   |  host  |         .         |
Jun 13 03:41:41 template cloud-init[768]: ci-info: |   lo   | True |           ::1/128           |       .       |  host  |         .         |
Jun 13 03:41:41 template cloud-init[768]: ci-info: +--------+------+-----------------------------+---------------+--------+-------------------+
Jun 13 03:41:41 template cloud-init[768]: ci-info: ++++++++++++++++++++++++++++Route IPv4 info+++++++++++++++++++++++++++++
Jun 13 03:41:41 template cloud-init[768]: ci-info: +-------+-------------+----------+-----------------+-----------+-------+
Jun 13 03:41:41 template cloud-init[768]: ci-info: | Route | Destination | Gateway  |     Genmask     | Interface | Flags |
Jun 13 03:41:41 template cloud-init[768]: ci-info: +-------+-------------+----------+-----------------+-----------+-------+
Jun 13 03:41:41 template cloud-init[768]: ci-info: |   0   |   0.0.0.0   | 10.0.2.2 |     0.0.0.0     |   enp0s3  |   UG  |
Jun 13 03:41:41 template cloud-init[768]: ci-info: |   1   |   10.0.2.0  | 0.0.0.0  |  255.255.255.0  |   enp0s3  |   U   |
Jun 13 03:41:41 template cloud-init[768]: ci-info: |   2   |   10.0.2.2  | 0.0.0.0  | 255.255.255.255 |   enp0s3  |   UH  |
Jun 13 03:41:41 template cloud-init[768]: ci-info: |   3   | 192.168.1.1 | 10.0.2.2 | 255.255.255.255 |   enp0s3  |  UGH  |
Jun 13 03:41:41 template cloud-init[768]: ci-info: +-------+-------------+----------+-----------------+-----------+-------+
Jun 13 03:41:41 template cloud-init[768]: ci-info: +++++++++++++++++++Route IPv6 info+++++++++++++++++++
Jun 13 03:41:41 template cloud-init[768]: ci-info: +-------+-------------+---------+-----------+-------+
Jun 13 03:41:41 template cloud-init[768]: ci-info: | Route | Destination | Gateway | Interface | Flags |
Jun 13 03:41:41 template cloud-init[768]: ci-info: +-------+-------------+---------+-----------+-------+
Jun 13 03:41:41 template cloud-init[768]: ci-info: |   1   |  fe80::/64  |    ::   |   enp0s3  |   U   |
Jun 13 03:41:41 template cloud-init[768]: ci-info: |   3   |    local    |    ::   |   enp0s3  |   U   |
Jun 13 03:41:41 template cloud-init[768]: ci-info: |   4   |  multicast  |    ::   |   enp0s3  |   U   |
Jun 13 03:41:41 template cloud-init[768]: ci-info: +-------+-------------+---------+-----------+-------+
Jun 13 03:41:41 template cloud-init[768]: Generating public/private rsa key pair.
Jun 13 03:41:41 template cloud-init[768]: Your identification has been saved in /etc/ssh/ssh_host_rsa_key
Jun 13 03:41:41 template cloud-init[768]: Your public key has been saved in /etc/ssh/ssh_host_rsa_key.pub
Jun 13 03:41:41 template cloud-init[768]: The key fingerprint is:
Jun 13 03:41:41 template cloud-init[768]: SHA256:2289r7sFRrucbRICjHT9DPyAerUK5ykAshA57GZzQq8 root@template
Jun 13 03:41:41 template cloud-init[768]: The key's randomart image is:
Jun 13 03:41:41 template cloud-init[768]: +---[RSA 3072]----+
Jun 13 03:41:41 template cloud-init[768]: |oo      . .+     |
Jun 13 03:41:41 template cloud-init[768]: |+o. .  . +. *    |
Jun 13 03:41:41 template cloud-init[768]: |oo.o .  ..o. B.  |
Jun 13 03:41:41 template cloud-init[768]: | *.o  . o o...+. |
Jun 13 03:41:41 template cloud-init[768]: |o =    .S= o. =  |
Jun 13 03:41:41 template cloud-init[768]: | E      .o+  + * |
Jun 13 03:41:41 template cloud-init[768]: |        ...  .= +|
Jun 13 03:41:41 template cloud-init[768]: |           .. o+ |
Jun 13 03:41:41 template cloud-init[768]: |           .. +*.|
Jun 13 03:41:41 template cloud-init[768]: +----[SHA256]-----+
Jun 13 03:41:41 template cloud-init[768]: Generating public/private dsa key pair.
Jun 13 03:41:41 template cloud-init[768]: Your identification has been saved in /etc/ssh/ssh_host_dsa_key
Jun 13 03:41:41 template cloud-init[768]: Your public key has been saved in /etc/ssh/ssh_host_dsa_key.pub
Jun 13 03:41:41 template cloud-init[768]: The key fingerprint is:
Jun 13 03:41:41 template cloud-init[768]: SHA256:uqNDSb0GkBxmRBJgOqw/6oY//GQ8GbpLD3CqNKqILgA root@template
Jun 13 03:41:41 template cloud-init[768]: The key's randomart image is:
Jun 13 03:41:41 template cloud-init[768]: +---[DSA 1024]----+
Jun 13 03:41:41 template cloud-init[768]: |=**o             |
Jun 13 03:41:41 template cloud-init[768]: |+++              |
Jun 13 03:41:41 template cloud-init[768]: |o. . .           |
Jun 13 03:41:41 template cloud-init[768]: |E.  o .          |
Jun 13 03:41:41 template cloud-init[768]: |+ ...o .S        |
Jun 13 03:41:41 template cloud-init[768]: |.= oooo.         |
Jun 13 03:41:41 template cloud-init[768]: |++*.*..          |
Jun 13 03:41:41 template cloud-init[768]: |O++B....         |
Jun 13 03:41:41 template cloud-init[768]: |&++++o..         |
Jun 13 03:41:41 template cloud-init[768]: +----[SHA256]-----+
Jun 13 03:41:41 template cloud-init[768]: Generating public/private ecdsa key pair.
Jun 13 03:41:41 template cloud-init[768]: Your identification has been saved in /etc/ssh/ssh_host_ecdsa_key
Jun 13 03:41:41 template cloud-init[768]: Your public key has been saved in /etc/ssh/ssh_host_ecdsa_key.pub
Jun 13 03:41:41 template cloud-init[768]: The key fingerprint is:
Jun 13 03:41:41 template cloud-init[768]: SHA256:wTGr91PIZfphd2ZnJxNRja7gWAf2vhRhcVxyKb+77Eo root@template
Jun 13 03:41:41 template cloud-init[768]: The key's randomart image is:
Jun 13 03:41:41 template cloud-init[768]: +---[ECDSA 256]---+
Jun 13 03:41:41 template cloud-init[768]: |        o   .o++*|
Jun 13 03:41:41 template cloud-init[768]: |       . +o ooo=.|
Jun 13 03:41:41 template cloud-init[768]: |        +. +oo+  |
Jun 13 03:41:41 template cloud-init[768]: |       . oo=+ .o |
Jun 13 03:41:41 template cloud-init[768]: |      . S++++o+ O|
Jun 13 03:41:41 template cloud-init[768]: |       ....++o Oo|
Jun 13 03:41:41 template cloud-init[768]: |          o..E  .|
Jun 13 03:41:41 template cloud-init[768]: |           .o .. |
Jun 13 03:41:41 template cloud-init[768]: |             .o+.|
Jun 13 03:41:41 template cloud-init[768]: +----[SHA256]-----+
Jun 13 03:41:41 template cloud-init[768]: Generating public/private ed25519 key pair.
Jun 13 03:41:41 template cloud-init[768]: Your identification has been saved in /etc/ssh/ssh_host_ed25519_key
Jun 13 03:41:41 template cloud-init[768]: Your public key has been saved in /etc/ssh/ssh_host_ed25519_key.pub
Jun 13 03:41:41 template cloud-init[768]: The key fingerprint is:
Jun 13 03:41:41 template cloud-init[768]: SHA256:FbdJ14QzyMXxNg0NNnysvLNzaaA9BvQdqXElBa6xoOs root@template
Jun 13 03:41:41 template cloud-init[768]: The key's randomart image is:
Jun 13 03:41:41 template cloud-init[768]: +--[ED25519 256]--+
Jun 13 03:41:41 template cloud-init[768]: |          ..o=X@o|
Jun 13 03:41:41 template cloud-init[768]: |           +o*B+B|
Jun 13 03:41:41 template cloud-init[768]: |          o +..B*|
Jun 13 03:41:41 template cloud-init[768]: |         o o =o=.|
Jun 13 03:41:41 template cloud-init[768]: |        S . + =..|
Jun 13 03:41:41 template cloud-init[768]: |         . . +o. |
Jun 13 03:41:41 template cloud-init[768]: |        .   + .o.|
Jun 13 03:41:41 template cloud-init[768]: |       .   . +oo.|
Jun 13 03:41:41 template cloud-init[768]: |        E   . oo |
Jun 13 03:41:41 template cloud-init[768]: +----[SHA256]-----+
Jun 13 03:41:41 template systemd[1]: Finished Initial cloud-init job (metadata service crawler).
Jun 13 03:41:41 template systemd[1]: Reached target Cloud-config availability.
Jun 13 03:41:41 template systemd[1]: Reached target Network is Online.
Jun 13 03:41:41 template systemd[1]: Reached target System Initialization.
Jun 13 03:41:41 template systemd[1]: Condition check resulted in Process error reports when automatic reporting is enabled (file watch) being skipped.
Jun 13 03:41:41 template systemd[1]: Started Trigger to poll for Ubuntu Pro licenses (Only enabled on GCP LTS non-pro).
Jun 13 03:41:41 template systemd[1]: Condition check resulted in Process error reports when automatic reporting is enabled (timer based) being skipped.
Jun 13 03:41:41 template systemd[1]: Started Daily apt download activities.
Jun 13 03:41:41 template systemd[1]: Started Daily apt upgrade and clean activities.
Jun 13 03:41:41 template systemd[1]: Started Daily dpkg database backup timer.
Jun 13 03:41:41 template systemd[1]: Started Periodic ext4 Online Metadata Check for All Filesystems.
Jun 13 03:41:41 template systemd[1]: Started Discard unused blocks once a week.
Jun 13 03:41:41 template systemd[1]: Started Refresh fwupd metadata regularly.
Jun 13 03:41:41 template systemd[1]: Started Daily rotation of log files.
Jun 13 03:41:41 template systemd[1]: Started Daily man-db regeneration.
Jun 13 03:41:41 template systemd[1]: Started Message of the Day.
Jun 13 03:41:41 template systemd[1]: Condition check resulted in Timer to automatically fetch and run repair assertions being skipped.
Jun 13 03:41:41 template systemd[1]: Started Daily Cleanup of Temporary Directories.
Jun 13 03:41:41 template systemd[1]: Started Ubuntu Advantage Timer for running repeated jobs.
Jun 13 03:41:41 template systemd[1]: Started Download data for packages that failed at package install time.
Jun 13 03:41:41 template systemd[1]: Started Check to see whether there is a new version of Ubuntu available.
Jun 13 03:41:41 template systemd[1]: Reached target Path Units.
Jun 13 03:41:41 template systemd[1]: Reached target Timer Units.
Jun 13 03:41:41 template systemd[1]: Condition check resulted in Unix socket for apport crash forwarding being skipped.
Jun 13 03:41:41 template systemd[1]: Listening on cloud-init hotplug hook socket.
Jun 13 03:41:41 template systemd[1]: Listening on D-Bus System Message Bus Socket.
Jun 13 03:41:41 template systemd[1]: Listening on Open-iSCSI iscsid Socket.
Jun 13 03:41:41 template systemd[1]: Starting Socket activation for snappy daemon...
Jun 13 03:41:41 template systemd[1]: Listening on UUID daemon activation socket.
Jun 13 03:41:41 template systemd[1]: Condition check resulted in Login to default iSCSI targets being skipped.
Jun 13 03:41:41 template systemd[1]: Reached target Preparation for Remote File Systems.
Jun 13 03:41:41 template systemd[1]: Reached target Remote File Systems.
Jun 13 03:41:41 template systemd[1]: Finished Availability of block devices.
Jun 13 03:41:41 template systemd[1]: Listening on Socket activation for snappy daemon.
Jun 13 03:41:41 template systemd[1]: Reached target Socket Units.
Jun 13 03:41:41 template systemd[1]: Reached target Basic System.
Jun 13 03:41:41 template systemd[1]: Starting LSB: automatic crash report generation...
Jun 13 03:41:41 template systemd[1]: Started Regular background program processing daemon.
Jun 13 03:41:41 template systemd[1]: Started D-Bus System Message Bus.
Jun 13 03:41:41 template systemd[1]: Started Save initial kernel messages after boot.
Jun 13 03:41:41 template systemd[1]: Starting Remove Stale Online ext4 Metadata Check Snapshots...
Jun 13 03:41:41 template systemd[1]: Condition check resulted in getty on tty2-tty6 if dbus and logind are not available being skipped.
Jun 13 03:41:41 template cron[785]: (CRON) INFO (pidfile fd = 3)
Jun 13 03:41:41 template cron[785]: (CRON) INFO (Running @reboot jobs)
Jun 13 03:41:41 template systemd[1]: Starting Record successful boot for GRUB...
Jun 13 03:41:41 template systemd[1]: Started irqbalance daemon.
Jun 13 03:41:41 template dbus-daemon[788]: dbus[788]: Unknown group "power" in message bus configuration file
Jun 13 03:41:41 template systemd[1]: Starting Dispatcher daemon for systemd-networkd...
Jun 13 03:41:41 template dbus-daemon[788]: [system] AppArmor D-Bus mediation is enabled
Jun 13 03:41:41 template systemd[1]: Starting Authorization Manager...
Jun 13 03:41:41 template systemd[1]: Starting Pollinate to seed the pseudo random number generator...
Jun 13 03:41:41 template /usr/sbin/irqbalance: Balancing is ineffective on systems with a single cpu.  Shutting down
Jun 13 03:41:41 template polkitd[795]: started daemon version 0.105 using authority implementation `local' version `0.105'
Jun 13 03:41:41 template systemd[1]: Starting System Logging Service...
Jun 13 03:41:41 template systemd[1]: Condition check resulted in Secure Boot updates for DB and DBX being skipped.
Jun 13 03:41:41 template systemd[1]: Condition check resulted in Automatically repair incorrect owner/permissions on core devices being skipped.
Jun 13 03:41:41 template systemd[1]: Condition check resulted in Wait for the Ubuntu Core chooser trigger being skipped.
Jun 13 03:41:41 template systemd[1]: Starting Snap Daemon...
Jun 13 03:41:41 template systemd[1]: Starting User Login Management...
Jun 13 03:41:41 template systemd[1]: Starting Permit User Sessions...
Jun 13 03:41:41 template systemd[1]: Condition check resulted in Thermal Daemon Service being skipped.
Jun 13 03:41:41 template systemd[1]: Condition check resulted in Ubuntu Advantage reboot cmds being skipped.
Jun 13 03:41:41 template systemd[1]: Starting Disk Manager...
Jun 13 03:41:41 template systemd[1]: e2scrub_reap.service: Deactivated successfully.
Jun 13 03:41:41 template systemd[1]: Finished Remove Stale Online ext4 Metadata Check Snapshots.
Jun 13 03:41:41 template udisksd[809]: udisks daemon version 2.9.4 starting
Jun 13 03:41:41 template systemd[1]: irqbalance.service: Deactivated successfully.
Jun 13 03:41:41 template systemd[1]: Finished Permit User Sessions.
Jun 13 03:41:41 template udisksd[809]: failed to load module mdraid: libbd_mdraid.so.2: cannot open shared object file: No such file or directory
Jun 13 03:41:41 template kernel: [    0.000000] Linux version 5.15.0-37-generic (buildd@lcy02-amd64-031) (gcc (Ubuntu 11.2.0-19ubuntu1) 11.2.0, GNU ld (GNU Binutils for Ubuntu) 2.38) #39-Ubuntu SMP Wed Jun 1 19:16:45 UTC 2022 (Ubuntu 5.15.0-37.39-generic 5.15.35)
Jun 13 03:41:41 template kernel: [    0.000000] Command line: BOOT_IMAGE=/vmlinuz-5.15.0-37-generic root=/dev/mapper/ubuntu--vg-ubuntu--lv ro
Jun 13 03:41:41 template kernel: [    0.000000] KERNEL supported cpus:
Jun 13 03:41:41 template kernel: [    0.000000]   Intel GenuineIntel
Jun 13 03:41:41 template kernel: [    0.000000]   AMD AuthenticAMD
Jun 13 03:41:41 template kernel: [    0.000000]   Hygon HygonGenuine
Jun 13 03:41:41 template kernel: [    0.000000]   Centaur CentaurHauls
Jun 13 03:41:41 template kernel: [    0.000000]   zhaoxin   Shanghai  
Jun 13 03:41:41 template kernel: [    0.000000] x86/fpu: Supporting XSAVE feature 0x001: 'x87 floating point registers'
Jun 13 03:41:41 template kernel: [    0.000000] x86/fpu: Supporting XSAVE feature 0x002: 'SSE registers'
Jun 13 03:41:41 template kernel: [    0.000000] x86/fpu: Supporting XSAVE feature 0x004: 'AVX registers'
Jun 13 03:41:41 template kernel: [    0.000000] x86/fpu: xstate_offset[2]:  576, xstate_sizes[2]:  256
Jun 13 03:41:41 template kernel: [    0.000000] x86/fpu: Enabled xstate features 0x7, context size is 832 bytes, using 'standard' format.
Jun 13 03:41:41 template kernel: [    0.000000] signal: max sigframe size: 1776
Jun 13 03:41:41 template kernel: [    0.000000] BIOS-provided physical RAM map:
Jun 13 03:41:41 template kernel: [    0.000000] BIOS-e820: [mem 0x0000000000000000-0x000000000009fbff] usable
Jun 13 03:41:41 template kernel: [    0.000000] BIOS-e820: [mem 0x000000000009fc00-0x000000000009ffff] reserved
Jun 13 03:41:41 template kernel: [    0.000000] BIOS-e820: [mem 0x00000000000f0000-0x00000000000fffff] reserved
Jun 13 03:41:41 template kernel: [    0.000000] BIOS-e820: [mem 0x0000000000100000-0x000000003ffeffff] usable
Jun 13 03:41:41 template kernel: [    0.000000] BIOS-e820: [mem 0x000000003fff0000-0x000000003fffffff] ACPI data
Jun 13 03:41:41 template kernel: [    0.000000] BIOS-e820: [mem 0x00000000fec00000-0x00000000fec00fff] reserved
Jun 13 03:41:41 template kernel: [    0.000000] BIOS-e820: [mem 0x00000000fee00000-0x00000000fee00fff] reserved
Jun 13 03:41:41 template kernel: [    0.000000] BIOS-e820: [mem 0x00000000fffc0000-0x00000000ffffffff] reserved
Jun 13 03:41:41 template kernel: [    0.000000] NX (Execute Disable) protection: active
Jun 13 03:41:41 template kernel: [    0.000000] SMBIOS 2.5 present.
Jun 13 03:41:41 template kernel: [    0.000000] DMI: innotek GmbH VirtualBox/VirtualBox, BIOS VirtualBox 12/01/2006
Jun 13 03:41:41 template kernel: [    0.000000] Hypervisor detected: KVM
Jun 13 03:41:41 template kernel: [    0.000000] kvm-clock: Using msrs 4b564d01 and 4b564d00
Jun 13 03:41:41 template kernel: [    0.000000] kvm-clock: cpu 0, msr aa01001, primary cpu clock
Jun 13 03:41:41 template kernel: [    0.000001] kvm-clock: using sched offset of 4254405351 cycles
Jun 13 03:41:41 template kernel: [    0.000003] clocksource: kvm-clock: mask: 0xffffffffffffffff max_cycles: 0x1cd42e4dffb, max_idle_ns: 881590591483 ns
Jun 13 03:41:41 template kernel: [    0.000005] tsc: Detected 2904.000 MHz processor
Jun 13 03:41:41 template kernel: [    0.000785] e820: update [mem 0x00000000-0x00000fff] usable ==> reserved
Jun 13 03:41:41 template kernel: [    0.000789] e820: remove [mem 0x000a0000-0x000fffff] usable
Jun 13 03:41:41 template kernel: [    0.000792] last_pfn = 0x3fff0 max_arch_pfn = 0x400000000
Jun 13 03:41:41 template kernel: [    0.000803] Disabled
Jun 13 03:41:41 template kernel: [    0.000803] x86/PAT: MTRRs disabled, skipping PAT initialization too.
Jun 13 03:41:41 template kernel: [    0.000805] CPU MTRRs all blank - virtualized system.
Jun 13 03:41:41 template kernel: [    0.000807] x86/PAT: Configuration [0-7]: WB  WT  UC- UC  WB  WT  UC- UC  
Jun 13 03:41:41 template kernel: [    0.000833] found SMP MP-table at [mem 0x0009fff0-0x0009ffff]
Jun 13 03:41:41 template kernel: [    0.000903] RAMDISK: [mem 0x2b621000-0x31b07fff]
Jun 13 03:41:41 template kernel: [    0.000907] ACPI: Early table checksum verification disabled
Jun 13 03:41:41 template kernel: [    0.000910] ACPI: RSDP 0x00000000000E0000 000024 (v02 VBOX  )
Jun 13 03:41:41 template kernel: [    0.000913] ACPI: XSDT 0x000000003FFF0030 00003C (v01 VBOX   VBOXXSDT 00000001 ASL  00000061)
Jun 13 03:41:41 template kernel: [    0.000918] ACPI: FACP 0x000000003FFF00F0 0000F4 (v04 VBOX   VBOXFACP 00000001 ASL  00000061)
Jun 13 03:41:41 template kernel: [    0.000921] ACPI: DSDT 0x000000003FFF0470 002325 (v02 VBOX   VBOXBIOS 00000002 INTL 20100528)
Jun 13 03:41:41 template kernel: [    0.000923] ACPI: FACS 0x000000003FFF0200 000040
Jun 13 03:41:41 template kernel: [    0.000925] ACPI: FACS 0x000000003FFF0200 000040
Jun 13 03:41:41 template kernel: [    0.000927] ACPI: APIC 0x000000003FFF0240 000054 (v02 VBOX   VBOXAPIC 00000001 ASL  00000061)
Jun 13 03:41:41 template kernel: [    0.000929] ACPI: SSDT 0x000000003FFF02A0 0001CC (v01 VBOX   VBOXCPUT 00000002 INTL 20100528)
Jun 13 03:41:41 template kernel: [    0.000931] ACPI: Reserving FACP table memory at [mem 0x3fff00f0-0x3fff01e3]
Jun 13 03:41:41 template kernel: [    0.000932] ACPI: Reserving DSDT table memory at [mem 0x3fff0470-0x3fff2794]
Jun 13 03:41:41 template kernel: [    0.000933] ACPI: Reserving FACS table memory at [mem 0x3fff0200-0x3fff023f]
Jun 13 03:41:41 template kernel: [    0.000933] ACPI: Reserving FACS table memory at [mem 0x3fff0200-0x3fff023f]
Jun 13 03:41:41 template kernel: [    0.000934] ACPI: Reserving APIC table memory at [mem 0x3fff0240-0x3fff0293]
Jun 13 03:41:41 template kernel: [    0.000935] ACPI: Reserving SSDT table memory at [mem 0x3fff02a0-0x3fff046b]
Jun 13 03:41:41 template kernel: [    0.001227] No NUMA configuration found
Jun 13 03:41:41 template kernel: [    0.001229] Faking a node at [mem 0x0000000000000000-0x000000003ffeffff]
Jun 13 03:41:41 template kernel: [    0.001236] NODE_DATA(0) allocated [mem 0x3ffc6000-0x3ffeffff]
Jun 13 03:41:41 template kernel: [    0.001439] Zone ranges:
Jun 13 03:41:41 template kernel: [    0.001439]   DMA      [mem 0x0000000000001000-0x0000000000ffffff]
Jun 13 03:41:41 template kernel: [    0.001441]   DMA32    [mem 0x0000000001000000-0x000000003ffeffff]
Jun 13 03:41:41 template kernel: [    0.001442]   Normal   empty
Jun 13 03:41:41 template kernel: [    0.001443]   Device   empty
Jun 13 03:41:41 template kernel: [    0.001444] Movable zone start for each node
Jun 13 03:41:41 template kernel: [    0.001446] Early memory node ranges
Jun 13 03:41:41 template kernel: [    0.001446]   node   0: [mem 0x0000000000001000-0x000000000009efff]
Jun 13 03:41:41 template kernel: [    0.001448]   node   0: [mem 0x0000000000100000-0x000000003ffeffff]
Jun 13 03:41:41 template kernel: [    0.001449] Initmem setup node 0 [mem 0x0000000000001000-0x000000003ffeffff]
Jun 13 03:41:41 template kernel: [    0.001452] On node 0, zone DMA: 1 pages in unavailable ranges
Jun 13 03:41:41 template kernel: [    0.001472] On node 0, zone DMA: 97 pages in unavailable ranges
Jun 13 03:41:41 template kernel: [    0.002721] On node 0, zone DMA32: 16 pages in unavailable ranges
Jun 13 03:41:41 template kernel: [    0.002989] ACPI: PM-Timer IO Port: 0x4008
Jun 13 03:41:41 template kernel: [    0.003024] IOAPIC[0]: apic_id 1, version 32, address 0xfec00000, GSI 0-23
Jun 13 03:41:41 template kernel: [    0.003026] ACPI: INT_SRC_OVR (bus 0 bus_irq 0 global_irq 2 dfl dfl)
Jun 13 03:41:41 template kernel: [    0.003028] ACPI: INT_SRC_OVR (bus 0 bus_irq 9 global_irq 9 low level)
Jun 13 03:41:41 template kernel: [    0.003030] ACPI: Using ACPI (MADT) for SMP configuration information
Jun 13 03:41:41 template kernel: [    0.003034] smpboot: Allowing 1 CPUs, 0 hotplug CPUs
Jun 13 03:41:41 template kernel: [    0.003048] PM: hibernation: Registered nosave memory: [mem 0x00000000-0x00000fff]
Jun 13 03:41:41 template kernel: [    0.003049] PM: hibernation: Registered nosave memory: [mem 0x0009f000-0x0009ffff]
Jun 13 03:41:41 template kernel: [    0.003050] PM: hibernation: Registered nosave memory: [mem 0x000a0000-0x000effff]
Jun 13 03:41:41 template kernel: [    0.003051] PM: hibernation: Registered nosave memory: [mem 0x000f0000-0x000fffff]
Jun 13 03:41:41 template kernel: [    0.003053] [mem 0x40000000-0xfebfffff] available for PCI devices
Jun 13 03:41:41 template kernel: [    0.003053] Booting paravirtualized kernel on KVM
Jun 13 03:41:41 template kernel: [    0.003055] clocksource: refined-jiffies: mask: 0xffffffff max_cycles: 0xffffffff, max_idle_ns: 7645519600211568 ns
Jun 13 03:41:41 template kernel: [    0.003065] setup_percpu: NR_CPUS:8192 nr_cpumask_bits:1 nr_cpu_ids:1 nr_node_ids:1
Jun 13 03:41:41 template kernel: [    0.003145] percpu: Embedded 60 pages/cpu s208896 r8192 d28672 u2097152
Jun 13 03:41:41 template kernel: [    0.003148] pcpu-alloc: s208896 r8192 d28672 u2097152 alloc=1*2097152
Jun 13 03:41:41 template kernel: [    0.003150] pcpu-alloc: [0] 0 
Jun 13 03:41:41 template kernel: [    0.003164] kvm-guest: PV spinlocks disabled, single CPU
Jun 13 03:41:41 template kernel: [    0.003167] Built 1 zonelists, mobility grouping on.  Total pages: 257776
Jun 13 03:41:41 template kernel: [    0.003169] Policy zone: DMA32
Jun 13 03:41:41 template kernel: [    0.003170] Kernel command line: BOOT_IMAGE=/vmlinuz-5.15.0-37-generic root=/dev/mapper/ubuntu--vg-ubuntu--lv ro
Jun 13 03:41:41 template kernel: [    0.003192] Unknown kernel command line parameters "BOOT_IMAGE=/vmlinuz-5.15.0-37-generic", will be passed to user space.
Jun 13 03:41:41 template kernel: [    0.003228] Dentry cache hash table entries: 131072 (order: 8, 1048576 bytes, linear)
Jun 13 03:41:41 template kernel: [    0.003246] Inode-cache hash table entries: 65536 (order: 7, 524288 bytes, linear)
Jun 13 03:41:41 template kernel: [    0.003265] mem auto-init: stack:off, heap alloc:on, heap free:off
Jun 13 03:41:41 template kernel: [    0.004877] Memory: 882448K/1048120K available (16393K kernel code, 4382K rwdata, 10796K rodata, 2900K init, 4852K bss, 165412K reserved, 0K cma-reserved)
Jun 13 03:41:41 template kernel: [    0.004882] random: get_random_u64 called from kmem_cache_open+0x2b/0x320 with crng_init=0
Jun 13 03:41:41 template kernel: [    0.004951] SLUB: HWalign=64, Order=0-3, MinObjects=0, CPUs=1, Nodes=1
Jun 13 03:41:41 template kernel: [    0.004958] ftrace: allocating 50438 entries in 198 pages
Jun 13 03:41:41 template kernel: [    0.016212] ftrace: allocated 198 pages with 4 groups
Jun 13 03:41:41 template kernel: [    0.016275] rcu: Hierarchical RCU implementation.
Jun 13 03:41:41 template kernel: [    0.016276] rcu: 	RCU restricting CPUs from NR_CPUS=8192 to nr_cpu_ids=1.
Jun 13 03:41:41 template kernel: [    0.016277] 	Rude variant of Tasks RCU enabled.
Jun 13 03:41:41 template kernel: [    0.016278] 	Tracing variant of Tasks RCU enabled.
Jun 13 03:41:41 template kernel: [    0.016279] rcu: RCU calculated value of scheduler-enlistment delay is 25 jiffies.
Jun 13 03:41:41 template kernel: [    0.016279] rcu: Adjusting geometry for rcu_fanout_leaf=16, nr_cpu_ids=1
Jun 13 03:41:41 template kernel: [    0.018805] NR_IRQS: 524544, nr_irqs: 256, preallocated irqs: 16
Jun 13 03:41:41 template kernel: [    0.018978] random: crng done (trusting CPU's manufacturer)
Jun 13 03:41:41 template kernel: [    0.024931] Console: colour VGA+ 80x25
Jun 13 03:41:41 template kernel: [    0.044773] printk: console [tty0] enabled
Jun 13 03:41:41 template kernel: [    0.044930] ACPI: Core revision 20210730
Jun 13 03:41:41 template kernel: [    0.045148] APIC: Switch to symmetric I/O mode setup
Jun 13 03:41:41 template kernel: [    0.045468] x2apic enabled
Jun 13 03:41:41 template kernel: [    0.045734] Switched APIC routing to physical x2apic.
Jun 13 03:41:41 template kernel: [    0.046656] ..TIMER: vector=0x30 apic1=0 pin1=2 apic2=-1 pin2=-1
Jun 13 03:41:41 template kernel: [    0.046847] clocksource: tsc-early: mask: 0xffffffffffffffff max_cycles: 0x29dc05e54fc, max_idle_ns: 440795291716 ns
Jun 13 03:41:41 template kernel: [    0.047137] Calibrating delay loop (skipped) preset value.. 5808.00 BogoMIPS (lpj=11616000)
Jun 13 03:41:41 template kernel: [    0.047384] pid_max: default: 32768 minimum: 301
Jun 13 03:41:41 template kernel: [    0.047546] LSM: Security Framework initializing
Jun 13 03:41:41 template kernel: [    0.047702] landlock: Up and running.
Jun 13 03:41:41 template kernel: [    0.047832] Yama: becoming mindful.
Jun 13 03:41:41 template kernel: [    0.047976] AppArmor: AppArmor initialized
Jun 13 03:41:41 template kernel: [    0.048137] Mount-cache hash table entries: 2048 (order: 2, 16384 bytes, linear)
Jun 13 03:41:41 template kernel: [    0.048376] Mountpoint-cache hash table entries: 2048 (order: 2, 16384 bytes, linear)
Jun 13 03:41:41 template kernel: [    0.048842] process: using mwait in idle threads
Jun 13 03:41:41 template kernel: [    0.048997] Last level iTLB entries: 4KB 64, 2MB 8, 4MB 8
Jun 13 03:41:41 template kernel: [    0.049161] Last level dTLB entries: 4KB 64, 2MB 0, 4MB 0, 1GB 4
Jun 13 03:41:41 template kernel: [    0.049337] Spectre V1 : Mitigation: usercopy/swapgs barriers and __user pointer sanitization
Jun 13 03:41:41 template kernel: [    0.049585] Spectre V2 : Mitigation: Retpolines
Jun 13 03:41:41 template kernel: [    0.049730] Spectre V2 : Spectre v2 / SpectreRSB mitigation: Filling RSB on context switch
Jun 13 03:41:41 template kernel: [    0.049975] Speculative Store Bypass: Vulnerable
Jun 13 03:41:41 template kernel: [    0.057576] Freeing SMP alternatives memory: 40K
Jun 13 03:41:41 template kernel: [    0.165798] smpboot: CPU0: Intel(R) Core(TM) i7-10700 CPU @ 2.90GHz (family: 0x6, model: 0xa5, stepping: 0x5)
Jun 13 03:41:41 template kernel: [    0.166189] Performance Events: unsupported p6 CPU model 165 no PMU driver, software events only.
Jun 13 03:41:41 template kernel: [    0.166472] rcu: Hierarchical SRCU implementation.
Jun 13 03:41:41 template kernel: [    0.166933] NMI watchdog: Perf NMI watchdog permanently disabled
Jun 13 03:41:41 template kernel: [    0.167130] smp: Bringing up secondary CPUs ...
Jun 13 03:41:41 template kernel: [    0.167134] smp: Brought up 1 node, 1 CPU
Jun 13 03:41:41 template kernel: [    0.167134] smpboot: Max logical packages: 1
Jun 13 03:41:41 template kernel: [    0.167134] smpboot: Total of 1 processors activated (5808.00 BogoMIPS)
Jun 13 03:41:41 template kernel: [    0.167134] devtmpfs: initialized
Jun 13 03:41:41 template kernel: [    0.167134] x86/mm: Memory block size: 128MB
Jun 13 03:41:41 template kernel: [    0.167134] clocksource: jiffies: mask: 0xffffffff max_cycles: 0xffffffff, max_idle_ns: 7645041785100000 ns
Jun 13 03:41:41 template kernel: [    0.167134] futex hash table entries: 256 (order: 2, 16384 bytes, linear)
Jun 13 03:41:41 template kernel: [    0.167134] pinctrl core: initialized pinctrl subsystem
Jun 13 03:41:41 template kernel: [    0.167134] PM: RTC time: 03:41:34, date: 2022-06-13
Jun 13 03:41:41 template kernel: [    0.167134] NET: Registered PF_NETLINK/PF_ROUTE protocol family
Jun 13 03:41:41 template kernel: [    0.167134] DMA: preallocated 128 KiB GFP_KERNEL pool for atomic allocations
Jun 13 03:41:41 template kernel: [    0.167134] DMA: preallocated 128 KiB GFP_KERNEL|GFP_DMA pool for atomic allocations
Jun 13 03:41:41 template kernel: [    0.167134] DMA: preallocated 128 KiB GFP_KERNEL|GFP_DMA32 pool for atomic allocations
Jun 13 03:41:41 template kernel: [    0.167134] audit: initializing netlink subsys (disabled)
Jun 13 03:41:41 template kernel: [    0.167134] thermal_sys: Registered thermal governor 'fair_share'
Jun 13 03:41:41 template kernel: [    0.167134] thermal_sys: Registered thermal governor 'bang_bang'
Jun 13 03:41:41 template kernel: [    0.167134] thermal_sys: Registered thermal governor 'step_wise'
Jun 13 03:41:41 template kernel: [    0.167134] thermal_sys: Registered thermal governor 'user_space'
Jun 13 03:41:41 template kernel: [    0.167134] thermal_sys: Registered thermal governor 'power_allocator'
Jun 13 03:41:41 template kernel: [    0.167134] EISA bus registered
Jun 13 03:41:41 template kernel: [    0.167134] cpuidle: using governor ladder
Jun 13 03:41:41 template kernel: [    0.167134] cpuidle: using governor menu
Jun 13 03:41:41 template kernel: [    0.167134] ACPI: bus type PCI registered
Jun 13 03:41:41 template kernel: [    0.167134] acpiphp: ACPI Hot Plug PCI Controller Driver version: 0.5
Jun 13 03:41:41 template kernel: [    0.167157] PCI: Using configuration type 1 for base access
Jun 13 03:41:41 template kernel: [    0.168141] Kprobes globally optimized
Jun 13 03:41:41 template kernel: [    0.168290] audit: type=2000 audit(1655091707.406:1): state=initialized audit_enabled=0 res=1
Jun 13 03:41:41 template kernel: [    0.171160] HugeTLB registered 2.00 MiB page size, pre-allocated 0 pages
Jun 13 03:41:41 template kernel: [    0.171830] ACPI: Added _OSI(Module Device)
Jun 13 03:41:41 template kernel: [    0.171973] ACPI: Added _OSI(Processor Device)
Jun 13 03:41:41 template kernel: [    0.172118] ACPI: Added _OSI(3.0 _SCP Extensions)
Jun 13 03:41:41 template kernel: [    0.172267] ACPI: Added _OSI(Processor Aggregator Device)
Jun 13 03:41:41 template kernel: [    0.172780] ACPI: Added _OSI(Linux-Dell-Video)
Jun 13 03:41:41 template kernel: [    0.172925] ACPI: Added _OSI(Linux-Lenovo-NV-HDMI-Audio)
Jun 13 03:41:41 template kernel: [    0.173086] ACPI: Added _OSI(Linux-HPI-Hybrid-Graphics)
Jun 13 03:41:41 template kernel: [    0.174722] ACPI: 2 ACPI AML tables successfully acquired and loaded
Jun 13 03:41:41 template kernel: [    0.176002] ACPI: Interpreter enabled
Jun 13 03:41:41 template kernel: [    0.176144] ACPI: PM: (supports S0 S5)
Jun 13 03:41:41 template kernel: [    0.176278] ACPI: Using IOAPIC for interrupt routing
Jun 13 03:41:41 template kernel: [    0.176586] PCI: Using host bridge windows from ACPI; if necessary, use "pci=nocrs" and report a bug
Jun 13 03:41:41 template kernel: [    0.176928] ACPI: Enabled 2 GPEs in block 00 to 07
Jun 13 03:41:41 template kernel: [    0.180627] ACPI: PCI Root Bridge [PCI0] (domain 0000 [bus 00-ff])
Jun 13 03:41:41 template kernel: [    0.180810] acpi PNP0A03:00: _OSC: OS supports [ASPM ClockPM Segments MSI HPX-Type3]
Jun 13 03:41:41 template kernel: [    0.181376] acpi PNP0A03:00: _OSC: not requesting OS control; OS requires [ExtendedConfig ASPM ClockPM MSI]
Jun 13 03:41:41 template kernel: [    0.181654] acpi PNP0A03:00: fail to add MMCONFIG information, can't access extended PCI configuration space under this bridge.
Jun 13 03:41:41 template kernel: [    0.182237] PCI host bridge to bus 0000:00
Jun 13 03:41:41 template kernel: [    0.182379] pci_bus 0000:00: root bus resource [bus 00-ff]
Jun 13 03:41:41 template kernel: [    0.182545] pci_bus 0000:00: root bus resource [io  0x0000-0x0cf7 window]
Jun 13 03:41:41 template kernel: [    0.182736] pci_bus 0000:00: root bus resource [io  0x0d00-0xffff window]
Jun 13 03:41:41 template kernel: [    0.182928] pci_bus 0000:00: root bus resource [mem 0x000a0000-0x000bffff window]
Jun 13 03:41:41 template kernel: [    0.183134] pci_bus 0000:00: root bus resource [mem 0x40000000-0xfdffffff window]
Jun 13 03:41:41 template kernel: [    0.183417] pci 0000:00:00.0: [8086:1237] type 00 class 0x060000
Jun 13 03:41:41 template kernel: [    0.184267] pci 0000:00:01.0: [8086:7000] type 00 class 0x060100
Jun 13 03:41:41 template kernel: [    0.184940] pci 0000:00:01.1: [8086:7111] type 00 class 0x01018a
Jun 13 03:41:41 template kernel: [    0.185348] pci 0000:00:01.1: reg 0x20: [io  0xd000-0xd00f]
Jun 13 03:41:41 template kernel: [    0.185617] pci 0000:00:01.1: legacy IDE quirk: reg 0x10: [io  0x01f0-0x01f7]
Jun 13 03:41:41 template kernel: [    0.185814] pci 0000:00:01.1: legacy IDE quirk: reg 0x14: [io  0x03f6]
Jun 13 03:41:41 template kernel: [    0.185999] pci 0000:00:01.1: legacy IDE quirk: reg 0x18: [io  0x0170-0x0177]
Jun 13 03:41:41 template kernel: [    0.186194] pci 0000:00:01.1: legacy IDE quirk: reg 0x1c: [io  0x0376]
Jun 13 03:41:41 template kernel: [    0.186917] pci 0000:00:02.0: [15ad:0405] type 00 class 0x030000
Jun 13 03:41:41 template kernel: [    0.187296] pci 0000:00:02.0: reg 0x10: [io  0xd010-0xd01f]
Jun 13 03:41:41 template kernel: [    0.187898] pci 0000:00:02.0: reg 0x14: [mem 0xe0000000-0xe0ffffff pref]
Jun 13 03:41:41 template kernel: [    0.188395] pci 0000:00:02.0: reg 0x18: [mem 0xf0000000-0xf01fffff]
Jun 13 03:41:41 template kernel: [    0.189737] pci 0000:00:02.0: Video device with shadowed ROM at [mem 0x000c0000-0x000dffff]
Jun 13 03:41:41 template kernel: [    0.190427] pci 0000:00:03.0: [8086:100e] type 00 class 0x020000
Jun 13 03:41:41 template kernel: [    0.190820] pci 0000:00:03.0: reg 0x10: [mem 0xf0200000-0xf021ffff]
Jun 13 03:41:41 template kernel: [    0.191485] pci 0000:00:03.0: reg 0x18: [io  0xd020-0xd027]
Jun 13 03:41:41 template kernel: [    0.192997] pci 0000:00:04.0: [80ee:cafe] type 00 class 0x088000
Jun 13 03:41:41 template kernel: [    0.193396] pci 0000:00:04.0: reg 0x10: [io  0xd040-0xd05f]
Jun 13 03:41:41 template kernel: [    0.193747] pci 0000:00:04.0: reg 0x14: [mem 0xf0400000-0xf07fffff]
Jun 13 03:41:41 template kernel: [    0.194109] pci 0000:00:04.0: reg 0x18: [mem 0xf0800000-0xf0803fff pref]
Jun 13 03:41:41 template kernel: [    0.196290] pci 0000:00:05.0: [8086:2415] type 00 class 0x040100
Jun 13 03:41:41 template kernel: [    0.196548] pci 0000:00:05.0: reg 0x10: [io  0xd100-0xd1ff]
Jun 13 03:41:41 template kernel: [    0.196761] pci 0000:00:05.0: reg 0x14: [io  0xd200-0xd23f]
Jun 13 03:41:41 template kernel: [    0.197600] pci 0000:00:06.0: [106b:003f] type 00 class 0x0c0310
Jun 13 03:41:41 template kernel: [    0.197993] pci 0000:00:06.0: reg 0x10: [mem 0xf0804000-0xf0804fff]
Jun 13 03:41:41 template kernel: [    0.199727] pci 0000:00:07.0: [8086:7113] type 00 class 0x068000
Jun 13 03:41:41 template kernel: [    0.200161] pci 0000:00:07.0: quirk: [io  0x4000-0x403f] claimed by PIIX4 ACPI
Jun 13 03:41:41 template kernel: [    0.200395] pci 0000:00:07.0: quirk: [io  0x4100-0x410f] claimed by PIIX4 SMB
Jun 13 03:41:41 template kernel: [    0.202183] pci 0000:00:0d.0: [8086:2829] type 00 class 0x010601
Jun 13 03:41:41 template kernel: [    0.202575] pci 0000:00:0d.0: reg 0x10: [io  0xd240-0xd247]
Jun 13 03:41:41 template kernel: [    0.202925] pci 0000:00:0d.0: reg 0x14: [io  0xd248-0xd24b]
Jun 13 03:41:41 template kernel: [    0.203176] pci 0000:00:0d.0: reg 0x18: [io  0xd250-0xd257]
Jun 13 03:41:41 template kernel: [    0.203523] pci 0000:00:0d.0: reg 0x1c: [io  0xd258-0xd25b]
Jun 13 03:41:41 template kernel: [    0.203873] pci 0000:00:0d.0: reg 0x20: [io  0xd260-0xd26f]
Jun 13 03:41:41 template kernel: [    0.204224] pci 0000:00:0d.0: reg 0x24: [mem 0xf0806000-0xf0807fff]
Jun 13 03:41:41 template kernel: [    0.207939] ACPI: PCI: Interrupt link LNKA configured for IRQ 11
Jun 13 03:41:41 template kernel: [    0.208330] ACPI: PCI: Interrupt link LNKB configured for IRQ 10
Jun 13 03:41:41 template kernel: [    0.208586] ACPI: PCI: Interrupt link LNKC configured for IRQ 9
Jun 13 03:41:41 template kernel: [    0.208839] ACPI: PCI: Interrupt link LNKD configured for IRQ 11
Jun 13 03:41:41 template kernel: [    0.211255] iommu: Default domain type: Translated 
Jun 13 03:41:41 template kernel: [    0.211411] iommu: DMA domain TLB invalidation policy: lazy mode 
Jun 13 03:41:41 template kernel: [    0.211690] SCSI subsystem initialized
Jun 13 03:41:41 template kernel: [    0.211848] libata version 3.00 loaded.
Jun 13 03:41:41 template kernel: [    0.211878] pci 0000:00:02.0: vgaarb: setting as boot VGA device
Jun 13 03:41:41 template kernel: [    0.212055] pci 0000:00:02.0: vgaarb: VGA device added: decodes=io+mem,owns=io+mem,locks=none
Jun 13 03:41:41 template kernel: [    0.212305] pci 0000:00:02.0: vgaarb: bridge control possible
Jun 13 03:41:41 template kernel: [    0.212474] vgaarb: loaded
Jun 13 03:41:41 template kernel: [    0.212599] ACPI: bus type USB registered
Jun 13 03:41:41 template kernel: [    0.212747] usbcore: registered new interface driver usbfs
Jun 13 03:41:41 template kernel: [    0.212916] usbcore: registered new interface driver hub
Jun 13 03:41:41 template kernel: [    0.213090] usbcore: registered new device driver usb
Jun 13 03:41:41 template kernel: [    0.213261] pps_core: LinuxPPS API ver. 1 registered
Jun 13 03:41:41 template kernel: [    0.213417] pps_core: Software ver. 5.3.6 - Copyright 2005-2007 Rodolfo Giometti <giometti@linux.it>
Jun 13 03:41:41 template kernel: [    0.213678] PTP clock support registered
Jun 13 03:41:41 template kernel: [    0.213836] EDAC MC: Ver: 3.0.0
Jun 13 03:41:41 template kernel: [    0.214224] NetLabel: Initializing
Jun 13 03:41:41 template kernel: [    0.214352] NetLabel:  domain hash size = 128
Jun 13 03:41:41 template kernel: [    0.214496] NetLabel:  protocols = UNLABELED CIPSOv4 CALIPSO
Jun 13 03:41:41 template kernel: [    0.214675] NetLabel:  unlabeled traffic allowed by default
Jun 13 03:41:41 template kernel: [    0.214864] PCI: Using ACPI for IRQ routing
Jun 13 03:41:41 template kernel: [    0.215016] PCI: pci_cache_line_size set to 64 bytes
Jun 13 03:41:41 template kernel: [    0.215216] e820: reserve RAM buffer [mem 0x0009fc00-0x0009ffff]
Jun 13 03:41:41 template kernel: [    0.215218] e820: reserve RAM buffer [mem 0x3fff0000-0x3fffffff]
Jun 13 03:41:41 template kernel: [    0.215955] clocksource: Switched to clocksource kvm-clock
Jun 13 03:41:41 template kernel: [    0.221057] VFS: Disk quotas dquot_6.6.0
Jun 13 03:41:41 template kernel: [    0.221206] VFS: Dquot-cache hash table entries: 512 (order 0, 4096 bytes)
Jun 13 03:41:41 template kernel: [    0.221463] AppArmor: AppArmor Filesystem Enabled
Jun 13 03:41:41 template kernel: [    0.221627] pnp: PnP ACPI init
Jun 13 03:41:41 template kernel: [    0.222366] pnp: PnP ACPI: found 2 devices
Jun 13 03:41:41 template kernel: [    0.227596] clocksource: acpi_pm: mask: 0xffffff max_cycles: 0xffffff, max_idle_ns: 2085701024 ns
Jun 13 03:41:41 template kernel: [    0.230842] NET: Registered PF_INET protocol family
Jun 13 03:41:41 template kernel: [    0.231021] IP idents hash table entries: 16384 (order: 5, 131072 bytes, linear)
Jun 13 03:41:41 template kernel: [    0.231639] tcp_listen_portaddr_hash hash table entries: 512 (order: 1, 8192 bytes, linear)
Jun 13 03:41:41 template kernel: [    0.231892] TCP established hash table entries: 8192 (order: 4, 65536 bytes, linear)
Jun 13 03:41:41 template kernel: [    0.232139] TCP bind hash table entries: 8192 (order: 5, 131072 bytes, linear)
Jun 13 03:41:41 template kernel: [    0.232391] TCP: Hash tables configured (established 8192 bind 8192)
Jun 13 03:41:41 template kernel: [    0.232617] MPTCP token hash table entries: 1024 (order: 2, 24576 bytes, linear)
Jun 13 03:41:41 template kernel: [    0.232853] UDP hash table entries: 512 (order: 2, 16384 bytes, linear)
Jun 13 03:41:41 template kernel: [    0.233043] UDP-Lite hash table entries: 512 (order: 2, 16384 bytes, linear)
Jun 13 03:41:41 template kernel: [    0.233258] NET: Registered PF_UNIX/PF_LOCAL protocol family
Jun 13 03:41:41 template kernel: [    0.233431] NET: Registered PF_XDP protocol family
Jun 13 03:41:41 template kernel: [    0.233587] pci_bus 0000:00: resource 4 [io  0x0000-0x0cf7 window]
Jun 13 03:41:41 template kernel: [    0.233766] pci_bus 0000:00: resource 5 [io  0x0d00-0xffff window]
Jun 13 03:41:41 template kernel: [    0.233944] pci_bus 0000:00: resource 6 [mem 0x000a0000-0x000bffff window]
Jun 13 03:41:41 template kernel: [    0.234134] pci_bus 0000:00: resource 7 [mem 0x40000000-0xfdffffff window]
Jun 13 03:41:41 template kernel: [    0.234353] pci 0000:00:00.0: Limiting direct PCI/PCI transfers
Jun 13 03:41:41 template kernel: [    0.234538] pci 0000:00:01.0: Activating ISA DMA hang workarounds
Jun 13 03:41:41 template kernel: [    0.235720] PCI: CLS 0 bytes, default 64
Jun 13 03:41:41 template kernel: [    0.235884] Trying to unpack rootfs image as initramfs...
Jun 13 03:41:41 template kernel: [    0.243227] clocksource: tsc: mask: 0xffffffffffffffff max_cycles: 0x29dc05e54fc, max_idle_ns: 440795291716 ns
Jun 13 03:41:41 template kernel: [    0.243515] clocksource: Switched to clocksource tsc
Jun 13 03:41:41 template kernel: [    0.243687] platform rtc_cmos: registered platform RTC device (no PNP device found)
Jun 13 03:41:41 template kernel: [    0.244079] Initialise system trusted keyrings
Jun 13 03:41:41 template kernel: [    0.244234] Key type blacklist registered
Jun 13 03:41:41 template kernel: [    0.247215] workingset: timestamp_bits=36 max_order=18 bucket_order=0
Jun 13 03:41:41 template kernel: [    0.248100] zbud: loaded
Jun 13 03:41:41 template kernel: [    0.248352] squashfs: version 4.0 (2009/01/31) Phillip Lougher
Jun 13 03:41:41 template kernel: [    0.248598] fuse: init (API version 7.34)
Jun 13 03:41:41 template kernel: [    0.248823] integrity: Platform Keyring initialized
Jun 13 03:41:41 template kernel: [    0.255298] Key type asymmetric registered
Jun 13 03:41:41 template kernel: [    0.255441] Asymmetric key parser 'x509' registered
Jun 13 03:41:41 template kernel: [    0.255605] Block layer SCSI generic (bsg) driver version 0.4 loaded (major 243)
Jun 13 03:41:41 template kernel: [    0.259407] io scheduler mq-deadline registered
Jun 13 03:41:41 template kernel: [    0.259631] shpchp: Standard Hot Plug PCI Controller Driver version: 0.4
Jun 13 03:41:41 template kernel: [    0.259941] ACPI: AC: AC Adapter [AC] (on-line)
Jun 13 03:41:41 template kernel: [    0.260121] input: Power Button as /devices/LNXSYSTM:00/LNXPWRBN:00/input/input0
Jun 13 03:41:41 template kernel: [    0.260370] ACPI: button: Power Button [PWRF]
Jun 13 03:41:41 template kernel: [    0.260560] input: Sleep Button as /devices/LNXSYSTM:00/LNXSLPBN:00/input/input1
Jun 13 03:41:41 template kernel: [    0.260802] ACPI: button: Sleep Button [SLPF]
Jun 13 03:41:41 template kernel: [    0.261087] Serial: 8250/16550 driver, 32 ports, IRQ sharing enabled
Jun 13 03:41:41 template kernel: [    0.262003] Linux agpgart interface v0.103
Jun 13 03:41:41 template kernel: [    0.262823] loop: module loaded
Jun 13 03:41:41 template kernel: [    0.263021] ata_piix 0000:00:01.1: version 2.13
Jun 13 03:41:41 template kernel: [    0.267311] scsi host0: ata_piix
Jun 13 03:41:41 template kernel: [    0.271292] scsi host1: ata_piix
Jun 13 03:41:41 template kernel: [    0.271439] ata1: PATA max UDMA/33 cmd 0x1f0 ctl 0x3f6 bmdma 0xd000 irq 14
Jun 13 03:41:41 template kernel: [    0.271632] ata2: PATA max UDMA/33 cmd 0x170 ctl 0x376 bmdma 0xd008 irq 15
Jun 13 03:41:41 template kernel: [    0.271904] tun: Universal TUN/TAP device driver, 1.6
Jun 13 03:41:41 template kernel: [    0.272245] PPP generic driver version 2.4.2
Jun 13 03:41:41 template kernel: [    0.272421] VFIO - User Level meta-driver version: 0.3
Jun 13 03:41:41 template kernel: [    0.272615] ehci_hcd: USB 2.0 'Enhanced' Host Controller (EHCI) Driver
Jun 13 03:41:41 template kernel: [    0.272803] ehci-pci: EHCI PCI platform driver
Jun 13 03:41:41 template kernel: [    0.272963] ehci-platform: EHCI generic platform driver
Jun 13 03:41:41 template kernel: [    0.273129] ohci_hcd: USB 1.1 'Open' Host Controller (OHCI) Driver
Jun 13 03:41:41 template kernel: [    0.273308] ohci-pci: OHCI PCI platform driver
Jun 13 03:41:41 template kernel: [    0.273869] ohci-pci 0000:00:06.0: OHCI PCI host controller
Jun 13 03:41:41 template kernel: [    0.274043] ohci-pci 0000:00:06.0: new USB bus registered, assigned bus number 1
Jun 13 03:41:41 template kernel: [    0.274314] ohci-pci 0000:00:06.0: irq 22, io mem 0xf0804000
Jun 13 03:41:41 template kernel: [    0.331484] usb usb1: New USB device found, idVendor=1d6b, idProduct=0001, bcdDevice= 5.15
Jun 13 03:41:41 template kernel: [    0.331739] usb usb1: New USB device strings: Mfr=3, Product=2, SerialNumber=1
Jun 13 03:41:41 template kernel: [    0.331965] usb usb1: Product: OHCI PCI host controller
Jun 13 03:41:41 template kernel: [    0.332124] usb usb1: Manufacturer: Linux 5.15.0-37-generic ohci_hcd
Jun 13 03:41:41 template kernel: [    0.332304] usb usb1: SerialNumber: 0000:00:06.0
Jun 13 03:41:41 template kernel: [    0.332514] hub 1-0:1.0: USB hub found
Jun 13 03:41:41 template kernel: [    0.332657] hub 1-0:1.0: 12 ports detected
Jun 13 03:41:41 template kernel: [    0.333017] ohci-platform: OHCI generic platform driver
Jun 13 03:41:41 template kernel: [    0.333187] uhci_hcd: USB Universal Host Controller Interface driver
Jun 13 03:41:41 template kernel: [    0.333399] i8042: PNP: PS/2 Controller [PNP0303:PS2K,PNP0f03:PS2M] at 0x60,0x64 irq 1,12
Jun 13 03:41:41 template kernel: [    0.334004] serio: i8042 KBD port at 0x60,0x64 irq 1
Jun 13 03:41:41 template kernel: [    0.334162] serio: i8042 AUX port at 0x60,0x64 irq 12
Jun 13 03:41:41 template kernel: [    0.334393] mousedev: PS/2 mouse device common for all mice
Jun 13 03:41:41 template kernel: [    0.339415] input: AT Translated Set 2 keyboard as /devices/platform/i8042/serio0/input/input2
Jun 13 03:41:41 template kernel: [    0.339997] rtc_cmos rtc_cmos: registered as rtc0
Jun 13 03:41:41 template kernel: [    0.340180] rtc_cmos rtc_cmos: setting system clock to 2022-06-13T03:41:34 UTC (1655091694)
Jun 13 03:41:41 template kernel: [    0.340437] rtc_cmos rtc_cmos: alarms up to one day, 114 bytes nvram
Jun 13 03:41:41 template kernel: [    0.340622] i2c_dev: i2c /dev entries driver
Jun 13 03:41:41 template kernel: [    0.340777] device-mapper: core: CONFIG_IMA_DISABLE_HTABLE is disabled. Duplicate IMA measurements will not be recorded in the IMA log.
Jun 13 03:41:41 template kernel: [    0.341112] device-mapper: uevent: version 1.0.3
Jun 13 03:41:41 template kernel: [    0.341293] device-mapper: ioctl: 4.45.0-ioctl (2021-03-22) initialised: dm-devel@redhat.com
Jun 13 03:41:41 template kernel: [    0.341554] platform eisa.0: Probing EISA bus 0
Jun 13 03:41:41 template kernel: [    0.341703] platform eisa.0: EISA: Cannot allocate resource for mainboard
Jun 13 03:41:41 template kernel: [    0.341891] platform eisa.0: Cannot allocate resource for EISA slot 1
Jun 13 03:41:41 template kernel: [    0.342073] platform eisa.0: Cannot allocate resource for EISA slot 2
Jun 13 03:41:41 template kernel: [    0.342257] platform eisa.0: Cannot allocate resource for EISA slot 3
Jun 13 03:41:41 template kernel: [    0.342439] platform eisa.0: Cannot allocate resource for EISA slot 4
Jun 13 03:41:41 template kernel: [    0.342621] platform eisa.0: Cannot allocate resource for EISA slot 5
Jun 13 03:41:41 template kernel: [    0.342803] platform eisa.0: Cannot allocate resource for EISA slot 6
Jun 13 03:41:41 template kernel: [    0.342986] platform eisa.0: Cannot allocate resource for EISA slot 7
Jun 13 03:41:41 template kernel: [    0.343163] platform eisa.0: Cannot allocate resource for EISA slot 8
Jun 13 03:41:41 template kernel: [    0.343163] platform eisa.0: EISA: Detected 0 cards
Jun 13 03:41:41 template kernel: [    0.343163] intel_pstate: CPU model not supported
Jun 13 03:41:41 template kernel: [    0.343163] ledtrig-cpu: registered to indicate activity on CPUs
Jun 13 03:41:41 template kernel: [    0.348079] intel_pmc_core intel_pmc_core.0:  initialized
Jun 13 03:41:41 template kernel: [    0.348287] drop_monitor: Initializing network drop monitor service
Jun 13 03:41:41 template kernel: [    0.348565] NET: Registered PF_INET6 protocol family
Jun 13 03:41:41 template kernel: [    0.442483] ata2.00: ATAPI: VBOX CD-ROM, 1.0, max UDMA/133
Jun 13 03:41:41 template kernel: [    0.443446] scsi 1:0:0:0: CD-ROM            VBOX     CD-ROM           1.0  PQ: 0 ANSI: 5
Jun 13 03:41:41 template kernel: [    0.463569] sr 1:0:0:0: [sr0] scsi3-mmc drive: 32x/32x xa/form2 tray
Jun 13 03:41:41 template kernel: [    0.463761] cdrom: Uniform CD-ROM driver Revision: 3.20
Jun 13 03:41:41 template kernel: [    0.483461] sr 1:0:0:0: Attached scsi CD-ROM sr0
Jun 13 03:41:41 template kernel: [    0.483615] sr 1:0:0:0: Attached scsi generic sg0 type 5
Jun 13 03:41:41 template kernel: [    0.718404] Freeing initrd memory: 103324K
Jun 13 03:41:41 template kernel: [    0.721487] Segment Routing with IPv6
Jun 13 03:41:41 template kernel: [    0.721633] In-situ OAM (IOAM) with IPv6
Jun 13 03:41:41 template kernel: [    0.721785] NET: Registered PF_PACKET protocol family
Jun 13 03:41:41 template kernel: [    0.721969] Key type dns_resolver registered
Jun 13 03:41:41 template kernel: [    0.722204] IPI shorthand broadcast: enabled
Jun 13 03:41:41 template kernel: [    0.722352] sched_clock: Marking stable (691124697, 28181185)->(721013171, -1707289)
Jun 13 03:41:41 template kernel: [    0.722634] registered taskstats version 1
Jun 13 03:41:41 template kernel: [    0.722789] Loading compiled-in X.509 certificates
Jun 13 03:41:41 template kernel: [    0.723305] Loaded X.509 cert 'Build time autogenerated kernel key: b9ad44b0f26a5e4f254e237864f8de1b0ba4a501'
Jun 13 03:41:41 template kernel: [    0.723943] Loaded X.509 cert 'Canonical Ltd. Live Patch Signing: 14df34d1a87cf37625abec039ef2bf521249b969'
Jun 13 03:41:41 template kernel: [    0.724550] Loaded X.509 cert 'Canonical Ltd. Kernel Module Signing: 88f752e560a1e0737e31163a466ad7b70a850c19'
Jun 13 03:41:41 template kernel: [    0.724837] blacklist: Loading compiled-in revocation X.509 certificates
Jun 13 03:41:41 template kernel: [    0.725036] Loaded X.509 cert 'Canonical Ltd. Secure Boot Signing: 61482aa2830d0ab2ad5af10b7250da9033ddcef0'
Jun 13 03:41:41 template kernel: [    0.725338] zswap: loaded using pool lzo/zbud
Jun 13 03:41:41 template kernel: [    0.725546] Key type ._fscrypt registered
Jun 13 03:41:41 template kernel: [    0.725684] Key type .fscrypt registered
Jun 13 03:41:41 template kernel: [    0.725820] Key type fscrypt-provisioning registered
Jun 13 03:41:41 template kernel: [    0.727250] Key type encrypted registered
Jun 13 03:41:41 template kernel: [    0.727391] AppArmor: AppArmor sha1 policy hashing enabled
Jun 13 03:41:41 template kernel: [    0.727560] ima: No TPM chip found, activating TPM-bypass!
Jun 13 03:41:41 template kernel: [    0.727726] Loading compiled-in module X.509 certificates
Jun 13 03:41:41 template kernel: [    0.728221] Loaded X.509 cert 'Build time autogenerated kernel key: b9ad44b0f26a5e4f254e237864f8de1b0ba4a501'
Jun 13 03:41:41 template kernel: [    0.728497] ima: Allocated hash algorithm: sha1
Jun 13 03:41:41 template kernel: [    0.728655] ima: No architecture policies found
Jun 13 03:41:41 template kernel: [    0.728810] evm: Initialising EVM extended attributes:
Jun 13 03:41:41 template kernel: [    0.728968] evm: security.selinux
Jun 13 03:41:41 template kernel: [    0.729091] evm: security.SMACK64
Jun 13 03:41:41 template kernel: [    0.729215] evm: security.SMACK64EXEC
Jun 13 03:41:41 template kernel: [    0.729345] evm: security.SMACK64TRANSMUTE
Jun 13 03:41:41 template kernel: [    0.729482] evm: security.SMACK64MMAP
Jun 13 03:41:41 template kernel: [    0.729612] evm: security.apparmor
Jun 13 03:41:41 template kernel: [    0.729738] evm: security.ima
Jun 13 03:41:41 template kernel: [    0.729855] evm: security.capability
Jun 13 03:41:41 template kernel: [    0.729982] evm: HMAC attrs: 0x1
Jun 13 03:41:41 template kernel: [    0.730273] PM:   Magic number: 10:424:664
Jun 13 03:41:41 template kernel: [    0.730524] RAS: Correctable Errors collector initialized.
Jun 13 03:41:41 template kernel: [    0.731637] Freeing unused decrypted memory: 2036K
Jun 13 03:41:41 template kernel: [    0.732007] Freeing unused kernel image (initmem) memory: 2900K
Jun 13 03:41:41 template kernel: [    0.735166] Write protecting the kernel read-only data: 30720k
Jun 13 03:41:41 template kernel: [    0.735561] Freeing unused kernel image (text/rodata gap) memory: 2036K
Jun 13 03:41:41 template kernel: [    0.735854] Freeing unused kernel image (rodata/data gap) memory: 1492K
Jun 13 03:41:41 template kernel: [    0.773414] x86/mm: Checked W+X mappings: passed, no W+X pages found.
Jun 13 03:41:41 template kernel: [    0.773614] usb 1-1: new full-speed USB device number 2 using ohci-pci
Jun 13 03:41:41 template kernel: [    0.773818] Run /init as init process
Jun 13 03:41:41 template kernel: [    0.773949]   with arguments:
Jun 13 03:41:41 template kernel: [    0.773950]     /init
Jun 13 03:41:41 template kernel: [    0.773951]   with environment:
Jun 13 03:41:41 template kernel: [    0.773952]     HOME=/
Jun 13 03:41:41 template kernel: [    0.773952]     TERM=linux
Jun 13 03:41:41 template kernel: [    0.773952]     BOOT_IMAGE=/vmlinuz-5.15.0-37-generic
Jun 13 03:41:41 template kernel: [    0.871811] e1000: Intel(R) PRO/1000 Network Driver
Jun 13 03:41:41 template kernel: [    0.871977] e1000: Copyright (c) 1999-2006 Intel Corporation.
Jun 13 03:41:41 template kernel: [    0.872795] piix4_smbus 0000:00:07.0: SMBus Host Controller at 0x4100, revision 0
Jun 13 03:41:41 template kernel: [    0.874030] ahci 0000:00:0d.0: version 3.0
Jun 13 03:41:41 template kernel: [    0.874420] ahci 0000:00:0d.0: SSS flag set, parallel bus scan disabled
Jun 13 03:41:41 template kernel: [    0.874697] ahci 0000:00:0d.0: AHCI 0001.0100 32 slots 1 ports 3 Gbps 0x1 impl SATA mode
Jun 13 03:41:41 template kernel: [    0.874941] ahci 0000:00:0d.0: flags: 64bit ncq stag only ccc 
Jun 13 03:41:41 template kernel: [    0.887370] scsi host2: ahci
Jun 13 03:41:41 template kernel: [    0.887528] ata3: SATA max UDMA/133 abar m8192@0xf0806000 port 0xf0806100 irq 21
Jun 13 03:41:41 template kernel: [    0.891262] cryptd: max_cpu_qlen set to 1000
Jun 13 03:41:41 template kernel: [    0.895526] ACPI: video: Video Device [GFX0] (multi-head: yes  rom: no  post: no)
Jun 13 03:41:41 template kernel: [    0.895805] input: Video Bus as /devices/LNXSYSTM:00/LNXSYBUS:00/PNP0A03:00/LNXVIDEO:00/input/input5
Jun 13 03:41:41 template kernel: [    1.082235] input: ImExPS/2 Generic Explorer Mouse as /devices/platform/i8042/serio1/input/input4
Jun 13 03:41:41 template kernel: [    1.087337] usb 1-1: New USB device found, idVendor=80ee, idProduct=0021, bcdDevice= 1.00
Jun 13 03:41:41 template kernel: [    1.087583] usb 1-1: New USB device strings: Mfr=1, Product=3, SerialNumber=0
Jun 13 03:41:41 template kernel: [    1.087780] usb 1-1: Product: USB Tablet
Jun 13 03:41:41 template kernel: [    1.087915] usb 1-1: Manufacturer: VirtualBox
Jun 13 03:41:41 template kernel: [    1.094844] hid: raw HID events driver (C) Jiri Kosina
Jun 13 03:41:41 template kernel: [    1.204009] ata3: SATA link up 3.0 Gbps (SStatus 123 SControl 300)
Jun 13 03:41:41 template kernel: [    1.204349] ata3.00: ATA-6: VBOX HARDDISK, 1.0, max UDMA/133
Jun 13 03:41:41 template kernel: [    1.204521] ata3.00: 41943040 sectors, multi 128: LBA48 NCQ (depth 32)
Jun 13 03:41:41 template kernel: [    1.208625] ata3.00: configured for UDMA/133
Jun 13 03:41:41 template kernel: [    1.208832] scsi 2:0:0:0: Direct-Access     ATA      VBOX HARDDISK    1.0  PQ: 0 ANSI: 5
Jun 13 03:41:41 template kernel: [    1.209197] sd 2:0:0:0: [sda] 41943040 512-byte logical blocks: (21.5 GB/20.0 GiB)
Jun 13 03:41:41 template kernel: [    1.209439] sd 2:0:0:0: [sda] Write Protect is off
Jun 13 03:41:41 template kernel: [    1.209592] sd 2:0:0:0: [sda] Mode Sense: 00 3a 00 00
Jun 13 03:41:41 template kernel: [    1.209603] sd 2:0:0:0: Attached scsi generic sg1 type 0
Jun 13 03:41:41 template kernel: [    1.209784] sd 2:0:0:0: [sda] Write cache: enabled, read cache: enabled, doesn't support DPO or FUA
Jun 13 03:41:41 template kernel: [    1.222788]  sda: sda1 sda2 sda3
Jun 13 03:41:41 template kernel: [    1.231166] sd 2:0:0:0: [sda] Attached SCSI disk
Jun 13 03:41:41 template kernel: [    1.241916] AVX2 version of gcm_enc/dec engaged.
Jun 13 03:41:41 template kernel: [    1.242082] AES CTR mode by8 optimization enabled
Jun 13 03:41:41 template kernel: [    1.248016] vmwgfx 0000:00:02.0: vgaarb: deactivate vga console
Jun 13 03:41:41 template kernel: [    1.249296] Console: switching to colour dummy device 80x25
Jun 13 03:41:41 template kernel: [    1.250458] usbcore: registered new interface driver usbhid
Jun 13 03:41:41 template kernel: [    1.250461] usbhid: USB HID core driver
Jun 13 03:41:41 template kernel: [    1.251712] input: VirtualBox USB Tablet as /devices/pci0000:00/0000:00:06.0/usb1/1-1/1-1:1.0/0003:80EE:0021.0001/input/input6
Jun 13 03:41:41 template kernel: [    1.251888] hid-generic 0003:80EE:0021.0001: input,hidraw0: USB HID v1.10 Mouse [VirtualBox USB Tablet] on usb-0000:00:06.0-1/input0
Jun 13 03:41:41 template kernel: [    1.253364] [TTM] Zone  kernel: Available graphics memory: 497268 KiB
Jun 13 03:41:41 template kernel: [    1.253392] vmwgfx 0000:00:02.0: [drm] FIFO at 0x00000000f0000000 size is 2048 kiB
Jun 13 03:41:41 template kernel: [    1.253400] vmwgfx 0000:00:02.0: [drm] VRAM at 0x00000000e0000000 size is 16384 kiB
Jun 13 03:41:41 template kernel: [    1.253408] vmwgfx 0000:00:02.0: [drm] Running on SVGA version 2.
Jun 13 03:41:41 template kernel: [    1.253412] vmwgfx 0000:00:02.0: [drm] DMA map mode: Caching DMA mappings.
Jun 13 03:41:41 template kernel: [    1.253440] vmwgfx 0000:00:02.0: [drm] Legacy memory limits: VRAM = 16384 kB, FIFO = 2048 kB, surface = 507904 kB
Jun 13 03:41:41 template kernel: [    1.253443] vmwgfx 0000:00:02.0: [drm] MOB limits: max mob size = 0 kB, max mob pages = 0
Jun 13 03:41:41 template kernel: [    1.253446] vmwgfx 0000:00:02.0: [drm] Capabilities: cursor, cursor bypass 2, alpha cursor, 3D, extended fifo, pitchlock, irq mask, gmr, traces, gmr2, screen object 2, 
Jun 13 03:41:41 template kernel: [    1.253449] vmwgfx 0000:00:02.0: [drm] Max GMR ids is 8192
Jun 13 03:41:41 template kernel: [    1.253450] vmwgfx 0000:00:02.0: [drm] Max number of GMR pages is 1048576
Jun 13 03:41:41 template kernel: [    1.253452] vmwgfx 0000:00:02.0: [drm] Maximum display memory size is 16384 kiB
Jun 13 03:41:41 template kernel: [    1.261415] e1000 0000:00:03.0 eth0: (PCI:33MHz:32-bit) 08:00:27:04:3f:6a
Jun 13 03:41:41 template kernel: [    1.261420] e1000 0000:00:03.0 eth0: Intel(R) PRO/1000 Network Connection
Jun 13 03:41:41 template kernel: [    1.262227] e1000 0000:00:03.0 enp0s3: renamed from eth0
Jun 13 03:41:41 template kernel: [    1.263383] vmwgfx 0000:00:02.0: [drm] Screen Object display unit initialized
Jun 13 03:41:41 template kernel: [    1.263563] vmwgfx 0000:00:02.0: [drm] Fifo max 0x00200000 min 0x00001000 cap 0x00000355
Jun 13 03:41:41 template kernel: [    1.263571] vmwgfx 0000:00:02.0: [drm] Available shader model: Legacy.
Jun 13 03:41:41 template kernel: [    1.263577] [drm:vmw_host_printf [vmwgfx]] *ERROR* Failed to send host log message.
Jun 13 03:41:41 template kernel: [    1.264911] fbcon: svgadrmfb (fb0) is primary device
Jun 13 03:41:41 template kernel: [    1.265462] Console: switching to colour frame buffer device 100x37
Jun 13 03:41:41 template kernel: [    1.267424] [drm] Initialized vmwgfx 2.19.0 20210722 for 0000:00:02.0 on minor 0
Jun 13 03:41:41 template kernel: [    1.639174] raid6: avx2x4   gen() 39803 MB/s
Jun 13 03:41:41 template kernel: [    1.707165] raid6: avx2x4   xor() 21290 MB/s
Jun 13 03:41:41 template kernel: [    1.775184] raid6: avx2x2   gen() 39960 MB/s
Jun 13 03:41:41 template kernel: [    1.843182] raid6: avx2x2   xor() 25511 MB/s
Jun 13 03:41:41 template kernel: [    1.911171] raid6: avx2x1   gen() 36205 MB/s
Jun 13 03:41:41 template kernel: [    1.979183] raid6: avx2x1   xor() 19977 MB/s
Jun 13 03:41:41 template kernel: [    2.047184] raid6: sse2x4   gen() 20037 MB/s
Jun 13 03:41:41 template kernel: [    2.115168] raid6: sse2x4   xor() 11850 MB/s
Jun 13 03:41:41 template kernel: [    2.183193] raid6: sse2x2   gen() 21359 MB/s
Jun 13 03:41:41 template kernel: [    2.251183] raid6: sse2x2   xor() 12858 MB/s
Jun 13 03:41:41 template kernel: [    2.319166] raid6: sse2x1   gen() 17725 MB/s
Jun 13 03:41:41 template kernel: [    2.387183] raid6: sse2x1   xor()  8814 MB/s
Jun 13 03:41:41 template kernel: [    2.387588] raid6: using algorithm avx2x2 gen() 39960 MB/s
Jun 13 03:41:41 template kernel: [    2.387976] raid6: .... xor() 25511 MB/s, rmw enabled
Jun 13 03:41:41 template kernel: [    2.388380] raid6: using avx2x2 recovery algorithm
Jun 13 03:41:41 template kernel: [    2.389768] xor: automatically using best checksumming function   avx       
Jun 13 03:41:41 template kernel: [    2.390742] async_tx: api initialized (async)
Jun 13 03:41:41 template kernel: [    2.456015] Btrfs loaded, crc32c=crc32c-intel, zoned=yes, fsverity=yes
Jun 13 03:41:41 template kernel: [    2.582097] EXT4-fs (dm-0): mounted filesystem with ordered data mode. Opts: (null). Quota mode: none.
Jun 13 03:41:41 template kernel: [    2.700277] systemd[1]: Inserted module 'autofs4'
Jun 13 03:41:41 template kernel: [    2.710025] systemd[1]: systemd 249.11-0ubuntu3 running in system mode (+PAM +AUDIT +SELINUX +APPARMOR +IMA +SMACK +SECCOMP +GCRYPT +GNUTLS -OPENSSL +ACL +BLKID +CURL +ELFUTILS -FIDO2 +IDN2 -IDN +IPTC +KMOD +LIBCRYPTSETUP -LIBFDISK +PCRE2 -PWQUALITY -P11KIT -QRENCODE +BZIP2 +LZ4 +XZ +ZLIB +ZSTD -XKBCOMMON +UTMP +SYSVINIT default-hierarchy=unified)
Jun 13 03:41:41 template kernel: [    2.711674] systemd[1]: Detected virtualization oracle.
Jun 13 03:41:41 template kernel: [    2.712091] systemd[1]: Detected architecture x86-64.
Jun 13 03:41:41 template kernel: [    2.714887] systemd[1]: Hostname set to <template>.
Jun 13 03:41:41 template kernel: [    2.956552] systemd[1]: Queued start job for default target Graphical Interface.
Jun 13 03:41:41 template kernel: [    2.957593] systemd[1]: Created slice Slice /system/modprobe.
Jun 13 03:41:41 template kernel: [    2.958795] systemd[1]: Created slice Slice /system/systemd-fsck.
Jun 13 03:41:41 template kernel: [    2.959952] systemd[1]: Created slice User and Session Slice.
Jun 13 03:41:41 template kernel: [    2.960987] systemd[1]: Started Forward Password Requests to Wall Directory Watch.
Jun 13 03:41:41 template kernel: [    2.962108] systemd[1]: Set up automount Arbitrary Executable File Formats File System Automount Point.
Jun 13 03:41:41 template kernel: [    2.963755] systemd[1]: Reached target Slice Units.
Jun 13 03:41:41 template kernel: [    2.964825] systemd[1]: Reached target Local Verity Protected Volumes.
Jun 13 03:41:41 template kernel: [    2.965946] systemd[1]: Listening on Device-mapper event daemon FIFOs.
Jun 13 03:41:41 template kernel: [    2.967074] systemd[1]: Listening on LVM2 poll daemon socket.
Jun 13 03:41:41 template kernel: [    2.968201] systemd[1]: Listening on multipathd control socket.
Jun 13 03:41:41 template kernel: [    2.969278] systemd[1]: Listening on Syslog Socket.
Jun 13 03:41:41 template kernel: [    2.970370] systemd[1]: Listening on fsck to fsckd communication Socket.
Jun 13 03:41:41 template kernel: [    2.971497] systemd[1]: Listening on initctl Compatibility Named Pipe.
Jun 13 03:41:41 template kernel: [    2.972666] systemd[1]: Listening on Journal Audit Socket.
Jun 13 03:41:41 template kernel: [    2.973760] systemd[1]: Listening on Journal Socket (/dev/log).
Jun 13 03:41:41 template kernel: [    2.974864] systemd[1]: Listening on Journal Socket.
Jun 13 03:41:41 template kernel: [    2.976021] systemd[1]: Listening on Network Service Netlink Socket.
Jun 13 03:41:41 template kernel: [    2.977186] systemd[1]: Listening on udev Control Socket.
Jun 13 03:41:41 template kernel: [    2.978321] systemd[1]: Listening on udev Kernel Socket.
Jun 13 03:41:41 template kernel: [    2.979799] systemd[1]: Mounting Huge Pages File System...
Jun 13 03:41:41 template kernel: [    2.981292] systemd[1]: Mounting POSIX Message Queue File System...
Jun 13 03:41:41 template kernel: [    2.982758] systemd[1]: Mounting Kernel Debug File System...
Jun 13 03:41:41 template kernel: [    2.986200] systemd[1]: Mounting Kernel Trace File System...
Jun 13 03:41:41 template kernel: [    2.988765] systemd[1]: Starting Journal Service...
Jun 13 03:41:41 template kernel: [    2.995250] systemd[1]: Starting Set the console keyboard layout...
Jun 13 03:41:41 template kernel: [    2.997674] systemd[1]: Starting Create List of Static Device Nodes...
Jun 13 03:41:41 template kernel: [    3.002797] systemd[1]: Starting Monitoring of LVM2 mirrors, snapshots etc. using dmeventd or progress polling...
Jun 13 03:41:41 template kernel: [    3.019410] systemd[1]: Condition check resulted in LXD - agent being skipped.
Jun 13 03:41:41 template kernel: [    3.021801] systemd[1]: Starting Load Kernel Module configfs...
Jun 13 03:41:41 template kernel: [    3.028962] systemd[1]: Starting Load Kernel Module drm...
Jun 13 03:41:41 template kernel: [    3.036245] systemd[1]: Starting Load Kernel Module fuse...
Jun 13 03:41:41 template kernel: [    3.037316] systemd[1]: Condition check resulted in OpenVSwitch configuration for cleanup being skipped.
Jun 13 03:41:41 template kernel: [    3.038416] systemd[1]: Condition check resulted in File System Check on Root Device being skipped.
Jun 13 03:41:41 template kernel: [    3.045527] systemd[1]: Starting Load Kernel Modules...
Jun 13 03:41:41 template kernel: [    3.051233] systemd[1]: Starting Remount Root and Kernel File Systems...
Jun 13 03:41:41 template kernel: [    3.057054] systemd[1]: Starting Coldplug All udev Devices...
Jun 13 03:41:41 template kernel: [    3.057997] EXT4-fs (dm-0): re-mounted. Opts: (null). Quota mode: none.
Jun 13 03:41:41 template kernel: [    3.066126] IPMI message handler: version 39.2
Jun 13 03:41:41 template kernel: [    3.067816] ipmi device interface
Jun 13 03:41:41 template kernel: [    3.075707] systemd[1]: Started Journal Service.
Jun 13 03:41:41 template kernel: [    3.100264] Adding 1913852k swap on /swap.img.  Priority:-2 extents:7 across:3576828k FS
Jun 13 03:41:41 template kernel: [    3.108830] systemd-journald[365]: Received client request to flush runtime journal.
Jun 13 03:41:41 template kernel: [    3.114037] alua: device handler registered
Jun 13 03:41:41 template kernel: [    3.115295] emc: device handler registered
Jun 13 03:41:41 template kernel: [    3.121360] rdac: device handler registered
Jun 13 03:41:41 template kernel: [    3.184466] loop0: detected capacity change from 0 to 126760
Jun 13 03:41:41 template kernel: [    3.189540] loop1: detected capacity change from 0 to 163736
Jun 13 03:41:41 template kernel: [    3.191626] loop2: detected capacity change from 0 to 91496
Jun 13 03:41:41 template kernel: [    3.362381] vboxguest: host-version: 6.1.34r150636 0x8000000f
Jun 13 03:41:41 template kernel: [    3.362822] vbg_heartbeat_init: Setting up heartbeat to trigger every 2000 milliseconds
Jun 13 03:41:41 template kernel: [    3.362878] input: VirtualBox mouse integration as /devices/pci0000:00/0000:00:04.0/input/input7
Jun 13 03:41:41 template kernel: [    3.378146] vboxguest: misc device minor 123, IRQ 20, I/O port d040, MMIO at 0x00000000f0400000 (size 0x0000000000400000)
Jun 13 03:41:41 template kernel: [    3.470487] RAPL PMU: API unit is 2^-32 Joules, 0 fixed counters, 10737418240 ms ovfl timer
Jun 13 03:41:41 template kernel: [    3.643960] EXT4-fs (sda2): mounted filesystem with ordered data mode. Opts: (null). Quota mode: none.
Jun 13 03:41:41 template kernel: [    3.688662] snd_intel8x0 0000:00:05.0: allow list rate for 1028:0177 is 48000
Jun 13 03:41:41 template kernel: [    3.802656] audit: type=1400 audit(1655091697.955:2): apparmor="STATUS" operation="profile_load" profile="unconfined" name="lsb_release" pid=543 comm="apparmor_parser"
Jun 13 03:41:41 template kernel: [    3.879225] audit: type=1400 audit(1655091698.035:3): apparmor="STATUS" operation="profile_load" profile="unconfined" name="nvidia_modprobe" pid=552 comm="apparmor_parser"
Jun 13 03:41:41 template kernel: [    3.880071] audit: type=1400 audit(1655091698.035:4): apparmor="STATUS" operation="profile_load" profile="unconfined" name="nvidia_modprobe//kmod" pid=552 comm="apparmor_parser"
Jun 13 03:41:41 template kernel: [    4.108945] audit: type=1400 audit(1655091698.263:5): apparmor="STATUS" operation="profile_load" profile="unconfined" name="/usr/lib/NetworkManager/nm-dhcp-client.action" pid=553 comm="apparmor_parser"
Jun 13 03:41:41 template kernel: [    4.112160] audit: type=1400 audit(1655091698.267:6): apparmor="STATUS" operation="profile_load" profile="unconfined" name="/usr/lib/NetworkManager/nm-dhcp-helper" pid=553 comm="apparmor_parser"
Jun 13 03:41:41 template kernel: [    4.114512] audit: type=1400 audit(1655091698.267:7): apparmor="STATUS" operation="profile_load" profile="unconfined" name="/usr/lib/connman/scripts/dhclient-script" pid=553 comm="apparmor_parser"
Jun 13 03:41:41 template kernel: [    4.117133] audit: type=1400 audit(1655091698.271:8): apparmor="STATUS" operation="profile_load" profile="unconfined" name="/{,usr/}sbin/dhclient" pid=553 comm="apparmor_parser"
Jun 13 03:41:41 template kernel: [    4.232637] audit: type=1400 audit(1655091698.387:9): apparmor="STATUS" operation="profile_load" profile="unconfined" name="/usr/bin/man" pid=561 comm="apparmor_parser"
Jun 13 03:41:41 template kernel: [    4.234506] audit: type=1400 audit(1655091698.387:10): apparmor="STATUS" operation="profile_load" profile="unconfined" name="man_filter" pid=561 comm="apparmor_parser"
Jun 13 03:41:41 template kernel: [    4.947960] e1000: enp0s3 NIC Link is Up 1000 Mbps Full Duplex, Flow Control: RX
Jun 13 03:41:41 template kernel: [    4.948188] IPv6: ADDRCONF(NETDEV_CHANGE): enp0s3: link becomes ready
Jun 13 03:41:41 template kernel: [    5.197029] kauditd_printk_skb: 8 callbacks suppressed
Jun 13 03:41:41 template kernel: [    5.197030] audit: type=1400 audit(1655091699.351:19): apparmor="STATUS" operation="profile_load" profile="unconfined" name="snap.lxd.benchmark" pid=751 comm="apparmor_parser"
Jun 13 03:41:41 template kernel: [    5.274115] audit: type=1400 audit(1655091699.427:20): apparmor="STATUS" operation="profile_load" profile="unconfined" name="snap.lxd.buginfo" pid=752 comm="apparmor_parser"
Jun 13 03:41:41 template kernel: [    5.351407] audit: type=1400 audit(1655091699.507:21): apparmor="STATUS" operation="profile_load" profile="unconfined" name="snap.lxd.check-kernel" pid=753 comm="apparmor_parser"
Jun 13 03:41:41 template kernel: [    5.448332] audit: type=1400 audit(1655091699.603:22): apparmor="STATUS" operation="profile_load" profile="unconfined" name="snap.lxd.daemon" pid=754 comm="apparmor_parser"
Jun 13 03:41:41 template kernel: [    5.545123] audit: type=1400 audit(1655091699.699:23): apparmor="STATUS" operation="profile_load" profile="unconfined" name="snap.lxd.hook.configure" pid=755 comm="apparmor_parser"
Jun 13 03:41:41 template kernel: [    5.614734] audit: type=1400 audit(1655091699.767:24): apparmor="STATUS" operation="profile_load" profile="unconfined" name="snap.lxd.hook.install" pid=756 comm="apparmor_parser"
Jun 13 03:41:41 template kernel: [    5.691901] audit: type=1400 audit(1655091699.847:25): apparmor="STATUS" operation="profile_load" profile="unconfined" name="snap.lxd.hook.remove" pid=757 comm="apparmor_parser"
Jun 13 03:41:41 template kernel: [    5.768814] audit: type=1400 audit(1655091699.923:26): apparmor="STATUS" operation="profile_load" profile="unconfined" name="snap.lxd.lxc" pid=758 comm="apparmor_parser"
Jun 13 03:41:41 template kernel: [    5.845945] audit: type=1400 audit(1655091699.999:27): apparmor="STATUS" operation="profile_load" profile="unconfined" name="snap.lxd.lxc-to-lxd" pid=759 comm="apparmor_parser"
Jun 13 03:41:41 template kernel: [    5.922625] audit: type=1400 audit(1655091700.075:28): apparmor="STATUS" operation="profile_load" profile="unconfined" name="snap.lxd.lxd" pid=760 comm="apparmor_parser"
Jun 13 03:41:41 template rsyslogd: imuxsock: Acquired UNIX socket '/run/systemd/journal/syslog' (fd 3) from systemd.  [v8.2112.0]
Jun 13 03:41:41 template rsyslogd: rsyslogd's groupid changed to 113
Jun 13 03:41:41 template rsyslogd: rsyslogd's userid changed to 107
Jun 13 03:41:41 template rsyslogd: [origin software="rsyslogd" swVersion="8.2112.0" x-pid="801" x-info="https://www.rsyslog.com"] start
Jun 13 03:41:41 template systemd[1]: Started System Logging Service.
Jun 13 03:41:41 template snapd[802]: AppArmor status: apparmor is enabled and all features are available
Jun 13 03:41:41 template udisksd[809]: Failed to load the 'mdraid' libblockdev plugin
Jun 13 03:41:41 template systemd[1]: grub-common.service: Deactivated successfully.
Jun 13 03:41:41 template systemd[1]: Finished Record successful boot for GRUB.
Jun 13 03:41:41 template systemd[1]: Started Authorization Manager.
Jun 13 03:41:41 template apport[784]:  * Starting automatic crash report generation: apport
Jun 13 03:41:41 template systemd[1]: Starting Modem Manager...
Jun 13 03:41:41 template pollinate[800]: client sent challenge to [https://entropy.ubuntu.com/]
Jun 13 03:41:41 template apport[784]:    ...done.
Jun 13 03:41:41 template systemd[1]: Starting GRUB failed boot detection...
Jun 13 03:41:41 template systemd[1]: Starting Hold until boot process finishes up...
Jun 13 03:41:41 template systemd[1]: Starting Terminate Plymouth Boot Screen...
Jun 13 03:41:41 template systemd[1]: Started LSB: automatic crash report generation.
Jun 13 03:41:41 template snapd[802]: overlord.go:263: Acquiring state lock file
Jun 13 03:41:41 template snapd[802]: overlord.go:268: Acquired state lock file
Jun 13 03:41:41 template systemd[1]: Finished Hold until boot process finishes up.
Jun 13 03:41:41 template systemd[1]: Starting Set console scheme...
Jun 13 03:41:41 template snapd[802]: patch.go:63: Patching system state level 6 to sublevel 1...
Jun 13 03:41:41 template systemd[1]: Finished Terminate Plymouth Boot Screen.
Jun 13 03:41:41 template systemd[1]: grub-initrd-fallback.service: Deactivated successfully.
Jun 13 03:41:41 template systemd[1]: Finished GRUB failed boot detection.
Jun 13 03:41:41 template systemd[1]: Finished Set console scheme.
Jun 13 03:41:41 template ModemManager[847]: <info>  ModemManager (version 1.18.6) starting in system bus...
Jun 13 03:41:41 template systemd[1]: Created slice Slice /system/getty.
Jun 13 03:41:41 template systemd[1]: Started Getty on tty1.
Jun 13 03:41:41 template systemd[1]: Reached target Login Prompts.
Jun 13 03:41:41 template snapd[802]: patch.go:63: Patching system state level 6 to sublevel 2...
Jun 13 03:41:41 template systemd[1]: Started User Login Management.
Jun 13 03:41:41 template snapd[802]: patch.go:63: Patching system state level 6 to sublevel 3...
Jun 13 03:41:41 template systemd[1]: Started Unattended Upgrades Shutdown.
Jun 13 03:41:41 template snapd[802]: daemon.go:247: started snapd/2.55.3+22.04 (series 16; classic) ubuntu/22.04 (amd64) linux/5.15.0-37-generic.
Jun 13 03:41:41 template systemd[1]: Started Modem Manager.
Jun 13 03:41:41 template systemd-resolved[748]: Using degraded feature set UDP instead of UDP+EDNS0 for DNS server 192.168.1.1.
Jun 13 03:41:41 template kernel: [    7.605073] loop3: detected capacity change from 0 to 8
Jun 13 03:41:41 template systemd[1]: tmp-sanity\x2dmountpoint\x2d2348959434.mount: Deactivated successfully.
Jun 13 03:41:41 template snapd[802]: daemon.go:340: adjusting startup timeout by 45s (pessimistic estimate of 30s plus 5s per snap)
Jun 13 03:41:41 template networkd-dispatcher[794]: No valid path found for iwconfig
Jun 13 03:41:41 template networkd-dispatcher[794]: No valid path found for iw
Jun 13 03:41:41 template systemd[1]: Started Dispatcher daemon for systemd-networkd.
Jun 13 03:41:41 template systemd[1]: Started Disk Manager.
Jun 13 03:41:41 template systemd[1]: Started Snap Daemon.
Jun 13 03:41:41 template systemd[1]: Starting Wait until snapd is fully seeded...
Jun 13 03:41:41 template udisksd[809]: Acquired the name org.freedesktop.UDisks2 on the system message bus
Jun 13 03:41:42 template systemd[1]: Started snap.lxd.hook.install.0dd38309-ce4d-4c32-8ca1-3b438144d432.scope.
Jun 13 03:41:42 template pollinate[800]: client verified challenge/response with [https://entropy.ubuntu.com/]
Jun 13 03:41:42 template pollinate[800]: client hashed response from [https://entropy.ubuntu.com/]
Jun 13 03:41:42 template pollinate[800]: client successfully seeded [/dev/urandom]
Jun 13 03:41:42 template systemd[1]: pollinate.service: Deactivated successfully.
Jun 13 03:41:42 template systemd[1]: Finished Pollinate to seed the pseudo random number generator.
Jun 13 03:41:42 template systemd[1]: Starting OpenBSD Secure Shell server...
Jun 13 03:41:42 template systemd[1]: Started OpenBSD Secure Shell server.
Jun 13 03:41:42 template systemd[1]: snap.lxd.hook.install.0dd38309-ce4d-4c32-8ca1-3b438144d432.scope: Deactivated successfully.
Jun 13 03:41:42 template systemd[1]: Reloading.
Jun 13 03:41:42 template systemd[1]: tmp-snap.rootfs_54jd6I.mount: Deactivated successfully.
Jun 13 03:41:42 template systemd[1]: Listening on Socket unix for snap application lxd.user-daemon.
Jun 13 03:41:42 template systemd[1]: Listening on Socket unix for snap application lxd.daemon.
Jun 13 03:41:42 template systemd[1]: Starting Service for snap application lxd.activate...
Jun 13 03:41:42 template lxd.activate[999]: => Starting LXD activation
Jun 13 03:41:42 template lxd.activate[999]: ==> Creating missing snap configuration
Jun 13 03:41:42 template lxd.activate[999]: ==> Loading snap configuration
Jun 13 03:41:42 template lxd.activate[999]: ==> Checking for socket activation support
Jun 13 03:41:42 template lxd.activate[999]: ==> Creating "lxd" user
Jun 13 03:41:43 template lxd.activate[999]: ==> Setting LXD socket ownership
Jun 13 03:41:43 template lxd.activate[999]: ==> Setting LXD user socket ownership
Jun 13 03:41:43 template lxd.activate[999]: ==> LXD never started on this system, no need to start it now
Jun 13 03:41:43 template systemd[1]: snap.lxd.activate.service: Deactivated successfully.
Jun 13 03:41:43 template systemd[1]: Finished Service for snap application lxd.activate.
Jun 13 03:41:43 template systemd[1]: Started snap.lxd.hook.configure.ec09c9f8-6a7b-482f-8a54-2960695c3085.scope.
Jun 13 03:41:43 template systemd[1]: snap.lxd.hook.configure.ec09c9f8-6a7b-482f-8a54-2960695c3085.scope: Deactivated successfully.
Jun 13 03:41:43 template dbus-daemon[788]: [system] Activating via systemd: service name='org.freedesktop.timedate1' unit='dbus-org.freedesktop.timedate1.service' requested by ':1.13' (uid=0 pid=802 comm="/usr/lib/snapd/snapd " label="unconfined")
Jun 13 03:41:43 template systemd[1]: Starting Time & Date Service...
Jun 13 03:41:43 template dbus-daemon[788]: [system] Successfully activated service 'org.freedesktop.timedate1'
Jun 13 03:41:43 template systemd[1]: Started Time & Date Service.
Jun 13 03:41:44 template snapd[802]: stateengine.go:149: state ensure error: cannot decode new commands catalog: got unexpected HTTP status code 403 via GET to "https://api.snapcraft.io/api/v1/snaps/names?confinement=strict%2Cclassic"
Jun 13 03:41:44 template ModemManager[847]: <info>  [base-manager] couldn't check support for device '/sys/devices/pci0000:00/0000:00:03.0': not supported by any plugin
Jun 13 03:41:44 template systemd[1]: Finished Wait until snapd is fully seeded.
Jun 13 03:41:44 template systemd[1]: Starting Apply the settings specified in cloud-config...
Jun 13 03:41:44 template systemd[1]: Condition check resulted in Auto import assertions from block devices being skipped.
Jun 13 03:41:44 template systemd[1]: Reached target Multi-User System.
Jun 13 03:41:44 template systemd[1]: Reached target Graphical Interface.
Jun 13 03:41:44 template systemd[1]: Starting Record Runlevel Change in UTMP...
Jun 13 03:41:44 template systemd[1]: systemd-update-utmp-runlevel.service: Deactivated successfully.
Jun 13 03:41:44 template systemd[1]: Finished Record Runlevel Change in UTMP.
Jun 13 03:41:44 template cloud-init[1287]: Cloud-init v. 22.1-14-g2e17a0d6-0ubuntu1~22.04.5 running 'modules:config' at Mon, 13 Jun 2022 03:41:44 +0000. Up 10.37 seconds.
Jun 13 03:41:44 template cloud-init[1287]: Generating locales (this might take a while)...
Jun 13 03:41:45 template cloud-init[1287]:   en_US.UTF-8... done
Jun 13 03:41:45 template cloud-init[1287]: Generation complete.
Jun 13 03:41:45 template systemd[1]: Stopping OpenBSD Secure Shell server...
Jun 13 03:41:45 template systemd[1]: ssh.service: Deactivated successfully.
Jun 13 03:41:45 template systemd[1]: Stopped OpenBSD Secure Shell server.
Jun 13 03:41:45 template systemd[1]: Starting OpenBSD Secure Shell server...
Jun 13 03:41:45 template systemd[1]: Started OpenBSD Secure Shell server.
Jun 13 03:41:45 template systemd[1]: Finished Apply the settings specified in cloud-config.
Jun 13 03:41:45 template systemd[1]: Starting Execute cloud user/final scripts...
Jun 13 03:41:46 template cloud-init[1326]: Cloud-init v. 22.1-14-g2e17a0d6-0ubuntu1~22.04.5 running 'modules:final' at Mon, 13 Jun 2022 03:41:45 +0000. Up 11.78 seconds.
Jun 13 03:41:46 template cloud-init: #############################################################
Jun 13 03:41:46 template cloud-init: -----BEGIN SSH HOST KEY FINGERPRINTS-----
Jun 13 03:41:46 template cloud-init: 1024 SHA256:uqNDSb0GkBxmRBJgOqw/6oY//GQ8GbpLD3CqNKqILgA root@template (DSA)
Jun 13 03:41:46 template cloud-init: 256 SHA256:wTGr91PIZfphd2ZnJxNRja7gWAf2vhRhcVxyKb+77Eo root@template (ECDSA)
Jun 13 03:41:46 template cloud-init: 256 SHA256:FbdJ14QzyMXxNg0NNnysvLNzaaA9BvQdqXElBa6xoOs root@template (ED25519)
Jun 13 03:41:46 template cloud-init: 3072 SHA256:2289r7sFRrucbRICjHT9DPyAerUK5ykAshA57GZzQq8 root@template (RSA)
Jun 13 03:41:46 template cloud-init: -----END SSH HOST KEY FINGERPRINTS-----
Jun 13 03:41:46 template cloud-init: #############################################################
Jun 13 03:41:46 template cloud-init[1326]: Cloud-init v. 22.1-14-g2e17a0d6-0ubuntu1~22.04.5 finished at Mon, 13 Jun 2022 03:41:46 +0000. Datasource DataSourceNone.  Up 11.89 seconds
Jun 13 03:41:46 template cloud-init[1326]: 2022-06-13 03:41:46,085 - cc_final_message.py[WARNING]: Used fallback datasource
Jun 13 03:41:46 template systemd[1]: Finished Execute cloud user/final scripts.
Jun 13 03:41:46 template systemd[1]: Reached target Cloud-init target.
Jun 13 03:41:46 template systemd[1]: Startup finished in 2.658s (kernel) + 9.265s (userspace) = 11.923s.
Jun 13 03:41:46 template systemd[1]: dmesg.service: Deactivated successfully.
Jun 13 03:42:07 template systemd[1]: Created slice User Slice of UID 1000.
Jun 13 03:42:07 template systemd[1]: Starting User Runtime Directory /run/user/1000...
Jun 13 03:42:07 template systemd[1]: Finished User Runtime Directory /run/user/1000.
Jun 13 03:42:07 template systemd[1]: Starting User Manager for UID 1000...
Jun 13 03:42:07 template systemd[1442]: Queued start job for default target Main User Target.
Jun 13 03:42:07 template systemd[1442]: Created slice User Application Slice.
Jun 13 03:42:07 template systemd[1442]: Reached target Paths.
Jun 13 03:42:07 template systemd[1442]: Reached target Timers.
Jun 13 03:42:07 template systemd[1442]: Starting D-Bus User Message Bus Socket...
Jun 13 03:42:07 template systemd[1442]: Listening on GnuPG network certificate management daemon.
Jun 13 03:42:07 template systemd[1442]: Listening on GnuPG cryptographic agent and passphrase cache (access for web browsers).
Jun 13 03:42:07 template systemd[1442]: Listening on GnuPG cryptographic agent and passphrase cache (restricted).
Jun 13 03:42:07 template systemd[1442]: Listening on GnuPG cryptographic agent (ssh-agent emulation).
Jun 13 03:42:07 template systemd[1442]: Listening on GnuPG cryptographic agent and passphrase cache.
Jun 13 03:42:07 template systemd[1442]: Listening on debconf communication socket.
Jun 13 03:42:07 template systemd[1442]: Listening on REST API socket for snapd user session agent.
Jun 13 03:42:07 template systemd[1442]: Listening on D-Bus User Message Bus Socket.
Jun 13 03:42:07 template systemd[1442]: Reached target Sockets.
Jun 13 03:42:07 template systemd[1442]: Reached target Basic System.
Jun 13 03:42:07 template systemd[1]: Started User Manager for UID 1000.
Jun 13 03:42:07 template systemd[1]: Started Session 1 of User zyzyx.
Jun 13 03:42:07 template systemd[1442]: Reached target Main User Target.
Jun 13 03:42:07 template systemd[1442]: Startup finished in 113ms.
Jun 13 03:42:07 template systemd[1]: systemd-fsckd.service: Deactivated successfully.
Jun 13 03:42:10 template systemd-timesyncd[544]: Initial synchronization to time server 91.189.91.157:123 (ntp.ubuntu.com).
Jun 13 03:42:14 template systemd[1]: systemd-timedated.service: Deactivated successfully.
Jun 13 03:42:42 template dbus-daemon[788]: [system] Activating via systemd: service name='org.freedesktop.PackageKit' unit='packagekit.service' requested by ':1.18' (uid=0 pid=1687 comm="/usr/bin/gdbus call --system --dest org.freedeskto" label="unconfined")
Jun 13 03:42:42 template systemd[1]: Starting PackageKit Daemon...
Jun 13 03:42:42 template PackageKit: daemon start
Jun 13 03:42:42 template dbus-daemon[788]: [system] Successfully activated service 'org.freedesktop.PackageKit'
Jun 13 03:42:42 template systemd[1]: Started PackageKit Daemon.
Jun 13 03:43:24 template systemd[1]: Reloading.
Jun 13 03:43:25 template systemd[1]: motd-news.timer: Deactivated successfully.
Jun 13 03:43:25 template systemd[1]: Stopped Message of the Day.
