Jun 13 03:29:14 ubuntu-server kernel: Linux version 5.15.0-25-generic (buildd@ubuntu) (gcc (Ubuntu 11.2.0-19ubuntu1) 11.2.0, GNU ld (GNU Binutils for Ubuntu) 2.38) #25-Ubuntu SMP Wed Mar 30 15:54:22 UTC 2022 (Ubuntu 5.15.0-25.25-generic 5.15.30)
Jun 13 03:29:14 ubuntu-server kernel: Command line: BOOT_IMAGE=/casper/vmlinuz ---
Jun 13 03:29:14 ubuntu-server kernel: KERNEL supported cpus:
Jun 13 03:29:14 ubuntu-server kernel:   Intel GenuineIntel
Jun 13 03:29:14 ubuntu-server kernel:   AMD AuthenticAMD
Jun 13 03:29:14 ubuntu-server kernel:   Hygon HygonGenuine
Jun 13 03:29:14 ubuntu-server kernel:   Centaur CentaurHauls
Jun 13 03:29:14 ubuntu-server kernel:   zhaoxin   Shanghai  
Jun 13 03:29:14 ubuntu-server kernel: x86/fpu: Supporting XSAVE feature 0x001: 'x87 floating point registers'
Jun 13 03:29:14 ubuntu-server kernel: x86/fpu: Supporting XSAVE feature 0x002: 'SSE registers'
Jun 13 03:29:14 ubuntu-server kernel: x86/fpu: Supporting XSAVE feature 0x004: 'AVX registers'
Jun 13 03:29:14 ubuntu-server kernel: x86/fpu: xstate_offset[2]:  576, xstate_sizes[2]:  256
Jun 13 03:29:14 ubuntu-server kernel: x86/fpu: Enabled xstate features 0x7, context size is 832 bytes, using 'standard' format.
Jun 13 03:29:14 ubuntu-server kernel: signal: max sigframe size: 1776
Jun 13 03:29:14 ubuntu-server kernel: BIOS-provided physical RAM map:
Jun 13 03:29:14 ubuntu-server kernel: BIOS-e820: [mem 0x0000000000000000-0x000000000009fbff] usable
Jun 13 03:29:14 ubuntu-server kernel: BIOS-e820: [mem 0x000000000009fc00-0x000000000009ffff] reserved
Jun 13 03:29:14 ubuntu-server kernel: BIOS-e820: [mem 0x00000000000f0000-0x00000000000fffff] reserved
Jun 13 03:29:14 ubuntu-server kernel: BIOS-e820: [mem 0x0000000000100000-0x000000003ffeffff] usable
Jun 13 03:29:14 ubuntu-server kernel: BIOS-e820: [mem 0x000000003fff0000-0x000000003fffffff] ACPI data
Jun 13 03:29:14 ubuntu-server kernel: BIOS-e820: [mem 0x00000000fec00000-0x00000000fec00fff] reserved
Jun 13 03:29:14 ubuntu-server kernel: BIOS-e820: [mem 0x00000000fee00000-0x00000000fee00fff] reserved
Jun 13 03:29:14 ubuntu-server kernel: BIOS-e820: [mem 0x00000000fffc0000-0x00000000ffffffff] reserved
Jun 13 03:29:14 ubuntu-server kernel: NX (Execute Disable) protection: active
Jun 13 03:29:14 ubuntu-server kernel: SMBIOS 2.5 present.
Jun 13 03:29:14 ubuntu-server kernel: DMI: innotek GmbH VirtualBox/VirtualBox, BIOS VirtualBox 12/01/2006
Jun 13 03:29:14 ubuntu-server kernel: Hypervisor detected: KVM
Jun 13 03:29:14 ubuntu-server kernel: kvm-clock: Using msrs 4b564d01 and 4b564d00
Jun 13 03:29:14 ubuntu-server kernel: kvm-clock: cpu 0, msr a201001, primary cpu clock
Jun 13 03:29:14 ubuntu-server kernel: kvm-clock: using sched offset of 11375511628 cycles
Jun 13 03:29:14 ubuntu-server kernel: clocksource: kvm-clock: mask: 0xffffffffffffffff max_cycles: 0x1cd42e4dffb, max_idle_ns: 881590591483 ns
Jun 13 03:29:14 ubuntu-server kernel: tsc: Detected 2904.000 MHz processor
Jun 13 03:29:14 ubuntu-server kernel: e820: update [mem 0x00000000-0x00000fff] usable ==> reserved
Jun 13 03:29:14 ubuntu-server kernel: e820: remove [mem 0x000a0000-0x000fffff] usable
Jun 13 03:29:14 ubuntu-server kernel: last_pfn = 0x3fff0 max_arch_pfn = 0x400000000
Jun 13 03:29:14 ubuntu-server kernel: Disabled
Jun 13 03:29:14 ubuntu-server kernel: x86/PAT: MTRRs disabled, skipping PAT initialization too.
Jun 13 03:29:14 ubuntu-server kernel: CPU MTRRs all blank - virtualized system.
Jun 13 03:29:14 ubuntu-server kernel: x86/PAT: Configuration [0-7]: WB  WT  UC- UC  WB  WT  UC- UC  
Jun 13 03:29:14 ubuntu-server kernel: found SMP MP-table at [mem 0x0009fff0-0x0009ffff]
Jun 13 03:29:14 ubuntu-server kernel: RAMDISK: [mem 0x2b28b000-0x3193cfff]
Jun 13 03:29:14 ubuntu-server kernel: ACPI: Early table checksum verification disabled
Jun 13 03:29:14 ubuntu-server kernel: ACPI: RSDP 0x00000000000E0000 000024 (v02 VBOX  )
Jun 13 03:29:14 ubuntu-server kernel: ACPI: XSDT 0x000000003FFF0030 00003C (v01 VBOX   VBOXXSDT 00000001 ASL  00000061)
Jun 13 03:29:14 ubuntu-server kernel: ACPI: FACP 0x000000003FFF00F0 0000F4 (v04 VBOX   VBOXFACP 00000001 ASL  00000061)
Jun 13 03:29:14 ubuntu-server kernel: ACPI: DSDT 0x000000003FFF0470 002325 (v02 VBOX   VBOXBIOS 00000002 INTL 20100528)
Jun 13 03:29:14 ubuntu-server kernel: ACPI: FACS 0x000000003FFF0200 000040
Jun 13 03:29:14 ubuntu-server kernel: ACPI: FACS 0x000000003FFF0200 000040
Jun 13 03:29:14 ubuntu-server kernel: ACPI: APIC 0x000000003FFF0240 000054 (v02 VBOX   VBOXAPIC 00000001 ASL  00000061)
Jun 13 03:29:14 ubuntu-server kernel: ACPI: SSDT 0x000000003FFF02A0 0001CC (v01 VBOX   VBOXCPUT 00000002 INTL 20100528)
Jun 13 03:29:14 ubuntu-server kernel: ACPI: Reserving FACP table memory at [mem 0x3fff00f0-0x3fff01e3]
Jun 13 03:29:14 ubuntu-server kernel: ACPI: Reserving DSDT table memory at [mem 0x3fff0470-0x3fff2794]
Jun 13 03:29:14 ubuntu-server kernel: ACPI: Reserving FACS table memory at [mem 0x3fff0200-0x3fff023f]
Jun 13 03:29:14 ubuntu-server kernel: ACPI: Reserving FACS table memory at [mem 0x3fff0200-0x3fff023f]
Jun 13 03:29:14 ubuntu-server kernel: ACPI: Reserving APIC table memory at [mem 0x3fff0240-0x3fff0293]
Jun 13 03:29:14 ubuntu-server kernel: ACPI: Reserving SSDT table memory at [mem 0x3fff02a0-0x3fff046b]
Jun 13 03:29:14 ubuntu-server kernel: No NUMA configuration found
Jun 13 03:29:14 ubuntu-server kernel: Faking a node at [mem 0x0000000000000000-0x000000003ffeffff]
Jun 13 03:29:14 ubuntu-server kernel: NODE_DATA(0) allocated [mem 0x3ffc6000-0x3ffeffff]
Jun 13 03:29:14 ubuntu-server kernel: Zone ranges:
Jun 13 03:29:14 ubuntu-server kernel:   DMA      [mem 0x0000000000001000-0x0000000000ffffff]
Jun 13 03:29:14 ubuntu-server kernel:   DMA32    [mem 0x0000000001000000-0x000000003ffeffff]
Jun 13 03:29:14 ubuntu-server kernel:   Normal   empty
Jun 13 03:29:14 ubuntu-server kernel:   Device   empty
Jun 13 03:29:14 ubuntu-server kernel: Movable zone start for each node
Jun 13 03:29:14 ubuntu-server kernel: Early memory node ranges
Jun 13 03:29:14 ubuntu-server kernel:   node   0: [mem 0x0000000000001000-0x000000000009efff]
Jun 13 03:29:14 ubuntu-server kernel:   node   0: [mem 0x0000000000100000-0x000000003ffeffff]
Jun 13 03:29:14 ubuntu-server kernel: Initmem setup node 0 [mem 0x0000000000001000-0x000000003ffeffff]
Jun 13 03:29:14 ubuntu-server kernel: On node 0, zone DMA: 1 pages in unavailable ranges
Jun 13 03:29:14 ubuntu-server kernel: On node 0, zone DMA: 97 pages in unavailable ranges
Jun 13 03:29:14 ubuntu-server kernel: On node 0, zone DMA32: 16 pages in unavailable ranges
Jun 13 03:29:14 ubuntu-server kernel: ACPI: PM-Timer IO Port: 0x4008
Jun 13 03:29:14 ubuntu-server kernel: IOAPIC[0]: apic_id 1, version 32, address 0xfec00000, GSI 0-23
Jun 13 03:29:14 ubuntu-server kernel: ACPI: INT_SRC_OVR (bus 0 bus_irq 0 global_irq 2 dfl dfl)
Jun 13 03:29:14 ubuntu-server kernel: ACPI: INT_SRC_OVR (bus 0 bus_irq 9 global_irq 9 low level)
Jun 13 03:29:14 ubuntu-server kernel: ACPI: Using ACPI (MADT) for SMP configuration information
Jun 13 03:29:14 ubuntu-server kernel: smpboot: Allowing 1 CPUs, 0 hotplug CPUs
Jun 13 03:29:14 ubuntu-server kernel: PM: hibernation: Registered nosave memory: [mem 0x00000000-0x00000fff]
Jun 13 03:29:14 ubuntu-server kernel: PM: hibernation: Registered nosave memory: [mem 0x0009f000-0x0009ffff]
Jun 13 03:29:14 ubuntu-server kernel: PM: hibernation: Registered nosave memory: [mem 0x000a0000-0x000effff]
Jun 13 03:29:14 ubuntu-server kernel: PM: hibernation: Registered nosave memory: [mem 0x000f0000-0x000fffff]
Jun 13 03:29:14 ubuntu-server kernel: [mem 0x40000000-0xfebfffff] available for PCI devices
Jun 13 03:29:14 ubuntu-server kernel: Booting paravirtualized kernel on KVM
Jun 13 03:29:14 ubuntu-server kernel: clocksource: refined-jiffies: mask: 0xffffffff max_cycles: 0xffffffff, max_idle_ns: 7645519600211568 ns
Jun 13 03:29:14 ubuntu-server kernel: setup_percpu: NR_CPUS:8192 nr_cpumask_bits:1 nr_cpu_ids:1 nr_node_ids:1
Jun 13 03:29:14 ubuntu-server kernel: percpu: Embedded 61 pages/cpu s212992 r8192 d28672 u2097152
Jun 13 03:29:14 ubuntu-server kernel: pcpu-alloc: s212992 r8192 d28672 u2097152 alloc=1*2097152
Jun 13 03:29:14 ubuntu-server kernel: pcpu-alloc: [0] 0 
Jun 13 03:29:14 ubuntu-server kernel: kvm-guest: PV spinlocks disabled, single CPU
Jun 13 03:29:14 ubuntu-server kernel: Built 1 zonelists, mobility grouping on.  Total pages: 257776
Jun 13 03:29:14 ubuntu-server kernel: Policy zone: DMA32
Jun 13 03:29:14 ubuntu-server kernel: Kernel command line: BOOT_IMAGE=/casper/vmlinuz ---
Jun 13 03:29:14 ubuntu-server kernel: Unknown kernel command line parameters "--- BOOT_IMAGE=/casper/vmlinuz", will be passed to user space.
Jun 13 03:29:14 ubuntu-server kernel: Dentry cache hash table entries: 131072 (order: 8, 1048576 bytes, linear)
Jun 13 03:29:14 ubuntu-server kernel: Inode-cache hash table entries: 65536 (order: 7, 524288 bytes, linear)
Jun 13 03:29:14 ubuntu-server kernel: mem auto-init: stack:off, heap alloc:on, heap free:off
Jun 13 03:29:14 ubuntu-server kernel: Memory: 880608K/1048120K available (16393K kernel code, 4385K rwdata, 10784K rodata, 2952K init, 4796K bss, 167252K reserved, 0K cma-reserved)
Jun 13 03:29:14 ubuntu-server kernel: random: get_random_u64 called from kmem_cache_open+0x2b/0x320 with crng_init=0
Jun 13 03:29:14 ubuntu-server kernel: SLUB: HWalign=64, Order=0-3, MinObjects=0, CPUs=1, Nodes=1
Jun 13 03:29:14 ubuntu-server kernel: ftrace: allocating 50352 entries in 197 pages
Jun 13 03:29:14 ubuntu-server kernel: ftrace: allocated 197 pages with 4 groups
Jun 13 03:29:14 ubuntu-server kernel: rcu: Hierarchical RCU implementation.
Jun 13 03:29:14 ubuntu-server kernel: rcu:         RCU restricting CPUs from NR_CPUS=8192 to nr_cpu_ids=1.
Jun 13 03:29:14 ubuntu-server kernel:         Rude variant of Tasks RCU enabled.
Jun 13 03:29:14 ubuntu-server kernel:         Tracing variant of Tasks RCU enabled.
Jun 13 03:29:14 ubuntu-server kernel: rcu: RCU calculated value of scheduler-enlistment delay is 25 jiffies.
Jun 13 03:29:14 ubuntu-server kernel: rcu: Adjusting geometry for rcu_fanout_leaf=16, nr_cpu_ids=1
Jun 13 03:29:14 ubuntu-server kernel: NR_IRQS: 524544, nr_irqs: 256, preallocated irqs: 16
Jun 13 03:29:14 ubuntu-server kernel: random: crng done (trusting CPU's manufacturer)
Jun 13 03:29:14 ubuntu-server kernel: Console: colour VGA+ 80x25
Jun 13 03:29:14 ubuntu-server kernel: printk: console [tty0] enabled
Jun 13 03:29:14 ubuntu-server kernel: ACPI: Core revision 20210730
Jun 13 03:29:14 ubuntu-server kernel: APIC: Switch to symmetric I/O mode setup
Jun 13 03:29:14 ubuntu-server kernel: x2apic enabled
Jun 13 03:29:14 ubuntu-server kernel: Switched APIC routing to physical x2apic.
Jun 13 03:29:14 ubuntu-server kernel: ..TIMER: vector=0x30 apic1=0 pin1=2 apic2=-1 pin2=-1
Jun 13 03:29:14 ubuntu-server kernel: clocksource: tsc-early: mask: 0xffffffffffffffff max_cycles: 0x29dc05e54fc, max_idle_ns: 440795291716 ns
Jun 13 03:29:14 ubuntu-server kernel: Calibrating delay loop (skipped) preset value.. 5808.00 BogoMIPS (lpj=11616000)
Jun 13 03:29:14 ubuntu-server kernel: pid_max: default: 32768 minimum: 301
Jun 13 03:29:14 ubuntu-server kernel: LSM: Security Framework initializing
Jun 13 03:29:14 ubuntu-server kernel: landlock: Up and running.
Jun 13 03:29:14 ubuntu-server kernel: Yama: becoming mindful.
Jun 13 03:29:14 ubuntu-server kernel: AppArmor: AppArmor initialized
Jun 13 03:29:14 ubuntu-server kernel: Mount-cache hash table entries: 2048 (order: 2, 16384 bytes, linear)
Jun 13 03:29:14 ubuntu-server kernel: Mountpoint-cache hash table entries: 2048 (order: 2, 16384 bytes, linear)
Jun 13 03:29:14 ubuntu-server kernel: process: using mwait in idle threads
Jun 13 03:29:14 ubuntu-server kernel: Last level iTLB entries: 4KB 64, 2MB 8, 4MB 8
Jun 13 03:29:14 ubuntu-server kernel: Last level dTLB entries: 4KB 64, 2MB 0, 4MB 0, 1GB 4
Jun 13 03:29:14 ubuntu-server kernel: Spectre V1 : Mitigation: usercopy/swapgs barriers and __user pointer sanitization
Jun 13 03:29:14 ubuntu-server kernel: Spectre V2 : Mitigation: Retpolines
Jun 13 03:29:14 ubuntu-server kernel: Spectre V2 : Spectre v2 / SpectreRSB mitigation: Filling RSB on context switch
Jun 13 03:29:14 ubuntu-server kernel: Speculative Store Bypass: Vulnerable
Jun 13 03:29:14 ubuntu-server kernel: Freeing SMP alternatives memory: 40K
Jun 13 03:29:14 ubuntu-server kernel: smpboot: CPU0: Intel(R) Core(TM) i7-10700 CPU @ 2.90GHz (family: 0x6, model: 0xa5, stepping: 0x5)
Jun 13 03:29:14 ubuntu-server kernel: Performance Events: unsupported p6 CPU model 165 no PMU driver, software events only.
Jun 13 03:29:14 ubuntu-server kernel: rcu: Hierarchical SRCU implementation.
Jun 13 03:29:14 ubuntu-server kernel: NMI watchdog: Perf NMI watchdog permanently disabled
Jun 13 03:29:14 ubuntu-server kernel: smp: Bringing up secondary CPUs ...
Jun 13 03:29:14 ubuntu-server kernel: smp: Brought up 1 node, 1 CPU
Jun 13 03:29:14 ubuntu-server kernel: smpboot: Max logical packages: 1
Jun 13 03:29:14 ubuntu-server kernel: smpboot: Total of 1 processors activated (5808.00 BogoMIPS)
Jun 13 03:29:14 ubuntu-server kernel: devtmpfs: initialized
Jun 13 03:29:14 ubuntu-server kernel: x86/mm: Memory block size: 128MB
Jun 13 03:29:14 ubuntu-server kernel: clocksource: jiffies: mask: 0xffffffff max_cycles: 0xffffffff, max_idle_ns: 7645041785100000 ns
Jun 13 03:29:14 ubuntu-server kernel: futex hash table entries: 256 (order: 2, 16384 bytes, linear)
Jun 13 03:29:14 ubuntu-server kernel: pinctrl core: initialized pinctrl subsystem
Jun 13 03:29:14 ubuntu-server kernel: PM: RTC time: 03:29:09, date: 2022-06-13
Jun 13 03:29:14 ubuntu-server kernel: NET: Registered PF_NETLINK/PF_ROUTE protocol family
Jun 13 03:29:14 ubuntu-server kernel: DMA: preallocated 128 KiB GFP_KERNEL pool for atomic allocations
Jun 13 03:29:14 ubuntu-server kernel: DMA: preallocated 128 KiB GFP_KERNEL|GFP_DMA pool for atomic allocations
Jun 13 03:29:14 ubuntu-server kernel: DMA: preallocated 128 KiB GFP_KERNEL|GFP_DMA32 pool for atomic allocations
Jun 13 03:29:14 ubuntu-server kernel: audit: initializing netlink subsys (disabled)
Jun 13 03:29:14 ubuntu-server kernel: thermal_sys: Registered thermal governor 'fair_share'
Jun 13 03:29:14 ubuntu-server kernel: thermal_sys: Registered thermal governor 'bang_bang'
Jun 13 03:29:14 ubuntu-server kernel: thermal_sys: Registered thermal governor 'step_wise'
Jun 13 03:29:14 ubuntu-server kernel: thermal_sys: Registered thermal governor 'user_space'
Jun 13 03:29:14 ubuntu-server kernel: thermal_sys: Registered thermal governor 'power_allocator'
Jun 13 03:29:14 ubuntu-server kernel: EISA bus registered
Jun 13 03:29:14 ubuntu-server kernel: cpuidle: using governor ladder
Jun 13 03:29:14 ubuntu-server kernel: cpuidle: using governor menu
Jun 13 03:29:14 ubuntu-server kernel: ACPI: bus type PCI registered
Jun 13 03:29:14 ubuntu-server kernel: acpiphp: ACPI Hot Plug PCI Controller Driver version: 0.5
Jun 13 03:29:14 ubuntu-server kernel: PCI: Using configuration type 1 for base access
Jun 13 03:29:14 ubuntu-server kernel: Kprobes globally optimized
Jun 13 03:29:14 ubuntu-server kernel: audit: type=2000 audit(1655090962.527:1): state=initialized audit_enabled=0 res=1
Jun 13 03:29:14 ubuntu-server kernel: HugeTLB registered 2.00 MiB page size, pre-allocated 0 pages
Jun 13 03:29:14 ubuntu-server kernel: ACPI: Added _OSI(Module Device)
Jun 13 03:29:14 ubuntu-server kernel: ACPI: Added _OSI(Processor Device)
Jun 13 03:29:14 ubuntu-server kernel: ACPI: Added _OSI(3.0 _SCP Extensions)
Jun 13 03:29:14 ubuntu-server kernel: ACPI: Added _OSI(Processor Aggregator Device)
Jun 13 03:29:14 ubuntu-server kernel: ACPI: Added _OSI(Linux-Dell-Video)
Jun 13 03:29:14 ubuntu-server kernel: ACPI: Added _OSI(Linux-Lenovo-NV-HDMI-Audio)
Jun 13 03:29:14 ubuntu-server kernel: ACPI: Added _OSI(Linux-HPI-Hybrid-Graphics)
Jun 13 03:29:14 ubuntu-server kernel: ACPI: 2 ACPI AML tables successfully acquired and loaded
Jun 13 03:29:14 ubuntu-server kernel: ACPI: Interpreter enabled
Jun 13 03:29:14 ubuntu-server kernel: ACPI: PM: (supports S0 S5)
Jun 13 03:29:14 ubuntu-server kernel: ACPI: Using IOAPIC for interrupt routing
Jun 13 03:29:14 ubuntu-server kernel: PCI: Using host bridge windows from ACPI; if necessary, use "pci=nocrs" and report a bug
Jun 13 03:29:14 ubuntu-server kernel: ACPI: Enabled 2 GPEs in block 00 to 07
Jun 13 03:29:14 ubuntu-server kernel: ACPI: PCI Root Bridge [PCI0] (domain 0000 [bus 00-ff])
Jun 13 03:29:14 ubuntu-server kernel: acpi PNP0A03:00: _OSC: OS supports [ASPM ClockPM Segments MSI HPX-Type3]
Jun 13 03:29:14 ubuntu-server kernel: acpi PNP0A03:00: _OSC: not requesting OS control; OS requires [ExtendedConfig ASPM ClockPM MSI]
Jun 13 03:29:14 ubuntu-server kernel: acpi PNP0A03:00: fail to add MMCONFIG information, can't access extended PCI configuration space under this bridge.
Jun 13 03:29:14 ubuntu-server kernel: PCI host bridge to bus 0000:00
Jun 13 03:29:14 ubuntu-server kernel: pci_bus 0000:00: root bus resource [bus 00-ff]
Jun 13 03:29:14 ubuntu-server kernel: pci_bus 0000:00: root bus resource [io  0x0000-0x0cf7 window]
Jun 13 03:29:14 ubuntu-server kernel: pci_bus 0000:00: root bus resource [io  0x0d00-0xffff window]
Jun 13 03:29:14 ubuntu-server kernel: pci_bus 0000:00: root bus resource [mem 0x000a0000-0x000bffff window]
Jun 13 03:29:14 ubuntu-server kernel: pci_bus 0000:00: root bus resource [mem 0x40000000-0xfdffffff window]
Jun 13 03:29:14 ubuntu-server kernel: pci 0000:00:00.0: [8086:1237] type 00 class 0x060000
Jun 13 03:29:14 ubuntu-server kernel: pci 0000:00:01.0: [8086:7000] type 00 class 0x060100
Jun 13 03:29:14 ubuntu-server kernel: pci 0000:00:01.1: [8086:7111] type 00 class 0x01018a
Jun 13 03:29:14 ubuntu-server kernel: pci 0000:00:01.1: reg 0x20: [io  0xd000-0xd00f]
Jun 13 03:29:14 ubuntu-server kernel: pci 0000:00:01.1: legacy IDE quirk: reg 0x10: [io  0x01f0-0x01f7]
Jun 13 03:29:14 ubuntu-server kernel: pci 0000:00:01.1: legacy IDE quirk: reg 0x14: [io  0x03f6]
Jun 13 03:29:14 ubuntu-server kernel: pci 0000:00:01.1: legacy IDE quirk: reg 0x18: [io  0x0170-0x0177]
Jun 13 03:29:14 ubuntu-server kernel: pci 0000:00:01.1: legacy IDE quirk: reg 0x1c: [io  0x0376]
Jun 13 03:29:14 ubuntu-server kernel: pci 0000:00:02.0: [15ad:0405] type 00 class 0x030000
Jun 13 03:29:14 ubuntu-server kernel: pci 0000:00:02.0: reg 0x10: [io  0xd010-0xd01f]
Jun 13 03:29:14 ubuntu-server kernel: pci 0000:00:02.0: reg 0x14: [mem 0xe0000000-0xe0ffffff pref]
Jun 13 03:29:14 ubuntu-server kernel: pci 0000:00:02.0: reg 0x18: [mem 0xf0000000-0xf01fffff]
Jun 13 03:29:14 ubuntu-server kernel: pci 0000:00:02.0: Video device with shadowed ROM at [mem 0x000c0000-0x000dffff]
Jun 13 03:29:14 ubuntu-server kernel: pci 0000:00:03.0: [8086:100e] type 00 class 0x020000
Jun 13 03:29:14 ubuntu-server kernel: pci 0000:00:03.0: reg 0x10: [mem 0xf0200000-0xf021ffff]
Jun 13 03:29:14 ubuntu-server kernel: pci 0000:00:03.0: reg 0x18: [io  0xd020-0xd027]
Jun 13 03:29:14 ubuntu-server kernel: pci 0000:00:04.0: [80ee:cafe] type 00 class 0x088000
Jun 13 03:29:14 ubuntu-server kernel: pci 0000:00:04.0: reg 0x10: [io  0xd040-0xd05f]
Jun 13 03:29:14 ubuntu-server kernel: pci 0000:00:04.0: reg 0x14: [mem 0xf0400000-0xf07fffff]
Jun 13 03:29:14 ubuntu-server kernel: pci 0000:00:04.0: reg 0x18: [mem 0xf0800000-0xf0803fff pref]
Jun 13 03:29:14 ubuntu-server kernel: pci 0000:00:05.0: [8086:2415] type 00 class 0x040100
Jun 13 03:29:14 ubuntu-server kernel: pci 0000:00:05.0: reg 0x10: [io  0xd100-0xd1ff]
Jun 13 03:29:14 ubuntu-server kernel: pci 0000:00:05.0: reg 0x14: [io  0xd200-0xd23f]
Jun 13 03:29:14 ubuntu-server kernel: pci 0000:00:06.0: [106b:003f] type 00 class 0x0c0310
Jun 13 03:29:14 ubuntu-server kernel: pci 0000:00:06.0: reg 0x10: [mem 0xf0804000-0xf0804fff]
Jun 13 03:29:14 ubuntu-server kernel: pci 0000:00:07.0: [8086:7113] type 00 class 0x068000
Jun 13 03:29:14 ubuntu-server kernel: pci 0000:00:07.0: quirk: [io  0x4000-0x403f] claimed by PIIX4 ACPI
Jun 13 03:29:14 ubuntu-server kernel: pci 0000:00:07.0: quirk: [io  0x4100-0x410f] claimed by PIIX4 SMB
Jun 13 03:29:14 ubuntu-server kernel: pci 0000:00:0d.0: [8086:2829] type 00 class 0x010601
Jun 13 03:29:14 ubuntu-server kernel: pci 0000:00:0d.0: reg 0x10: [io  0xd240-0xd247]
Jun 13 03:29:14 ubuntu-server kernel: pci 0000:00:0d.0: reg 0x14: [io  0xd248-0xd24b]
Jun 13 03:29:14 ubuntu-server kernel: pci 0000:00:0d.0: reg 0x18: [io  0xd250-0xd257]
Jun 13 03:29:14 ubuntu-server kernel: pci 0000:00:0d.0: reg 0x1c: [io  0xd258-0xd25b]
Jun 13 03:29:14 ubuntu-server kernel: pci 0000:00:0d.0: reg 0x20: [io  0xd260-0xd26f]
Jun 13 03:29:14 ubuntu-server kernel: pci 0000:00:0d.0: reg 0x24: [mem 0xf0806000-0xf0807fff]
Jun 13 03:29:14 ubuntu-server kernel: ACPI: PCI: Interrupt link LNKA configured for IRQ 11
Jun 13 03:29:14 ubuntu-server kernel: ACPI: PCI: Interrupt link LNKB configured for IRQ 10
Jun 13 03:29:14 ubuntu-server kernel: ACPI: PCI: Interrupt link LNKC configured for IRQ 9
Jun 13 03:29:14 ubuntu-server kernel: ACPI: PCI: Interrupt link LNKD configured for IRQ 11
Jun 13 03:29:14 ubuntu-server kernel: iommu: Default domain type: Translated 
Jun 13 03:29:14 ubuntu-server kernel: iommu: DMA domain TLB invalidation policy: lazy mode 
Jun 13 03:29:14 ubuntu-server kernel: SCSI subsystem initialized
Jun 13 03:29:14 ubuntu-server kernel: libata version 3.00 loaded.
Jun 13 03:29:14 ubuntu-server kernel: pci 0000:00:02.0: vgaarb: setting as boot VGA device
Jun 13 03:29:14 ubuntu-server kernel: pci 0000:00:02.0: vgaarb: VGA device added: decodes=io+mem,owns=io+mem,locks=none
Jun 13 03:29:14 ubuntu-server kernel: pci 0000:00:02.0: vgaarb: bridge control possible
Jun 13 03:29:14 ubuntu-server kernel: vgaarb: loaded
Jun 13 03:29:14 ubuntu-server kernel: ACPI: bus type USB registered
Jun 13 03:29:14 ubuntu-server kernel: usbcore: registered new interface driver usbfs
Jun 13 03:29:14 ubuntu-server kernel: usbcore: registered new interface driver hub
Jun 13 03:29:14 ubuntu-server kernel: usbcore: registered new device driver usb
Jun 13 03:29:14 ubuntu-server kernel: pps_core: LinuxPPS API ver. 1 registered
Jun 13 03:29:14 ubuntu-server kernel: pps_core: Software ver. 5.3.6 - Copyright 2005-2007 Rodolfo Giometti <giometti@linux.it>
Jun 13 03:29:14 ubuntu-server kernel: PTP clock support registered
Jun 13 03:29:14 ubuntu-server kernel: EDAC MC: Ver: 3.0.0
Jun 13 03:29:14 ubuntu-server kernel: NetLabel: Initializing
Jun 13 03:29:14 ubuntu-server kernel: NetLabel:  domain hash size = 128
Jun 13 03:29:14 ubuntu-server kernel: NetLabel:  protocols = UNLABELED CIPSOv4 CALIPSO
Jun 13 03:29:14 ubuntu-server kernel: NetLabel:  unlabeled traffic allowed by default
Jun 13 03:29:14 ubuntu-server kernel: PCI: Using ACPI for IRQ routing
Jun 13 03:29:14 ubuntu-server kernel: PCI: pci_cache_line_size set to 64 bytes
Jun 13 03:29:14 ubuntu-server kernel: e820: reserve RAM buffer [mem 0x0009fc00-0x0009ffff]
Jun 13 03:29:14 ubuntu-server kernel: e820: reserve RAM buffer [mem 0x3fff0000-0x3fffffff]
Jun 13 03:29:14 ubuntu-server kernel: clocksource: Switched to clocksource kvm-clock
Jun 13 03:29:14 ubuntu-server kernel: VFS: Disk quotas dquot_6.6.0
Jun 13 03:29:14 ubuntu-server kernel: VFS: Dquot-cache hash table entries: 512 (order 0, 4096 bytes)
Jun 13 03:29:14 ubuntu-server kernel: AppArmor: AppArmor Filesystem Enabled
Jun 13 03:29:14 ubuntu-server kernel: pnp: PnP ACPI init
Jun 13 03:29:14 ubuntu-server kernel: pnp: PnP ACPI: found 2 devices
Jun 13 03:29:14 ubuntu-server kernel: clocksource: acpi_pm: mask: 0xffffff max_cycles: 0xffffff, max_idle_ns: 2085701024 ns
Jun 13 03:29:14 ubuntu-server kernel: NET: Registered PF_INET protocol family
Jun 13 03:29:14 ubuntu-server kernel: IP idents hash table entries: 16384 (order: 5, 131072 bytes, linear)
Jun 13 03:29:14 ubuntu-server kernel: tcp_listen_portaddr_hash hash table entries: 512 (order: 1, 8192 bytes, linear)
Jun 13 03:29:14 ubuntu-server kernel: TCP established hash table entries: 8192 (order: 4, 65536 bytes, linear)
Jun 13 03:29:14 ubuntu-server kernel: TCP bind hash table entries: 8192 (order: 5, 131072 bytes, linear)
Jun 13 03:29:14 ubuntu-server kernel: TCP: Hash tables configured (established 8192 bind 8192)
Jun 13 03:29:14 ubuntu-server kernel: MPTCP token hash table entries: 1024 (order: 2, 24576 bytes, linear)
Jun 13 03:29:14 ubuntu-server kernel: UDP hash table entries: 512 (order: 2, 16384 bytes, linear)
Jun 13 03:29:14 ubuntu-server kernel: UDP-Lite hash table entries: 512 (order: 2, 16384 bytes, linear)
Jun 13 03:29:14 ubuntu-server kernel: NET: Registered PF_UNIX/PF_LOCAL protocol family
Jun 13 03:29:14 ubuntu-server kernel: NET: Registered PF_XDP protocol family
Jun 13 03:29:14 ubuntu-server kernel: pci_bus 0000:00: resource 4 [io  0x0000-0x0cf7 window]
Jun 13 03:29:14 ubuntu-server kernel: pci_bus 0000:00: resource 5 [io  0x0d00-0xffff window]
Jun 13 03:29:14 ubuntu-server kernel: pci_bus 0000:00: resource 6 [mem 0x000a0000-0x000bffff window]
Jun 13 03:29:14 ubuntu-server kernel: pci_bus 0000:00: resource 7 [mem 0x40000000-0xfdffffff window]
Jun 13 03:29:14 ubuntu-server kernel: pci 0000:00:00.0: Limiting direct PCI/PCI transfers
Jun 13 03:29:14 ubuntu-server kernel: pci 0000:00:01.0: Activating ISA DMA hang workarounds
Jun 13 03:29:14 ubuntu-server kernel: PCI: CLS 0 bytes, default 64
Jun 13 03:29:14 ubuntu-server kernel: Trying to unpack rootfs image as initramfs...
Jun 13 03:29:14 ubuntu-server kernel: clocksource: tsc: mask: 0xffffffffffffffff max_cycles: 0x29dc05e54fc, max_idle_ns: 440795291716 ns
Jun 13 03:29:14 ubuntu-server kernel: clocksource: Switched to clocksource tsc
Jun 13 03:29:14 ubuntu-server kernel: platform rtc_cmos: registered platform RTC device (no PNP device found)
Jun 13 03:29:14 ubuntu-server kernel: Initialise system trusted keyrings
Jun 13 03:29:14 ubuntu-server kernel: Key type blacklist registered
Jun 13 03:29:14 ubuntu-server kernel: workingset: timestamp_bits=36 max_order=18 bucket_order=0
Jun 13 03:29:14 ubuntu-server kernel: zbud: loaded
Jun 13 03:29:14 ubuntu-server kernel: squashfs: version 4.0 (2009/01/31) Phillip Lougher
Jun 13 03:29:14 ubuntu-server kernel: fuse: init (API version 7.34)
Jun 13 03:29:14 ubuntu-server kernel: integrity: Platform Keyring initialized
Jun 13 03:29:14 ubuntu-server kernel: Key type asymmetric registered
Jun 13 03:29:14 ubuntu-server kernel: Asymmetric key parser 'x509' registered
Jun 13 03:29:14 ubuntu-server kernel: Block layer SCSI generic (bsg) driver version 0.4 loaded (major 243)
Jun 13 03:29:14 ubuntu-server kernel: io scheduler mq-deadline registered
Jun 13 03:29:14 ubuntu-server kernel: shpchp: Standard Hot Plug PCI Controller Driver version: 0.4
Jun 13 03:29:14 ubuntu-server kernel: ACPI: AC: AC Adapter [AC] (on-line)
Jun 13 03:29:14 ubuntu-server kernel: input: Power Button as /devices/LNXSYSTM:00/LNXPWRBN:00/input/input0
Jun 13 03:29:14 ubuntu-server kernel: ACPI: button: Power Button [PWRF]
Jun 13 03:29:14 ubuntu-server kernel: input: Sleep Button as /devices/LNXSYSTM:00/LNXSLPBN:00/input/input1
Jun 13 03:29:14 ubuntu-server kernel: ACPI: button: Sleep Button [SLPF]
Jun 13 03:29:14 ubuntu-server kernel: Serial: 8250/16550 driver, 32 ports, IRQ sharing enabled
Jun 13 03:29:14 ubuntu-server kernel: Linux agpgart interface v0.103
Jun 13 03:29:14 ubuntu-server kernel: loop: module loaded
Jun 13 03:29:14 ubuntu-server kernel: ata_piix 0000:00:01.1: version 2.13
Jun 13 03:29:14 ubuntu-server kernel: scsi host0: ata_piix
Jun 13 03:29:14 ubuntu-server kernel: scsi host1: ata_piix
Jun 13 03:29:14 ubuntu-server kernel: ata1: PATA max UDMA/33 cmd 0x1f0 ctl 0x3f6 bmdma 0xd000 irq 14
Jun 13 03:29:14 ubuntu-server kernel: ata2: PATA max UDMA/33 cmd 0x170 ctl 0x376 bmdma 0xd008 irq 15
Jun 13 03:29:14 ubuntu-server kernel: tun: Universal TUN/TAP device driver, 1.6
Jun 13 03:29:14 ubuntu-server kernel: PPP generic driver version 2.4.2
Jun 13 03:29:14 ubuntu-server kernel: VFIO - User Level meta-driver version: 0.3
Jun 13 03:29:14 ubuntu-server kernel: ehci_hcd: USB 2.0 'Enhanced' Host Controller (EHCI) Driver
Jun 13 03:29:14 ubuntu-server kernel: ehci-pci: EHCI PCI platform driver
Jun 13 03:29:14 ubuntu-server kernel: ehci-platform: EHCI generic platform driver
Jun 13 03:29:14 ubuntu-server kernel: ohci_hcd: USB 1.1 'Open' Host Controller (OHCI) Driver
Jun 13 03:29:14 ubuntu-server kernel: ohci-pci: OHCI PCI platform driver
Jun 13 03:29:14 ubuntu-server kernel: ohci-pci 0000:00:06.0: OHCI PCI host controller
Jun 13 03:29:14 ubuntu-server kernel: ohci-pci 0000:00:06.0: new USB bus registered, assigned bus number 1
Jun 13 03:29:14 ubuntu-server kernel: ohci-pci 0000:00:06.0: irq 22, io mem 0xf0804000
Jun 13 03:29:14 ubuntu-server kernel: usb usb1: New USB device found, idVendor=1d6b, idProduct=0001, bcdDevice= 5.15
Jun 13 03:29:14 ubuntu-server kernel: usb usb1: New USB device strings: Mfr=3, Product=2, SerialNumber=1
Jun 13 03:29:14 ubuntu-server kernel: usb usb1: Product: OHCI PCI host controller
Jun 13 03:29:14 ubuntu-server kernel: usb usb1: Manufacturer: Linux 5.15.0-25-generic ohci_hcd
Jun 13 03:29:14 ubuntu-server kernel: usb usb1: SerialNumber: 0000:00:06.0
Jun 13 03:29:14 ubuntu-server kernel: hub 1-0:1.0: USB hub found
Jun 13 03:29:14 ubuntu-server kernel: hub 1-0:1.0: 12 ports detected
Jun 13 03:29:14 ubuntu-server kernel: ohci-platform: OHCI generic platform driver
Jun 13 03:29:14 ubuntu-server kernel: uhci_hcd: USB Universal Host Controller Interface driver
Jun 13 03:29:14 ubuntu-server kernel: i8042: PNP: PS/2 Controller [PNP0303:PS2K,PNP0f03:PS2M] at 0x60,0x64 irq 1,12
Jun 13 03:29:14 ubuntu-server kernel: serio: i8042 KBD port at 0x60,0x64 irq 1
Jun 13 03:29:14 ubuntu-server kernel: serio: i8042 AUX port at 0x60,0x64 irq 12
Jun 13 03:29:14 ubuntu-server kernel: mousedev: PS/2 mouse device common for all mice
Jun 13 03:29:14 ubuntu-server kernel: input: AT Translated Set 2 keyboard as /devices/platform/i8042/serio0/input/input2
Jun 13 03:29:14 ubuntu-server kernel: rtc_cmos rtc_cmos: registered as rtc0
Jun 13 03:29:14 ubuntu-server kernel: rtc_cmos rtc_cmos: setting system clock to 2022-06-13T03:29:09 UTC (1655090949)
Jun 13 03:29:14 ubuntu-server kernel: rtc_cmos rtc_cmos: alarms up to one day, 114 bytes nvram
Jun 13 03:29:14 ubuntu-server kernel: i2c_dev: i2c /dev entries driver
Jun 13 03:29:14 ubuntu-server kernel: device-mapper: core: CONFIG_IMA_DISABLE_HTABLE is disabled. Duplicate IMA measurements will not be recorded in the IMA log.
Jun 13 03:29:14 ubuntu-server kernel: device-mapper: uevent: version 1.0.3
Jun 13 03:29:14 ubuntu-server kernel: device-mapper: ioctl: 4.45.0-ioctl (2021-03-22) initialised: dm-devel@redhat.com
Jun 13 03:29:14 ubuntu-server kernel: platform eisa.0: Probing EISA bus 0
Jun 13 03:29:14 ubuntu-server kernel: platform eisa.0: EISA: Cannot allocate resource for mainboard
Jun 13 03:29:14 ubuntu-server kernel: platform eisa.0: Cannot allocate resource for EISA slot 1
Jun 13 03:29:14 ubuntu-server kernel: platform eisa.0: Cannot allocate resource for EISA slot 2
Jun 13 03:29:14 ubuntu-server kernel: platform eisa.0: Cannot allocate resource for EISA slot 3
Jun 13 03:29:14 ubuntu-server kernel: platform eisa.0: Cannot allocate resource for EISA slot 4
Jun 13 03:29:14 ubuntu-server kernel: platform eisa.0: Cannot allocate resource for EISA slot 5
Jun 13 03:29:14 ubuntu-server kernel: platform eisa.0: Cannot allocate resource for EISA slot 6
Jun 13 03:29:14 ubuntu-server kernel: platform eisa.0: Cannot allocate resource for EISA slot 7
Jun 13 03:29:14 ubuntu-server kernel: platform eisa.0: Cannot allocate resource for EISA slot 8
Jun 13 03:29:14 ubuntu-server kernel: platform eisa.0: EISA: Detected 0 cards
Jun 13 03:29:14 ubuntu-server kernel: intel_pstate: CPU model not supported
Jun 13 03:29:14 ubuntu-server kernel: ledtrig-cpu: registered to indicate activity on CPUs
Jun 13 03:29:14 ubuntu-server kernel: intel_pmc_core intel_pmc_core.0:  initialized
Jun 13 03:29:14 ubuntu-server kernel: drop_monitor: Initializing network drop monitor service
Jun 13 03:29:14 ubuntu-server kernel: NET: Registered PF_INET6 protocol family
Jun 13 03:29:14 ubuntu-server kernel: ata2.00: ATAPI: VBOX CD-ROM, 1.0, max UDMA/133
Jun 13 03:29:14 ubuntu-server kernel: scsi 1:0:0:0: CD-ROM            VBOX     CD-ROM           1.0  PQ: 0 ANSI: 5
Jun 13 03:29:14 ubuntu-server kernel: sr 1:0:0:0: [sr0] scsi3-mmc drive: 32x/32x xa/form2 tray
Jun 13 03:29:14 ubuntu-server kernel: cdrom: Uniform CD-ROM driver Revision: 3.20
Jun 13 03:29:14 ubuntu-server kernel: sr 1:0:0:0: Attached scsi CD-ROM sr0
Jun 13 03:29:14 ubuntu-server kernel: sr 1:0:0:0: Attached scsi generic sg0 type 5
Jun 13 03:29:14 ubuntu-server kernel: Freeing initrd memory: 105160K
Jun 13 03:29:14 ubuntu-server kernel: Segment Routing with IPv6
Jun 13 03:29:14 ubuntu-server kernel: In-situ OAM (IOAM) with IPv6
Jun 13 03:29:14 ubuntu-server kernel: NET: Registered PF_PACKET protocol family
Jun 13 03:29:14 ubuntu-server kernel: Key type dns_resolver registered
Jun 13 03:29:14 ubuntu-server kernel: IPI shorthand broadcast: enabled
Jun 13 03:29:14 ubuntu-server kernel: sched_clock: Marking stable (722668354, 26718540)->(751404007, -2017113)
Jun 13 03:29:14 ubuntu-server kernel: registered taskstats version 1
Jun 13 03:29:14 ubuntu-server kernel: Loading compiled-in X.509 certificates
Jun 13 03:29:14 ubuntu-server kernel: Loaded X.509 cert 'Build time autogenerated kernel key: c887ab1fa6442665629113512b4db089a7808038'
Jun 13 03:29:14 ubuntu-server kernel: Loaded X.509 cert 'Canonical Ltd. Live Patch Signing: 14df34d1a87cf37625abec039ef2bf521249b969'
Jun 13 03:29:14 ubuntu-server kernel: Loaded X.509 cert 'Canonical Ltd. Kernel Module Signing: 88f752e560a1e0737e31163a466ad7b70a850c19'
Jun 13 03:29:14 ubuntu-server kernel: blacklist: Loading compiled-in revocation X.509 certificates
Jun 13 03:29:14 ubuntu-server kernel: Loaded X.509 cert 'Canonical Ltd. Secure Boot Signing: 61482aa2830d0ab2ad5af10b7250da9033ddcef0'
Jun 13 03:29:14 ubuntu-server kernel: zswap: loaded using pool lzo/zbud
Jun 13 03:29:14 ubuntu-server kernel: Key type ._fscrypt registered
Jun 13 03:29:14 ubuntu-server kernel: Key type .fscrypt registered
Jun 13 03:29:14 ubuntu-server kernel: Key type fscrypt-provisioning registered
Jun 13 03:29:14 ubuntu-server kernel: Key type encrypted registered
Jun 13 03:29:14 ubuntu-server kernel: AppArmor: AppArmor sha1 policy hashing enabled
Jun 13 03:29:14 ubuntu-server kernel: ima: No TPM chip found, activating TPM-bypass!
Jun 13 03:29:14 ubuntu-server kernel: Loading compiled-in module X.509 certificates
Jun 13 03:29:14 ubuntu-server kernel: Loaded X.509 cert 'Build time autogenerated kernel key: c887ab1fa6442665629113512b4db089a7808038'
Jun 13 03:29:14 ubuntu-server kernel: ima: Allocated hash algorithm: sha1
Jun 13 03:29:14 ubuntu-server kernel: ima: No architecture policies found
Jun 13 03:29:14 ubuntu-server kernel: evm: Initialising EVM extended attributes:
Jun 13 03:29:14 ubuntu-server kernel: evm: security.selinux
Jun 13 03:29:14 ubuntu-server kernel: evm: security.SMACK64
Jun 13 03:29:14 ubuntu-server kernel: evm: security.SMACK64EXEC
Jun 13 03:29:14 ubuntu-server kernel: evm: security.SMACK64TRANSMUTE
Jun 13 03:29:14 ubuntu-server kernel: evm: security.SMACK64MMAP
Jun 13 03:29:14 ubuntu-server kernel: evm: security.apparmor
Jun 13 03:29:14 ubuntu-server kernel: evm: security.ima
Jun 13 03:29:14 ubuntu-server kernel: evm: security.capability
Jun 13 03:29:14 ubuntu-server kernel: evm: HMAC attrs: 0x1
Jun 13 03:29:14 ubuntu-server kernel: PM:   Magic number: 10:218:462
Jun 13 03:29:14 ubuntu-server kernel: RAS: Correctable Errors collector initialized.
Jun 13 03:29:14 ubuntu-server kernel: Freeing unused decrypted memory: 2036K
Jun 13 03:29:14 ubuntu-server kernel: Freeing unused kernel image (initmem) memory: 2952K
Jun 13 03:29:14 ubuntu-server kernel: Write protecting the kernel read-only data: 30720k
Jun 13 03:29:14 ubuntu-server kernel: Freeing unused kernel image (text/rodata gap) memory: 2036K
Jun 13 03:29:14 ubuntu-server kernel: Freeing unused kernel image (rodata/data gap) memory: 1504K
Jun 13 03:29:14 ubuntu-server kernel: x86/mm: Checked W+X mappings: passed, no W+X pages found.
Jun 13 03:29:14 ubuntu-server kernel: usb 1-1: new full-speed USB device number 2 using ohci-pci
Jun 13 03:29:14 ubuntu-server kernel: Run /init as init process
Jun 13 03:29:14 ubuntu-server kernel:   with arguments:
Jun 13 03:29:14 ubuntu-server kernel:     /init
Jun 13 03:29:14 ubuntu-server kernel:     ---
Jun 13 03:29:14 ubuntu-server kernel:   with environment:
Jun 13 03:29:14 ubuntu-server kernel:     HOME=/
Jun 13 03:29:14 ubuntu-server kernel:     TERM=linux
Jun 13 03:29:14 ubuntu-server kernel:     BOOT_IMAGE=/casper/vmlinuz
Jun 13 03:29:14 ubuntu-server kernel: e1000: Intel(R) PRO/1000 Network Driver
Jun 13 03:29:14 ubuntu-server kernel: e1000: Copyright (c) 1999-2006 Intel Corporation.
Jun 13 03:29:14 ubuntu-server kernel: piix4_smbus 0000:00:07.0: SMBus Host Controller at 0x4100, revision 0
Jun 13 03:29:14 ubuntu-server kernel: ahci 0000:00:0d.0: version 3.0
Jun 13 03:29:14 ubuntu-server kernel: ahci 0000:00:0d.0: SSS flag set, parallel bus scan disabled
Jun 13 03:29:14 ubuntu-server kernel: ahci 0000:00:0d.0: AHCI 0001.0100 32 slots 1 ports 3 Gbps 0x1 impl SATA mode
Jun 13 03:29:14 ubuntu-server kernel: ahci 0000:00:0d.0: flags: 64bit ncq stag only ccc 
Jun 13 03:29:14 ubuntu-server kernel: scsi host2: ahci
Jun 13 03:29:14 ubuntu-server kernel: ata3: SATA max UDMA/133 abar m8192@0xf0806000 port 0xf0806100 irq 21
Jun 13 03:29:14 ubuntu-server kernel: ACPI: video: Video Device [GFX0] (multi-head: yes  rom: no  post: no)
Jun 13 03:29:14 ubuntu-server kernel: input: Video Bus as /devices/LNXSYSTM:00/LNXSYBUS:00/PNP0A03:00/LNXVIDEO:00/input/input5
Jun 13 03:29:14 ubuntu-server kernel: cryptd: max_cpu_qlen set to 1000
Jun 13 03:29:14 ubuntu-server kernel: input: ImExPS/2 Generic Explorer Mouse as /devices/platform/i8042/serio1/input/input4
Jun 13 03:29:14 ubuntu-server kernel: usb 1-1: New USB device found, idVendor=80ee, idProduct=0021, bcdDevice= 1.00
Jun 13 03:29:14 ubuntu-server kernel: usb 1-1: New USB device strings: Mfr=1, Product=3, SerialNumber=0
Jun 13 03:29:14 ubuntu-server kernel: usb 1-1: Product: USB Tablet
Jun 13 03:29:14 ubuntu-server kernel: usb 1-1: Manufacturer: VirtualBox
Jun 13 03:29:14 ubuntu-server kernel: hid: raw HID events driver (C) Jiri Kosina
Jun 13 03:29:14 ubuntu-server kernel: ata3: SATA link up 3.0 Gbps (SStatus 123 SControl 300)
Jun 13 03:29:14 ubuntu-server kernel: ata3.00: ATA-6: VBOX HARDDISK, 1.0, max UDMA/133
Jun 13 03:29:14 ubuntu-server kernel: ata3.00: 41943040 sectors, multi 128: LBA48 NCQ (depth 32)
Jun 13 03:29:14 ubuntu-server kernel: ata3.00: configured for UDMA/133
Jun 13 03:29:14 ubuntu-server kernel: scsi 2:0:0:0: Direct-Access     ATA      VBOX HARDDISK    1.0  PQ: 0 ANSI: 5
Jun 13 03:29:14 ubuntu-server kernel: sd 2:0:0:0: [sda] 41943040 512-byte logical blocks: (21.5 GB/20.0 GiB)
Jun 13 03:29:14 ubuntu-server kernel: sd 2:0:0:0: [sda] Write Protect is off
Jun 13 03:29:14 ubuntu-server kernel: sd 2:0:0:0: [sda] Mode Sense: 00 3a 00 00
Jun 13 03:29:14 ubuntu-server kernel: sd 2:0:0:0: Attached scsi generic sg1 type 0
Jun 13 03:29:14 ubuntu-server kernel: sd 2:0:0:0: [sda] Write cache: enabled, read cache: enabled, doesn't support DPO or FUA
Jun 13 03:29:14 ubuntu-server kernel: sd 2:0:0:0: [sda] Attached SCSI disk
Jun 13 03:29:14 ubuntu-server kernel: vmwgfx 0000:00:02.0: vgaarb: deactivate vga console
Jun 13 03:29:14 ubuntu-server kernel: Console: switching to colour dummy device 80x25
Jun 13 03:29:14 ubuntu-server kernel: AVX2 version of gcm_enc/dec engaged.
Jun 13 03:29:14 ubuntu-server kernel: AES CTR mode by8 optimization enabled
Jun 13 03:29:14 ubuntu-server kernel: [TTM] Zone  kernel: Available graphics memory: 497298 KiB
Jun 13 03:29:14 ubuntu-server kernel: vmwgfx 0000:00:02.0: [drm] FIFO at 0x00000000f0000000 size is 2048 kiB
Jun 13 03:29:14 ubuntu-server kernel: vmwgfx 0000:00:02.0: [drm] VRAM at 0x00000000e0000000 size is 16384 kiB
Jun 13 03:29:14 ubuntu-server kernel: vmwgfx 0000:00:02.0: [drm] Running on SVGA version 2.
Jun 13 03:29:14 ubuntu-server kernel: vmwgfx 0000:00:02.0: [drm] DMA map mode: Caching DMA mappings.
Jun 13 03:29:14 ubuntu-server kernel: vmwgfx 0000:00:02.0: [drm] Legacy memory limits: VRAM = 16384 kB, FIFO = 2048 kB, surface = 507904 kB
Jun 13 03:29:14 ubuntu-server kernel: vmwgfx 0000:00:02.0: [drm] MOB limits: max mob size = 0 kB, max mob pages = 0
Jun 13 03:29:14 ubuntu-server kernel: vmwgfx 0000:00:02.0: [drm] Capabilities: cursor, cursor bypass 2, alpha cursor, 3D, extended fifo, pitchlock, irq mask, gmr, traces, gmr2, screen object 2, 
Jun 13 03:29:14 ubuntu-server kernel: vmwgfx 0000:00:02.0: [drm] Max GMR ids is 8192
Jun 13 03:29:14 ubuntu-server kernel: vmwgfx 0000:00:02.0: [drm] Max number of GMR pages is 1048576
Jun 13 03:29:14 ubuntu-server kernel: vmwgfx 0000:00:02.0: [drm] Maximum display memory size is 16384 kiB
Jun 13 03:29:14 ubuntu-server kernel: vmwgfx 0000:00:02.0: [drm] Screen Object display unit initialized
Jun 13 03:29:14 ubuntu-server kernel: vmwgfx 0000:00:02.0: [drm] Fifo max 0x00200000 min 0x00001000 cap 0x00000355
Jun 13 03:29:14 ubuntu-server kernel: vmwgfx 0000:00:02.0: [drm] Available shader model: Legacy.
Jun 13 03:29:14 ubuntu-server kernel: [drm:vmw_host_printf [vmwgfx]] *ERROR* Failed to send host log message.
Jun 13 03:29:14 ubuntu-server kernel: fbcon: svgadrmfb (fb0) is primary device
Jun 13 03:29:14 ubuntu-server kernel: Console: switching to colour frame buffer device 100x37
Jun 13 03:29:14 ubuntu-server kernel: [drm] Initialized vmwgfx 2.19.0 20210722 for 0000:00:02.0 on minor 0
Jun 13 03:29:14 ubuntu-server kernel: usbcore: registered new interface driver usbhid
Jun 13 03:29:14 ubuntu-server kernel: usbhid: USB HID core driver
Jun 13 03:29:14 ubuntu-server kernel: input: VirtualBox USB Tablet as /devices/pci0000:00/0000:00:06.0/usb1/1-1/1-1:1.0/0003:80EE:0021.0001/input/input6
Jun 13 03:29:14 ubuntu-server kernel: hid-generic 0003:80EE:0021.0001: input,hidraw0: USB HID v1.10 Mouse [VirtualBox USB Tablet] on usb-0000:00:06.0-1/input0
Jun 13 03:29:14 ubuntu-server kernel: e1000 0000:00:03.0 eth0: (PCI:33MHz:32-bit) 08:00:27:04:3f:6a
Jun 13 03:29:14 ubuntu-server kernel: e1000 0000:00:03.0 eth0: Intel(R) PRO/1000 Network Connection
Jun 13 03:29:14 ubuntu-server kernel: e1000 0000:00:03.0 enp0s3: renamed from eth0
Jun 13 03:29:14 ubuntu-server kernel: raid6: avx2x4   gen() 39913 MB/s
Jun 13 03:29:14 ubuntu-server kernel: raid6: avx2x4   xor() 20633 MB/s
Jun 13 03:29:14 ubuntu-server kernel: raid6: avx2x2   gen() 40170 MB/s
Jun 13 03:29:14 ubuntu-server kernel: raid6: avx2x2   xor() 25562 MB/s
Jun 13 03:29:14 ubuntu-server kernel: raid6: avx2x1   gen() 36888 MB/s
Jun 13 03:29:14 ubuntu-server kernel: raid6: avx2x1   xor() 20408 MB/s
Jun 13 03:29:14 ubuntu-server kernel: raid6: sse2x4   gen() 20519 MB/s
Jun 13 03:29:14 ubuntu-server kernel: raid6: sse2x4   xor() 11907 MB/s
Jun 13 03:29:14 ubuntu-server kernel: raid6: sse2x2   gen() 21493 MB/s
Jun 13 03:29:14 ubuntu-server kernel: raid6: sse2x2   xor() 13059 MB/s
Jun 13 03:29:14 ubuntu-server kernel: raid6: sse2x1   gen() 17729 MB/s
Jun 13 03:29:14 ubuntu-server kernel: raid6: sse2x1   xor()  8887 MB/s
Jun 13 03:29:14 ubuntu-server kernel: raid6: using algorithm avx2x2 gen() 40170 MB/s
Jun 13 03:29:14 ubuntu-server kernel: raid6: .... xor() 25562 MB/s, rmw enabled
Jun 13 03:29:14 ubuntu-server kernel: raid6: using avx2x2 recovery algorithm
Jun 13 03:29:14 ubuntu-server kernel: xor: automatically using best checksumming function   avx       
Jun 13 03:29:14 ubuntu-server kernel: async_tx: api initialized (async)
Jun 13 03:29:14 ubuntu-server kernel: ISO 9660 Extensions: Microsoft Joliet Level 3
Jun 13 03:29:14 ubuntu-server kernel: ISO 9660 Extensions: RRIP_1991A
Jun 13 03:29:14 ubuntu-server kernel: loop0: detected capacity change from 0 to 282472
Jun 13 03:29:14 ubuntu-server kernel: loop1: detected capacity change from 0 to 572696
Jun 13 03:29:14 ubuntu-server kernel: loop2: detected capacity change from 0 to 762376
Jun 13 03:29:14 ubuntu-server kernel: loop3: detected capacity change from 0 to 258016
Jun 13 03:29:14 ubuntu-server kernel: overlayfs: null uuid detected in lower fs '/', falling back to xino=off,index=off,nfs_export=off.
Jun 13 03:29:14 ubuntu-server kernel: loop4: detected capacity change from 0 to 282472
Jun 13 03:29:14 ubuntu-server kernel: loop5: detected capacity change from 0 to 572696
Jun 13 03:29:14 ubuntu-server kernel: overlayfs: "xino" feature enabled using 32 upper inode bits.
Jun 13 03:29:14 ubuntu-server systemd[1]: Inserted module 'autofs4'
Jun 13 03:29:14 ubuntu-server systemd[1]: systemd 249.11-0ubuntu3 running in system mode (+PAM +AUDIT +SELINUX +APPARMOR +IMA +SMACK +SECCOMP +GCRYPT +GNUTLS -OPENSSL +ACL +BLKID +CURL +ELFUTILS -FIDO2 +IDN2 -IDN +IPTC +KMOD +LIBCRYPTSETUP -LIBFDISK +PCRE2 -PWQUALITY -P11KIT -QRENCODE +BZIP2 +LZ4 +XZ +ZLIB +ZSTD -XKBCOMMON +UTMP +SYSVINIT default-hierarchy=unified)
Jun 13 03:29:14 ubuntu-server systemd[1]: Detected virtualization oracle.
Jun 13 03:29:14 ubuntu-server systemd[1]: Detected architecture x86-64.
Jun 13 03:29:14 ubuntu-server systemd[1]: Initializing machine ID from random generator.
Jun 13 03:29:14 ubuntu-server systemd[1]: Queued start job for default target Graphical Interface.
Jun 13 03:29:14 ubuntu-server systemd[1]: Created slice Slice /system/modprobe.
Jun 13 03:29:14 ubuntu-server systemd[1]: Created slice User and Session Slice.
Jun 13 03:29:14 ubuntu-server systemd[1]: Started Forward Password Requests to Wall Directory Watch.
Jun 13 03:29:14 ubuntu-server systemd[1]: Set up automount Arbitrary Executable File Formats File System Automount Point.
Jun 13 03:29:14 ubuntu-server systemd[1]: Reached target Slice Units.
Jun 13 03:29:14 ubuntu-server systemd[1]: Reached target Swaps.
Jun 13 03:29:14 ubuntu-server systemd[1]: Reached target Local Verity Protected Volumes.
Jun 13 03:29:14 ubuntu-server systemd[1]: Listening on Device-mapper event daemon FIFOs.
Jun 13 03:29:14 ubuntu-server systemd[1]: Listening on LVM2 poll daemon socket.
Jun 13 03:29:14 ubuntu-server systemd[1]: Listening on multipathd control socket.
Jun 13 03:29:14 ubuntu-server systemd[1]: Listening on Syslog Socket.
Jun 13 03:29:14 ubuntu-server systemd[1]: Listening on initctl Compatibility Named Pipe.
Jun 13 03:29:14 ubuntu-server systemd[1]: Listening on Journal Audit Socket.
Jun 13 03:29:14 ubuntu-server systemd[1]: Listening on Journal Socket (/dev/log).
Jun 13 03:29:14 ubuntu-server systemd[1]: Listening on Network Service Netlink Socket.
Jun 13 03:29:14 ubuntu-server systemd[1]: Listening on udev Control Socket.
Jun 13 03:29:14 ubuntu-server systemd[1]: Listening on udev Kernel Socket.
Jun 13 03:29:14 ubuntu-server systemd[1]: Unmounting /cdrom...
Jun 13 03:29:14 ubuntu-server systemd[824]: cdrom.mount: Failed to connect stdout to the journal socket, ignoring: No such file or directory
Jun 13 03:29:14 ubuntu-server systemd[1]: cdrom.mount: Mount process exited, code=exited, status=32/n/a
Jun 13 03:29:14 ubuntu-server systemd[1]: Failed unmounting /cdrom.
Jun 13 03:29:14 ubuntu-server systemd[1]: Listening on Journal Socket.
Jun 13 03:29:14 ubuntu-server systemd[1]: Mounting Huge Pages File System...
Jun 13 03:29:14 ubuntu-server systemd[1]: Mounting POSIX Message Queue File System...
Jun 13 03:29:14 ubuntu-server systemd[1]: Mounting Kernel Debug File System...
Jun 13 03:29:14 ubuntu-server systemd[1]: Mounting Kernel Trace File System...
Jun 13 03:29:14 ubuntu-server systemd[1]: Starting Journal Service...
Jun 13 03:29:14 ubuntu-server systemd[1]: Starting Set the console keyboard layout...
Jun 13 03:29:14 ubuntu-server systemd[1]: Starting Create List of Static Device Nodes...
Jun 13 03:29:14 ubuntu-server systemd[1]: Starting Monitoring of LVM2 mirrors, snapshots etc. using dmeventd or progress polling...
Jun 13 03:29:14 ubuntu-server systemd[1]: Condition check resulted in LXD - agent being skipped.
Jun 13 03:29:14 ubuntu-server systemd[1]: Starting Load Kernel Module configfs...
Jun 13 03:29:14 ubuntu-server systemd[1]: Starting Load Kernel Module drm...
Jun 13 03:29:14 ubuntu-server systemd[1]: Starting Load Kernel Module fuse...
Jun 13 03:29:14 ubuntu-server systemd[1]: Condition check resulted in OpenVSwitch configuration for cleanup being skipped.
Jun 13 03:29:14 ubuntu-server systemd[1]: Starting Load Kernel Modules...
Jun 13 03:29:14 ubuntu-server systemd[1]: Starting Remount Root and Kernel File Systems...
Jun 13 03:29:14 ubuntu-server systemd[1]: Starting Coldplug All udev Devices...
Jun 13 03:29:14 ubuntu-server systemd[1]: Mounted Huge Pages File System.
Jun 13 03:29:14 ubuntu-server systemd[1]: Mounted POSIX Message Queue File System.
Jun 13 03:29:14 ubuntu-server systemd-journald[829]: Journal started
Jun 13 03:29:14 ubuntu-server systemd-journald[829]: Runtime Journal (/run/log/journal/38f6670707da49ad9b9320699854c028) is 1.2M, max 9.7M, 8.5M free.
Jun 13 03:29:14 ubuntu-server systemd-modules-load[838]: Inserted module 'msr'
Jun 13 03:29:14 ubuntu-server systemd[1]: Started Journal Service.
Jun 13 03:29:14 ubuntu-server kernel: IPMI message handler: version 39.2
Jun 13 03:29:14 ubuntu-server systemd[1]: Mounted Kernel Debug File System.
Jun 13 03:29:14 ubuntu-server systemd[1]: Mounted Kernel Trace File System.
Jun 13 03:29:14 ubuntu-server systemd[1]: Finished Create List of Static Device Nodes.
Jun 13 03:29:14 ubuntu-server systemd[1]: Finished Monitoring of LVM2 mirrors, snapshots etc. using dmeventd or progress polling.
Jun 13 03:29:14 ubuntu-server systemd[1]: modprobe@configfs.service: Deactivated successfully.
Jun 13 03:29:14 ubuntu-server systemd[1]: Finished Load Kernel Module configfs.
Jun 13 03:29:14 ubuntu-server systemd[1]: modprobe@drm.service: Deactivated successfully.
Jun 13 03:29:14 ubuntu-server kernel: ipmi device interface
Jun 13 03:29:14 ubuntu-server systemd-modules-load[838]: Inserted module 'ipmi_devintf'
Jun 13 03:29:14 ubuntu-server systemd[1]: Finished Load Kernel Module drm.
Jun 13 03:29:14 ubuntu-server systemd[1]: modprobe@fuse.service: Deactivated successfully.
Jun 13 03:29:14 ubuntu-server systemd[1]: Finished Load Kernel Module fuse.
Jun 13 03:29:14 ubuntu-server systemd[1]: Finished Remount Root and Kernel File Systems.
Jun 13 03:29:14 ubuntu-server systemd[1]: Finished Load Kernel Modules.
Jun 13 03:29:14 ubuntu-server systemd[1]: Mounting FUSE Control File System...
Jun 13 03:29:14 ubuntu-server systemd[1]: Mounting Kernel Configuration File System...
Jun 13 03:29:14 ubuntu-server systemd[1]: Starting Device-Mapper Multipath Device Controller...
Jun 13 03:29:14 ubuntu-server systemd[1]: Starting Flush Journal to Persistent Storage...
Jun 13 03:29:14 ubuntu-server systemd[1]: Condition check resulted in Platform Persistent Storage Archival being skipped.
Jun 13 03:29:14 ubuntu-server systemd[1]: Starting Load/Save Random Seed...
Jun 13 03:29:14 ubuntu-server systemd[1]: Starting Apply Kernel Variables...
Jun 13 03:29:14 ubuntu-server systemd-journald[829]: Time spent on flushing to /var/log/journal/38f6670707da49ad9b9320699854c028 is 2.163ms for 570 entries.
Jun 13 03:29:14 ubuntu-server systemd-journald[829]: System Journal (/var/log/journal/38f6670707da49ad9b9320699854c028) is 6.0M, max 48.5M, 42.4M free.
Jun 13 03:29:14 ubuntu-server systemd[1]: Starting Create System Users...
Jun 13 03:29:14 ubuntu-server systemd[1]: Mounted FUSE Control File System.
Jun 13 03:29:14 ubuntu-server systemd[1]: Mounted Kernel Configuration File System.
Jun 13 03:29:14 ubuntu-server kernel: alua: device handler registered
Jun 13 03:29:14 ubuntu-server kernel: emc: device handler registered
Jun 13 03:29:14 ubuntu-server kernel: rdac: device handler registered
Jun 13 03:29:14 ubuntu-server systemd[1]: Finished Flush Journal to Persistent Storage.
Jun 13 03:29:14 ubuntu-server systemd[1]: Finished Load/Save Random Seed.
Jun 13 03:29:14 ubuntu-server systemd[1]: Condition check resulted in First Boot Complete being skipped.
Jun 13 03:29:14 ubuntu-server systemd[1]: Finished Set the console keyboard layout.
Jun 13 03:29:14 ubuntu-server systemd[1]: Finished Create System Users.
Jun 13 03:29:14 ubuntu-server systemd[1]: Starting Create Static Device Nodes in /dev...
Jun 13 03:29:14 ubuntu-server systemd[1]: Finished Apply Kernel Variables.
Jun 13 03:29:14 ubuntu-server systemd[1]: Finished Create Static Device Nodes in /dev.
Jun 13 03:29:14 ubuntu-server systemd[1]: Starting Rule-based Manager for Device Events and Files...
Jun 13 03:29:14 ubuntu-server systemd[1]: Finished Coldplug All udev Devices.
Jun 13 03:29:14 ubuntu-server multipathd[859]: --------start up--------
Jun 13 03:29:14 ubuntu-server multipathd[859]: read /etc/multipath.conf
Jun 13 03:29:14 ubuntu-server multipathd[859]: path checkers start up
Jun 13 03:29:14 ubuntu-server systemd[1]: Started Device-Mapper Multipath Device Controller.
Jun 13 03:29:14 ubuntu-server systemd[1]: Reached target Preparation for Local File Systems.
Jun 13 03:29:14 ubuntu-server systemd[1]: Mounting Mount unit for core20, revision 1405...
Jun 13 03:29:14 ubuntu-server systemd[1]: Mounting Mount unit for lxd, revision 22923...
Jun 13 03:29:14 ubuntu-server systemd[1]: Mounting Mount unit for snapd, revision 15534...
Jun 13 03:29:14 ubuntu-server systemd[1]: Mounting Mount unit for subiquity, revision 3359...
Jun 13 03:29:14 ubuntu-server systemd[1]: tmp.mount: Directory /tmp to mount over is not empty, mounting anyway.
Jun 13 03:29:14 ubuntu-server kernel: loop6: detected capacity change from 0 to 126760
Jun 13 03:29:14 ubuntu-server systemd[1]: Mounting /tmp...
Jun 13 03:29:14 ubuntu-server kernel: loop7: detected capacity change from 0 to 163736
Jun 13 03:29:14 ubuntu-server kernel: loop8: detected capacity change from 0 to 91496
Jun 13 03:29:14 ubuntu-server systemd[1]: Started Rule-based Manager for Device Events and Files.
Jun 13 03:29:14 ubuntu-server kernel: loop9: detected capacity change from 0 to 64224
Jun 13 03:29:14 ubuntu-server systemd[1]: Condition check resulted in Show Plymouth Boot Screen being skipped.
Jun 13 03:29:14 ubuntu-server systemd[1]: Started Dispatch Password Requests to Console Directory Watch.
Jun 13 03:29:14 ubuntu-server systemd[1]: Condition check resulted in Forward Password Requests to Plymouth Directory Watch being skipped.
Jun 13 03:29:14 ubuntu-server systemd[1]: Reached target Local Encrypted Volumes.
Jun 13 03:29:14 ubuntu-server systemd[1]: Mounted /tmp.
Jun 13 03:29:14 ubuntu-server systemd[1]: Mounted Mount unit for snapd, revision 15534.
Jun 13 03:29:14 ubuntu-server systemd[1]: Mounted Mount unit for lxd, revision 22923.
Jun 13 03:29:14 ubuntu-server systemd[1]: Mounted Mount unit for subiquity, revision 3359.
Jun 13 03:29:14 ubuntu-server systemd[1]: Mounted Mount unit for core20, revision 1405.
Jun 13 03:29:14 ubuntu-server systemd[1]: Reached target Local File Systems.
Jun 13 03:29:14 ubuntu-server systemd[1]: Condition check resulted in Load AppArmor profiles being skipped.
Jun 13 03:29:14 ubuntu-server systemd[1]: Starting Set console font and keymap...
Jun 13 03:29:14 ubuntu-server systemd[1]: Starting Create final runtime dir for shutdown pivot root...
Jun 13 03:29:14 ubuntu-server systemd[1]: Starting Tell Plymouth To Write Out Runtime Data...
Jun 13 03:29:14 ubuntu-server systemd[1]: Starting Load AppArmor profiles managed internally by snapd...
Jun 13 03:29:14 ubuntu-server systemd[1]: Condition check resulted in Set Up Additional Binary Formats being skipped.
Jun 13 03:29:14 ubuntu-server systemd[1]: Condition check resulted in Store a System Token in an EFI Variable being skipped.
Jun 13 03:29:14 ubuntu-server systemd[1]: Condition check resulted in Commit a transient machine-id on disk being skipped.
Jun 13 03:29:14 ubuntu-server systemd[1]: Starting Create Volatile Files and Directories...
Jun 13 03:29:14 ubuntu-server systemd[1]: Starting Uncomplicated firewall...
Jun 13 03:29:14 ubuntu-server systemd[1]: Finished Create final runtime dir for shutdown pivot root.
Jun 13 03:29:14 ubuntu-server systemd[1]: Finished Tell Plymouth To Write Out Runtime Data.
Jun 13 03:29:14 ubuntu-server systemd[1]: Finished Uncomplicated firewall.
Jun 13 03:29:14 ubuntu-server systemd[1]: Finished Create Volatile Files and Directories.
Jun 13 03:29:14 ubuntu-server systemd[1]: Starting Network Time Synchronization...
Jun 13 03:29:14 ubuntu-server systemd[1]: Starting Record System Boot/Shutdown in UTMP...
Jun 13 03:29:14 ubuntu-server systemd[1]: Condition check resulted in Authentication service for virtual machines hosted on VMware being skipped.
Jun 13 03:29:14 ubuntu-server systemd[1]: Condition check resulted in Service for virtual machines hosted on VMware being skipped.
Jun 13 03:29:14 ubuntu-server systemd[1]: Starting Initial cloud-init job (pre-networking)...
Jun 13 03:29:14 ubuntu-server systemd[1]: Finished Record System Boot/Shutdown in UTMP.
Jun 13 03:29:15 ubuntu-server systemd[1]: Started Network Time Synchronization.
Jun 13 03:29:15 ubuntu-server systemd[1]: Reached target System Time Set.
Jun 13 03:29:15 ubuntu-server systemd-udevd[882]: Using default interface naming scheme 'v249'.
Jun 13 03:29:16 ubuntu-server audit[924]: AVC apparmor="STATUS" operation="profile_load" profile="unconfined" name="/snap/snapd/15534/usr/lib/snapd/snap-confine" pid=924 comm="apparmor_parser"
Jun 13 03:29:16 ubuntu-server audit[924]: AVC apparmor="STATUS" operation="profile_load" profile="unconfined" name="/snap/snapd/15534/usr/lib/snapd/snap-confine//mount-namespace-capture-helper" pid=924 comm="apparmor_parser"
Jun 13 03:29:16 ubuntu-server kernel: audit: type=1400 audit(1655090956.119:2): apparmor="STATUS" operation="profile_load" profile="unconfined" name="/snap/snapd/15534/usr/lib/snapd/snap-confine" pid=924 comm="apparmor_parser"
Jun 13 03:29:16 ubuntu-server kernel: audit: type=1400 audit(1655090956.119:3): apparmor="STATUS" operation="profile_load" profile="unconfined" name="/snap/snapd/15534/usr/lib/snapd/snap-confine//mount-namespace-capture-helper" pid=924 comm="apparmor_parser"
Jun 13 03:29:16 ubuntu-server audit[1091]: AVC apparmor="STATUS" operation="profile_load" profile="unconfined" name="snap-update-ns.lxd" pid=1091 comm="apparmor_parser"
Jun 13 03:29:16 ubuntu-server kernel: audit: type=1400 audit(1655090956.147:4): apparmor="STATUS" operation="profile_load" profile="unconfined" name="snap-update-ns.lxd" pid=1091 comm="apparmor_parser"
Jun 13 03:29:16 ubuntu-server systemd[1]: Finished Set console font and keymap.
Jun 13 03:29:16 ubuntu-server audit[1093]: AVC apparmor="STATUS" operation="profile_load" profile="unconfined" name="snap-update-ns.subiquity" pid=1093 comm="apparmor_parser"
Jun 13 03:29:16 ubuntu-server kernel: audit: type=1400 audit(1655090956.171:5): apparmor="STATUS" operation="profile_load" profile="unconfined" name="snap-update-ns.subiquity" pid=1093 comm="apparmor_parser"
Jun 13 03:29:16 ubuntu-server kernel: vboxguest: host-version: 6.1.34r150636 0x8000000f
Jun 13 03:29:16 ubuntu-server kernel: vbg_heartbeat_init: Setting up heartbeat to trigger every 2000 milliseconds
Jun 13 03:29:16 ubuntu-server kernel: input: VirtualBox mouse integration as /devices/pci0000:00/0000:00:04.0/input/input7
Jun 13 03:29:16 ubuntu-server kernel: vboxguest: misc device minor 123, IRQ 20, I/O port d040, MMIO at 0x00000000f0400000 (size 0x0000000000400000)
Jun 13 03:29:16 ubuntu-server audit[1094]: AVC apparmor="STATUS" operation="profile_load" profile="unconfined" name="snap.lxd.activate" pid=1094 comm="apparmor_parser"
Jun 13 03:29:16 ubuntu-server kernel: audit: type=1400 audit(1655090956.435:6): apparmor="STATUS" operation="profile_load" profile="unconfined" name="snap.lxd.activate" pid=1094 comm="apparmor_parser"
Jun 13 03:29:16 ubuntu-server audit[1098]: AVC apparmor="STATUS" operation="profile_load" profile="unconfined" name="snap.lxd.benchmark" pid=1098 comm="apparmor_parser"
Jun 13 03:29:16 ubuntu-server kernel: audit: type=1400 audit(1655090956.687:7): apparmor="STATUS" operation="profile_load" profile="unconfined" name="snap.lxd.benchmark" pid=1098 comm="apparmor_parser"
Jun 13 03:29:16 ubuntu-server kernel: RAPL PMU: API unit is 2^-32 Joules, 0 fixed counters, 10737418240 ms ovfl timer
Jun 13 03:29:16 ubuntu-server audit[1109]: AVC apparmor="STATUS" operation="profile_load" profile="unconfined" name="snap.lxd.buginfo" pid=1109 comm="apparmor_parser"
Jun 13 03:29:16 ubuntu-server kernel: audit: type=1400 audit(1655090956.951:8): apparmor="STATUS" operation="profile_load" profile="unconfined" name="snap.lxd.buginfo" pid=1109 comm="apparmor_parser"
Jun 13 03:29:17 ubuntu-server systemd-udevd[878]: sda: Process '/usr/bin/unshare -m /usr/bin/snap auto-import --mount=/dev/sda' failed with exit code 1.
Jun 13 03:29:17 ubuntu-server systemd-udevd[884]: sr0: Process '/usr/bin/unshare -m /usr/bin/snap auto-import --mount=/dev/sr0' failed with exit code 1.
Jun 13 03:29:17 ubuntu-server systemd[1]: Listening on Load/Save RF Kill Switch Status /dev/rfkill Watch.
Jun 13 03:29:17 ubuntu-server kernel: snd_intel8x0 0000:00:05.0: allow list rate for 1028:0177 is 48000
Jun 13 03:29:17 ubuntu-server audit[1125]: AVC apparmor="STATUS" operation="profile_load" profile="unconfined" name="snap.lxd.check-kernel" pid=1125 comm="apparmor_parser"
Jun 13 03:29:17 ubuntu-server kernel: audit: type=1400 audit(1655090957.319:9): apparmor="STATUS" operation="profile_load" profile="unconfined" name="snap.lxd.check-kernel" pid=1125 comm="apparmor_parser"
Jun 13 03:29:17 ubuntu-server systemd[1]: Reached target Sound Card.
Jun 13 03:29:17 ubuntu-server audit[1145]: AVC apparmor="STATUS" operation="profile_load" profile="unconfined" name="snap.lxd.daemon" pid=1145 comm="apparmor_parser"
Jun 13 03:29:17 ubuntu-server kernel: audit: type=1400 audit(1655090957.603:10): apparmor="STATUS" operation="profile_load" profile="unconfined" name="snap.lxd.daemon" pid=1145 comm="apparmor_parser"
Jun 13 03:29:17 ubuntu-server audit[1205]: AVC apparmor="STATUS" operation="profile_load" profile="unconfined" name="snap.lxd.hook.configure" pid=1205 comm="apparmor_parser"
Jun 13 03:29:17 ubuntu-server kernel: audit: type=1400 audit(1655090957.799:11): apparmor="STATUS" operation="profile_load" profile="unconfined" name="snap.lxd.hook.configure" pid=1205 comm="apparmor_parser"
Jun 13 03:29:17 ubuntu-server audit[1206]: AVC apparmor="STATUS" operation="profile_load" profile="unconfined" name="snap.lxd.hook.install" pid=1206 comm="apparmor_parser"
Jun 13 03:29:18 ubuntu-server audit[1207]: AVC apparmor="STATUS" operation="profile_load" profile="unconfined" name="snap.lxd.hook.remove" pid=1207 comm="apparmor_parser"
Jun 13 03:29:18 ubuntu-server audit[1215]: AVC apparmor="STATUS" operation="profile_load" profile="unconfined" name="snap.lxd.lxc" pid=1215 comm="apparmor_parser"
Jun 13 03:29:18 ubuntu-server systemd[1]: Condition check resulted in OpenVSwitch configuration for cleanup being skipped.
Jun 13 03:29:18 ubuntu-server audit[1218]: AVC apparmor="STATUS" operation="profile_load" profile="unconfined" name="snap.lxd.lxc-to-lxd" pid=1218 comm="apparmor_parser"
Jun 13 03:29:18 ubuntu-server systemd[1]: Condition check resulted in OpenVSwitch configuration for cleanup being skipped.
Jun 13 03:29:18 ubuntu-server systemd[1]: Finished Initial cloud-init job (pre-networking).
Jun 13 03:29:18 ubuntu-server systemd[1]: Reached target Preparation for Network.
Jun 13 03:29:18 ubuntu-server systemd[1]: Starting Network Configuration...
Jun 13 03:29:18 ubuntu-server systemd-networkd[1231]: lo: Link UP
Jun 13 03:29:18 ubuntu-server systemd-networkd[1231]: lo: Gained carrier
Jun 13 03:29:18 ubuntu-server systemd-networkd[1231]: Enumeration completed
Jun 13 03:29:18 ubuntu-server systemd[1]: Started Network Configuration.
Jun 13 03:29:18 ubuntu-server systemd[1]: Starting Wait for Network to be Configured...
Jun 13 03:29:18 ubuntu-server systemd[1]: Starting Network Name Resolution...
Jun 13 03:29:18 ubuntu-server systemd[1]: Finished Wait for Network to be Configured.
Jun 13 03:29:18 ubuntu-server systemd[1]: Starting Initial cloud-init job (metadata service crawler)...
Jun 13 03:29:18 ubuntu-server systemd-networkd[1231]: enp0s3: Link UP
Jun 13 03:29:18 ubuntu-server systemd-networkd[1231]: enp0s3: Gained carrier
Jun 13 03:29:18 ubuntu-server systemd-networkd[1231]: enp0s3: DHCPv4 address 10.0.2.15/24 via 10.0.2.2
Jun 13 03:29:18 ubuntu-server systemd-timesyncd[906]: Network configuration changed, trying to establish connection.
Jun 13 03:29:18 ubuntu-server kernel: e1000: enp0s3 NIC Link is Up 1000 Mbps Full Duplex, Flow Control: RX
Jun 13 03:29:18 ubuntu-server kernel: IPv6: ADDRCONF(NETDEV_CHANGE): enp0s3: link becomes ready
Jun 13 03:29:18 ubuntu-server audit[1227]: AVC apparmor="STATUS" operation="profile_load" profile="unconfined" name="snap.lxd.lxd" pid=1227 comm="apparmor_parser"
Jun 13 03:29:18 ubuntu-server audit[1235]: AVC apparmor="STATUS" operation="profile_load" profile="unconfined" name="snap.lxd.migrate" pid=1235 comm="apparmor_parser"
Jun 13 03:29:19 ubuntu-server systemd-resolved[1233]: Positive Trust Anchors:
Jun 13 03:29:19 ubuntu-server systemd-resolved[1233]: . IN DS 20326 8 2 e06d44b80b8f1d39a95c0b0d7c65d08458e880409bbc683457104237c7f8ec8d
Jun 13 03:29:19 ubuntu-server systemd-resolved[1233]: Negative trust anchors: home.arpa 10.in-addr.arpa 16.172.in-addr.arpa 17.172.in-addr.arpa 18.172.in-addr.arpa 19.172.in-addr.arpa 20.172.in-addr.arpa 21.172.in-addr.arpa 22.172.in-addr.arpa 23.172.in-addr.arpa 24.172.in-addr.arpa 25.172.in-addr.arpa 26.172.in-addr.arpa 27.172.in-addr.arpa 28.172.in-addr.arpa 29.172.in-addr.arpa 30.172.in-addr.arpa 31.172.in-addr.arpa 168.192.in-addr.arpa d.f.ip6.arpa corp home internal intranet lan local private test
Jun 13 03:29:19 ubuntu-server systemd-resolved[1233]: Using system hostname 'ubuntu-server'.
Jun 13 03:29:19 ubuntu-server systemd[1]: Started Network Name Resolution.
Jun 13 03:29:19 ubuntu-server systemd[1]: Reached target Network.
Jun 13 03:29:19 ubuntu-server systemd[1]: Reached target Host and Network Name Lookups.
Jun 13 03:29:19 ubuntu-server audit[1236]: AVC apparmor="STATUS" operation="profile_load" profile="unconfined" name="snap.lxd.user-daemon" pid=1236 comm="apparmor_parser"
Jun 13 03:29:19 ubuntu-server audit[1241]: AVC apparmor="STATUS" operation="profile_load" profile="unconfined" name="snap.subiquity.hook.install" pid=1241 comm="apparmor_parser"
Jun 13 03:29:19 ubuntu-server audit[1243]: AVC apparmor="STATUS" operation="profile_load" profile="unconfined" name="snap.subiquity.hook.post-refresh" pid=1243 comm="apparmor_parser"
Jun 13 03:29:19 ubuntu-server audit[1244]: AVC apparmor="STATUS" operation="profile_load" profile="unconfined" name="snap.subiquity.os-prober" pid=1244 comm="apparmor_parser"
Jun 13 03:29:19 ubuntu-server audit[1245]: AVC apparmor="STATUS" operation="profile_load" profile="unconfined" name="snap.subiquity.probert" pid=1245 comm="apparmor_parser"
Jun 13 03:29:19 ubuntu-server audit[1246]: AVC apparmor="STATUS" operation="profile_load" profile="unconfined" name="snap.subiquity.subiquity" pid=1246 comm="apparmor_parser"
Jun 13 03:29:19 ubuntu-server audit[1247]: AVC apparmor="STATUS" operation="profile_load" profile="unconfined" name="snap.subiquity.subiquity-server" pid=1247 comm="apparmor_parser"
Jun 13 03:29:19 ubuntu-server audit[1248]: AVC apparmor="STATUS" operation="profile_load" profile="unconfined" name="snap.subiquity.subiquity-service" pid=1248 comm="apparmor_parser"
Jun 13 03:29:19 ubuntu-server systemd[1]: Finished Load AppArmor profiles managed internally by snapd.
Jun 13 03:29:19 ubuntu-server groupadd[1249]: group added to /etc/group: name=netdev, GID=1000
Jun 13 03:29:19 ubuntu-server groupadd[1249]: group added to /etc/gshadow: name=netdev
Jun 13 03:29:19 ubuntu-server groupadd[1249]: new group: name=netdev, GID=1000
Jun 13 03:29:19 ubuntu-server useradd[1255]: new group: name=installer, GID=1001
Jun 13 03:29:19 ubuntu-server useradd[1255]: new user: name=installer, UID=1000, GID=1001, home=/home/installer, shell=/usr/bin/subiquity-shell, from=none
Jun 13 03:29:19 ubuntu-server useradd[1255]: add 'installer' to group 'adm'
Jun 13 03:29:19 ubuntu-server useradd[1255]: add 'installer' to group 'dialout'
Jun 13 03:29:19 ubuntu-server useradd[1255]: add 'installer' to group 'cdrom'
Jun 13 03:29:19 ubuntu-server useradd[1255]: add 'installer' to group 'floppy'
Jun 13 03:29:19 ubuntu-server useradd[1255]: add 'installer' to group 'sudo'
Jun 13 03:29:19 ubuntu-server useradd[1255]: add 'installer' to group 'audio'
Jun 13 03:29:19 ubuntu-server useradd[1255]: add 'installer' to group 'dip'
Jun 13 03:29:19 ubuntu-server useradd[1255]: add 'installer' to group 'video'
Jun 13 03:29:19 ubuntu-server useradd[1255]: add 'installer' to group 'plugdev'
Jun 13 03:29:19 ubuntu-server useradd[1255]: add 'installer' to group 'lxd'
Jun 13 03:29:19 ubuntu-server useradd[1255]: add 'installer' to group 'netdev'
Jun 13 03:29:19 ubuntu-server useradd[1255]: add 'installer' to shadow group 'adm'
Jun 13 03:29:19 ubuntu-server useradd[1255]: add 'installer' to shadow group 'dialout'
Jun 13 03:29:19 ubuntu-server useradd[1255]: add 'installer' to shadow group 'cdrom'
Jun 13 03:29:19 ubuntu-server useradd[1255]: add 'installer' to shadow group 'floppy'
Jun 13 03:29:19 ubuntu-server useradd[1255]: add 'installer' to shadow group 'sudo'
Jun 13 03:29:19 ubuntu-server useradd[1255]: add 'installer' to shadow group 'audio'
Jun 13 03:29:19 ubuntu-server useradd[1255]: add 'installer' to shadow group 'dip'
Jun 13 03:29:19 ubuntu-server useradd[1255]: add 'installer' to shadow group 'video'
Jun 13 03:29:19 ubuntu-server useradd[1255]: add 'installer' to shadow group 'plugdev'
Jun 13 03:29:19 ubuntu-server useradd[1255]: add 'installer' to shadow group 'lxd'
Jun 13 03:29:19 ubuntu-server useradd[1255]: add 'installer' to shadow group 'netdev'
Jun 13 03:29:19 ubuntu-server systemd-networkd[1231]: enp0s3: Gained IPv6LL
Jun 13 03:29:19 ubuntu-server systemd-timesyncd[906]: Network configuration changed, trying to establish connection.
Jun 13 03:29:19 ubuntu-server systemd[1]: Finished Initial cloud-init job (metadata service crawler).
Jun 13 03:29:19 ubuntu-server systemd[1]: Reached target Cloud-config availability.
Jun 13 03:29:19 ubuntu-server systemd[1]: Reached target Network is Online.
Jun 13 03:29:19 ubuntu-server systemd[1]: Reached target System Initialization.
Jun 13 03:29:19 ubuntu-server systemd[1]: Condition check resulted in Process error reports when automatic reporting is enabled (file watch) being skipped.
Jun 13 03:29:19 ubuntu-server systemd[1]: Started Trigger to poll for Ubuntu Pro licenses (Only enabled on GCP LTS non-pro).
Jun 13 03:29:19 ubuntu-server systemd[1]: Condition check resulted in Process error reports when automatic reporting is enabled (timer based) being skipped.
Jun 13 03:29:19 ubuntu-server systemd[1]: Started Daily apt download activities.
Jun 13 03:29:19 ubuntu-server systemd[1]: Started Daily apt upgrade and clean activities.
Jun 13 03:29:19 ubuntu-server systemd[1]: Started Daily dpkg database backup timer.
Jun 13 03:29:19 ubuntu-server systemd[1]: Started Periodic ext4 Online Metadata Check for All Filesystems.
Jun 13 03:29:19 ubuntu-server systemd[1]: Started Discard unused blocks once a week.
Jun 13 03:29:19 ubuntu-server systemd[1]: Started Refresh fwupd metadata regularly.
Jun 13 03:29:19 ubuntu-server systemd[1]: Started Daily rotation of log files.
Jun 13 03:29:19 ubuntu-server systemd[1]: Started Daily man-db regeneration.
Jun 13 03:29:19 ubuntu-server systemd[1]: Started Message of the Day.
Jun 13 03:29:19 ubuntu-server systemd[1]: Condition check resulted in Timer to automatically fetch and run repair assertions being skipped.
Jun 13 03:29:19 ubuntu-server systemd[1]: Started Daily Cleanup of Temporary Directories.
Jun 13 03:29:19 ubuntu-server systemd[1]: Started Ubuntu Advantage Timer for running repeated jobs.
Jun 13 03:29:19 ubuntu-server systemd[1]: Started Download data for packages that failed at package install time.
Jun 13 03:29:19 ubuntu-server systemd[1]: Started Check to see whether there is a new version of Ubuntu available.
Jun 13 03:29:19 ubuntu-server systemd[1]: Reached target Path Units.
Jun 13 03:29:19 ubuntu-server systemd[1]: Reached target Timer Units.
Jun 13 03:29:19 ubuntu-server systemd[1]: Condition check resulted in Unix socket for apport crash forwarding being skipped.
Jun 13 03:29:19 ubuntu-server systemd[1]: Listening on cloud-init hotplug hook socket.
Jun 13 03:29:19 ubuntu-server systemd[1]: Listening on D-Bus System Message Bus Socket.
Jun 13 03:29:19 ubuntu-server systemd[1]: Listening on Open-iSCSI iscsid Socket.
Jun 13 03:29:19 ubuntu-server systemd[1]: Starting Socket activation for snappy daemon...
Jun 13 03:29:19 ubuntu-server systemd[1]: Listening on UUID daemon activation socket.
Jun 13 03:29:19 ubuntu-server systemd[1]: Condition check resulted in Login to default iSCSI targets being skipped.
Jun 13 03:29:19 ubuntu-server systemd[1]: Reached target Preparation for Remote File Systems.
Jun 13 03:29:19 ubuntu-server systemd[1]: Reached target Remote File Systems.
Jun 13 03:29:19 ubuntu-server systemd[1]: Finished Availability of block devices.
Jun 13 03:29:19 ubuntu-server systemd[1]: Listening on Socket activation for snappy daemon.
Jun 13 03:29:19 ubuntu-server systemd[1]: Reached target Socket Units.
Jun 13 03:29:19 ubuntu-server systemd[1]: Reached target Basic System.
Jun 13 03:29:19 ubuntu-server systemd[1]: Starting LSB: automatic crash report generation...
Jun 13 03:29:19 ubuntu-server systemd[1]: Starting casper-md5check Verify Live ISO checksums...
Jun 13 03:29:19 ubuntu-server systemd[1]: Started Regular background program processing daemon.
Jun 13 03:29:19 ubuntu-server systemd[1]: Started D-Bus System Message Bus.
Jun 13 03:29:20 ubuntu-server cron[1270]: (CRON) INFO (pidfile fd = 3)
Jun 13 03:29:20 ubuntu-server systemd[1]: Started Save initial kernel messages after boot.
Jun 13 03:29:20 ubuntu-server cron[1270]: (CRON) INFO (Running @reboot jobs)
Jun 13 03:29:20 ubuntu-server systemd[1]: Starting Remove Stale Online ext4 Metadata Check Snapshots...
Jun 13 03:29:20 ubuntu-server systemd[1]: Condition check resulted in getty on tty2-tty6 if dbus and logind are not available being skipped.
Jun 13 03:29:20 ubuntu-server systemd[1]: Reached target Login Prompts.
Jun 13 03:29:20 ubuntu-server systemd[1]: Condition check resulted in Record successful boot for GRUB being skipped.
Jun 13 03:29:20 ubuntu-server systemd[1]: Condition check resulted in GRUB failed boot detection being skipped.
Jun 13 03:29:20 ubuntu-server casper-md5check[1269]: .
Jun 13 03:29:20 ubuntu-server casper-md5check[1269]: Checking integrity, this may take some time (or try: fsck.mode=skip)
Jun 13 03:29:20 ubuntu-server casper-md5check[1269]: Checking ./dists/jammy/main/binary-amd64/Release..../dists/jammy/main/binary-amd64/Release: OK
Jun 13 03:29:20 ubuntu-server casper-md5check[1269]: Checking ./dists/jammy/main/binary-amd64/Packages.gz..../dists/jammy/main/binary-amd64/Packages.gz: OK
Jun 13 03:29:20 ubuntu-server casper-md5check[1269]: Checking ./dists/jammy/main/binary-i386/Release..../dists/jammy/main/binary-i386/Release: OK
Jun 13 03:29:20 ubuntu-server casper-md5check[1269]: Checking ./dists/jammy/main/binary-i386/Packages.gz..../dists/jammy/main/binary-i386/Packages.gz: OK
Jun 13 03:29:20 ubuntu-server casper-md5check[1269]: Checking ./dists/jammy/restricted/binary-amd64/Release..../dists/jammy/restricted/binary-amd64/Release: OK
Jun 13 03:29:20 ubuntu-server casper-md5check[1269]: Checking ./dists/jammy/restricted/binary-amd64/Packages.gz..../dists/jammy/restricted/binary-amd64/Packages.gz: OK
Jun 13 03:29:20 ubuntu-server casper-md5check[1269]: Checking ./dists/jammy/restricted/binary-i386/Release..../dists/jammy/restricted/binary-i386/Release: OK
Jun 13 03:29:20 ubuntu-server casper-md5check[1269]: Checking ./dists/jammy/restricted/binary-i386/Packages.gz..../dists/jammy/restricted/binary-i386/Packages.gz: OK
Jun 13 03:29:20 ubuntu-server casper-md5check[1269]: Checking ./dists/jammy/Release..../dists/jammy/Release: OK
Jun 13 03:29:20 ubuntu-server casper-md5check[1269]: Checking ./dists/jammy/Release.gpg..../dists/jammy/Release.gpg: OK
Jun 13 03:29:20 ubuntu-server casper-md5check[1269]: Checking ./.disk/info..../.disk/info: OK
Jun 13 03:29:20 ubuntu-server casper-md5check[1269]: Checking ./.disk/base_installable..../.disk/base_installable: OK
Jun 13 03:29:20 ubuntu-server casper-md5check[1269]: Checking ./.disk/cd_type..../.disk/cd_type: OK
Jun 13 03:29:20 ubuntu-server casper-md5check[1269]: Checking ./.disk/casper-uuid-generic..../.disk/casper-uuid-generic: OK
Jun 13 03:29:20 ubuntu-server casper-md5check[1269]: Checking ./pool/main/a/amd64-microcode/amd64-microcode_3.20191218.1ubuntu2_amd64.deb..../pool/main/a/amd64-microcode/amd64-microcode_3.20191218.1ubuntu2_amd64.deb: OK
Jun 13 03:29:20 ubuntu-server systemd[1]: Started irqbalance daemon.
Jun 13 03:29:20 ubuntu-server casper-md5check[1269]: Checking ./pool/main/e/e2fsprogs/e2fsprogs_1.46.5-2ubuntu1_amd64.deb..../pool/main/e/e2fsprogs/e2fsprogs_1.46.5-2ubuntu1_amd64.deb: OK
Jun 13 03:29:20 ubuntu-server casper-md5check[1269]: Checking ./pool/main/e/e2fsprogs/e2fsprogs-l10n_1.46.5-2ubuntu1_all.deb..../pool/main/e/e2fsprogs/e2fsprogs-l10n_1.46.5-2ubuntu1_all.deb: OK
Jun 13 03:29:20 ubuntu-server casper-md5check[1269]: Checking ./pool/main/e/e2fsprogs/libss2_1.46.5-2ubuntu1_amd64.deb..../pool/main/e/e2fsprogs/libss2_1.46.5-2ubuntu1_amd64.deb: OK
Jun 13 03:29:20 ubuntu-server casper-md5check[1269]: Checking ./pool/main/e/efibootmgr/efibootmgr_17-1ubuntu2_amd64.deb..../pool/main/e/efibootmgr/efibootmgr_17-1ubuntu2_amd64.deb: OK
Jun 13 03:29:20 ubuntu-server casper-md5check[1269]: Checking ./pool/main/e/efivar/libefiboot1_37-6ubuntu2_amd64.deb..../pool/main/e/efivar/libefiboot1_37-6ubuntu2_amd64.deb: OK
Jun 13 03:29:20 ubuntu-server casper-md5check[1269]: Checking ./pool/main/e/efivar/libefivar1_37-6ubuntu2_amd64.deb..../pool/main/e/efivar/libefivar1_37-6ubuntu2_amd64.deb: OK
Jun 13 03:29:20 ubuntu-server systemd[1]: Starting Dispatcher daemon for systemd-networkd...
Jun 13 03:29:20 ubuntu-server /usr/sbin/irqbalance[1275]: Balancing is ineffective on systems with a single cpu.  Shutting down
Jun 13 03:29:20 ubuntu-server systemd[1]: Starting Authorization Manager...
Jun 13 03:29:20 ubuntu-server systemd[1]: Starting Pollinate to seed the pseudo random number generator...
Jun 13 03:29:20 ubuntu-server casper-md5check[1269]: Checking ./pool/main/g/grub2/grub-common_2.06-2ubuntu7_amd64.deb..../pool/main/g/grub2/grub-common_2.06-2ubuntu7_amd64.deb: OK
Jun 13 03:29:20 ubuntu-server casper-md5check[1269]: Checking ./pool/main/g/grub2/grub-efi_2.06-2ubuntu7_amd64.deb..../pool/main/g/grub2/grub-efi_2.06-2ubuntu7_amd64.deb: OK
Jun 13 03:29:20 ubuntu-server systemd[1]: Starting System Logging Service...
Jun 13 03:29:20 ubuntu-server casper-md5check[1269]: Checking ./pool/main/g/grub2/grub-pc_2.06-2ubuntu7_amd64.deb..../pool/main/g/grub2/grub-pc_2.06-2ubuntu7_amd64.deb: OK
Jun 13 03:29:20 ubuntu-server systemd[1]: Condition check resulted in Secure Boot updates for DB and DBX being skipped.
Jun 13 03:29:20 ubuntu-server systemd[1]: Condition check resulted in Automatically repair incorrect owner/permissions on core devices being skipped.
Jun 13 03:29:20 ubuntu-server systemd[1]: Condition check resulted in Wait for the Ubuntu Core chooser trigger being skipped.
Jun 13 03:29:20 ubuntu-server casper-md5check[1269]: Checking ./pool/main/g/grub2/grub-pc-bin_2.06-2ubuntu7_amd64.deb..../pool/main/g/grub2/grub-pc-bin_2.06-2ubuntu7_amd64.deb: OK
Jun 13 03:29:20 ubuntu-server systemd[1]: Starting Snap Daemon...
Jun 13 03:29:20 ubuntu-server casper-md5check[1269]: Checking ./pool/main/g/grub2/grub2-common_2.06-2ubuntu7_amd64.deb..../pool/main/g/grub2/grub2-common_2.06-2ubuntu7_amd64.deb: OK
Jun 13 03:29:20 ubuntu-server casper-md5check[1269]: Checking ./pool/main/g/grub2-unsigned/grub-efi-amd64_2.06-2ubuntu7_amd64.deb..../pool/main/g/grub2-unsigned/grub-efi-amd64_2.06-2ubuntu7_amd64.deb: OK
Jun 13 03:29:20 ubuntu-server casper-md5check[1269]: Checking ./pool/main/g/grub2-unsigned/grub-efi-amd64-bin_2.06-2ubuntu7_amd64.deb..../pool/main/g/grub2-unsigned/grub-efi-amd64-bin_2.06-2ubuntu7_amd64.deb: OK
Jun 13 03:29:20 ubuntu-server systemd[1]: Starting User Login Management...
Jun 13 03:29:20 ubuntu-server casper-md5check[1269]: Checking ./pool/main/g/grub2-signed/grub-efi-amd64-signed_1.180+2.06-2ubuntu7_amd64.deb..../pool/main/g/grub2-signed/grub-efi-amd64-signed_1.180+2.06-2ubuntu7_amd64.deb: OK
Jun 13 03:29:20 ubuntu-server casper-md5check[1269]: Checking ./pool/main/g/grub-gfxpayload-lists/grub-gfxpayload-lists_0.7_amd64.deb..../pool/main/g/grub-gfxpayload-lists/grub-gfxpayload-lists_0.7_amd64.deb: OK
Jun 13 03:29:20 ubuntu-server systemd[1]: Starting Permit User Sessions...
Jun 13 03:29:20 ubuntu-server systemd[1]: Condition check resulted in Thermal Daemon Service being skipped.
Jun 13 03:29:20 ubuntu-server systemd[1]: Condition check resulted in Ubuntu Advantage reboot cmds being skipped.
Jun 13 03:29:20 ubuntu-server systemd[1]: Starting Disk Manager...
Jun 13 03:29:20 ubuntu-server systemd[1]: irqbalance.service: Deactivated successfully.
Jun 13 03:29:20 ubuntu-server systemd[1]: Finished Permit User Sessions.
Jun 13 03:29:20 ubuntu-server casper-md5check[1269]: Checking ./pool/main/i/intel-microcode/intel-microcode_3.20210608.2ubuntu1_amd64.deb..../pool/main/i/intel-microcode/intel-microcode_3.20210608.2ubuntu1_amd64.deb: OK
Jun 13 03:29:20 ubuntu-server casper-md5check[1269]: Checking ./pool/main/i/iucode-tool/iucode-tool_2.3.1-1build1_amd64.deb..../pool/main/i/iucode-tool/iucode-tool_2.3.1-1build1_amd64.deb: OK
Jun 13 03:29:20 ubuntu-server casper-md5check[1269]: Checking ./pool/main/j/jfsutils/jfsutils_1.1.15-5build3_amd64.deb..../pool/main/j/jfsutils/jfsutils_1.1.15-5build3_amd64.deb: OK
Jun 13 03:29:20 ubuntu-server casper-md5check[1269]: Checking ./pool/main/m/multipath-tools/kpartx-boot_0.8.8-1ubuntu1_all.deb..../pool/main/m/multipath-tools/kpartx-boot_0.8.8-1ubuntu1_all.deb: OK
Jun 13 03:29:20 ubuntu-server casper-md5check[1269]: Checking ./pool/main/m/multipath-tools/multipath-tools-boot_0.8.8-1ubuntu1_all.deb..../pool/main/m/multipath-tools/multipath-tools-boot_0.8.8-1ubuntu1_all.deb: OK
Jun 13 03:29:20 ubuntu-server casper-md5check[1269]: Checking ./pool/main/m/mokutil/mokutil_0.4.0-1ubuntu2_amd64.deb..../pool/main/m/mokutil/mokutil_0.4.0-1ubuntu2_amd64.deb: OK
Jun 13 03:29:20 ubuntu-server casper-md5check[1269]: Checking ./pool/main/d/dbus-glib/libdbus-glib-1-2_0.112-2build1_amd64.deb..../pool/main/d/dbus-glib/libdbus-glib-1-2_0.112-2build1_amd64.deb: OK
Jun 13 03:29:20 ubuntu-server casper-md5check[1269]: Checking ./pool/main/libe/libevdev/libevdev2_1.12.1+dfsg-1_amd64.deb..../pool/main/libe/libevdev/libevdev2_1.12.1+dfsg-1_amd64.deb: OK
Jun 13 03:29:20 ubuntu-server casper-md5check[1269]: Checking ./pool/main/libe/libevent/libevent-2.1-7_2.1.12-stable-1build3_amd64.deb..../pool/main/libe/libevent/libevent-2.1-7_2.1.12-stable-1build3_amd64.deb: OK
Jun 13 03:29:20 ubuntu-server casper-md5check[1269]: Checking ./pool/main/f/freetype/libfreetype6_2.11.1+dfsg-1build1_amd64.deb..../pool/main/f/freetype/libfreetype6_2.11.1+dfsg-1build1_amd64.deb: OK
Jun 13 03:29:20 ubuntu-server casper-md5check[1269]: Checking ./pool/main/libg/libgudev/libgudev-1.0-0_237-2build1_amd64.deb..../pool/main/libg/libgudev/libgudev-1.0-0_237-2build1_amd64.deb: OK
Jun 13 03:29:20 ubuntu-server casper-md5check[1269]: Checking ./pool/main/libi/libimobiledevice/libimobiledevice6_1.3.0-6build3_amd64.deb..../pool/main/libi/libimobiledevice/libimobiledevice6_1.3.0-6build3_amd64.deb: OK
Jun 13 03:29:20 ubuntu-server casper-md5check[1269]: Checking ./pool/main/libn/libnl3/libnl-3-200_3.5.0-0.1_amd64.deb..../pool/main/libn/libnl3/libnl-3-200_3.5.0-0.1_amd64.deb: OK
Jun 13 03:29:20 ubuntu-server casper-md5check[1269]: Checking ./pool/main/libn/libnl3/libnl-genl-3-200_3.5.0-0.1_amd64.deb..../pool/main/libn/libnl3/libnl-genl-3-200_3.5.0-0.1_amd64.deb: OK
Jun 13 03:29:20 ubuntu-server casper-md5check[1269]: Checking ./pool/main/libn/libnl3/libnl-route-3-200_3.5.0-0.1_amd64.deb..../pool/main/libn/libnl3/libnl-route-3-200_3.5.0-0.1_amd64.deb: OK
Jun 13 03:29:20 ubuntu-server casper-md5check[1269]: Checking ./pool/main/z/zfs-linux/libnvpair3linux_2.1.2-1ubuntu3_amd64.deb..../pool/main/z/zfs-linux/libnvpair3linux_2.1.2-1ubuntu3_amd64.deb: OK
Jun 13 03:29:20 ubuntu-server casper-md5check[1269]: Checking ./pool/main/z/zfs-linux/libuutil3linux_2.1.2-1ubuntu3_amd64.deb..../pool/main/z/zfs-linux/libuutil3linux_2.1.2-1ubuntu3_amd64.deb: OK
Jun 13 03:29:20 ubuntu-server casper-md5check[1269]: Checking ./pool/main/z/zfs-linux/libzfs4linux_2.1.2-1ubuntu3_amd64.deb..../pool/main/z/zfs-linux/libzfs4linux_2.1.2-1ubuntu3_amd64.deb: OK
Jun 13 03:29:20 ubuntu-server dbus-daemon[1271]: dbus[1271]: Unknown group "power" in message bus configuration file
Jun 13 03:29:20 ubuntu-server systemd[1]: Starting Hold until boot process finishes up...
Jun 13 03:29:20 ubuntu-server apport[1268]:  * Starting automatic crash report generation: apport
Jun 13 03:29:20 ubuntu-server systemd[1]: Starting Terminate Plymouth Boot Screen...
Jun 13 03:29:20 ubuntu-server casper-md5check[1269]: Checking ./pool/main/z/zfs-linux/libzpool5linux_2.1.2-1ubuntu3_amd64.deb..../pool/main/z/zfs-linux/libzpool5linux_2.1.2-1ubuntu3_amd64.deb: OK
Jun 13 03:29:20 ubuntu-server casper-md5check[1269]: Checking ./pool/main/z/zfs-linux/zfs-initramfs_2.1.2-1ubuntu3_amd64.deb..../pool/main/z/zfs-linux/zfs-initramfs_2.1.2-1ubuntu3_amd64.deb: OK
Jun 13 03:29:20 ubuntu-server systemd[1]: Finished Hold until boot process finishes up.
Jun 13 03:29:20 ubuntu-server casper-md5check[1269]: Checking ./pool/main/z/zfs-linux/zfs-zed_2.1.2-1ubuntu3_amd64.deb..../pool/main/z/zfs-linux/zfs-zed_2.1.2-1ubuntu3_amd64.deb: OK
Jun 13 03:29:20 ubuntu-server apport[1268]:    ...done.
Jun 13 03:29:20 ubuntu-server casper-md5check[1269]: Checking ./pool/main/z/zfs-linux/zfsutils-linux_2.1.2-1ubuntu3_amd64.deb..../pool/main/z/zfs-linux/zfsutils-linux_2.1.2-1ubuntu3_amd64.deb: OK
Jun 13 03:29:20 ubuntu-server systemd[1]: Finished Terminate Plymouth Boot Screen.
Jun 13 03:29:20 ubuntu-server casper-md5check[1269]: Checking ./pool/main/p/pcsc-lite/libpcsclite1_1.9.5-3_amd64.deb..../pool/main/p/pcsc-lite/libpcsclite1_1.9.5-3_amd64.deb: OK
Jun 13 03:29:20 ubuntu-server casper-md5check[1269]: Checking ./pool/main/p/policykit-1/libpolkit-agent-1-0_0.105-33_amd64.deb..../pool/main/p/policykit-1/libpolkit-agent-1-0_0.105-33_amd64.deb: OK
Jun 13 03:29:20 ubuntu-server systemd[1]: Started LSB: automatic crash report generation.
Jun 13 03:29:20 ubuntu-server casper-md5check[1269]: Checking ./pool/main/p/policykit-1/libpolkit-gobject-1-0_0.105-33_amd64.deb..../pool/main/p/policykit-1/libpolkit-gobject-1-0_0.105-33_amd64.deb: OK
Jun 13 03:29:20 ubuntu-server casper-md5check[1269]: Checking ./pool/main/p/policykit-1/pkexec_0.105-33_amd64.deb..../pool/main/p/policykit-1/pkexec_0.105-33_amd64.deb: OK
Jun 13 03:29:20 ubuntu-server casper-md5check[1269]: Checking ./pool/main/p/policykit-1/policykit-1_0.105-33_amd64.deb..../pool/main/p/policykit-1/policykit-1_0.105-33_amd64.deb: OK
Jun 13 03:29:20 ubuntu-server casper-md5check[1269]: Checking ./pool/main/p/policykit-1/polkitd_0.105-33_amd64.deb..../pool/main/p/policykit-1/polkitd_0.105-33_amd64.deb: OK
Jun 13 03:29:20 ubuntu-server casper-md5check[1269]: Checking ./pool/main/libp/libplist/libplist3_2.2.0-6build2_amd64.deb..../pool/main/libp/libplist/libplist3_2.2.0-6build2_amd64.deb: OK
Jun 13 03:29:20 ubuntu-server casper-md5check[1269]: Checking ./pool/main/libp/libpng1.6/libpng16-16_1.6.37-3build5_amd64.deb..../pool/main/libp/libpng1.6/libpng16-16_1.6.37-3build5_amd64.deb: OK
Jun 13 03:29:20 ubuntu-server systemd[1]: Starting Set console scheme...
Jun 13 03:29:20 ubuntu-server casper-md5check[1269]: Checking ./pool/main/u/unbound/libunbound8_1.13.1-1ubuntu5_amd64.deb..../pool/main/u/unbound/libunbound8_1.13.1-1ubuntu5_amd64.deb: OK
Jun 13 03:29:20 ubuntu-server casper-md5check[1269]: Checking ./pool/main/u/upower/libupower-glib3_0.99.17-1_amd64.deb..../pool/main/u/upower/libupower-glib3_0.99.17-1_amd64.deb: OK
Jun 13 03:29:20 ubuntu-server casper-md5check[1269]: Checking ./pool/main/u/upower/upower_0.99.17-1_amd64.deb...../pool/main/u/upower/upower_0.99.17-1_amd64.deb: OK
Jun 13 03:29:20 ubuntu-server casper-md5check[1269]: Checking ./pool/main/u/usbmuxd/usbmuxd_1.1.1-2build2_amd64.deb..../pool/main/u/usbmuxd/usbmuxd_1.1.1-2build2_amd64.deb: OK
Jun 13 03:29:20 ubuntu-server casper-md5check[1269]: Checking ./pool/main/u/util-linux/uuid-runtime_2.37.2-4ubuntu3_amd64.deb..../pool/main/u/util-linux/uuid-runtime_2.37.2-4ubuntu3_amd64.deb: OK
Jun 13 03:29:20 ubuntu-server casper-md5check[1269]: Checking ./pool/main/libu/libusbmuxd/libusbmuxd6_2.0.2-3build2_amd64.deb..../pool/main/libu/libusbmuxd/libusbmuxd6_2.0.2-3build2_amd64.deb: OK
Jun 13 03:29:20 ubuntu-server casper-md5check[1269]: Checking ./pool/main/t/tcp-wrappers/libwrap0_7.6.q-31build2_amd64.deb..../pool/main/t/tcp-wrappers/libwrap0_7.6.q-31build2_amd64.deb: OK
Jun 13 03:29:20 ubuntu-server casper-md5check[1269]: Checking ./pool/main/t/thermald/thermald_2.4.9-1_amd64.deb..../pool/main/t/thermald/thermald_2.4.9-1_amd64.deb: OK
Jun 13 03:29:20 ubuntu-server dbus-daemon[1271]: [system] AppArmor D-Bus mediation is enabled
Jun 13 03:29:20 ubuntu-server casper-md5check[1269]: Checking ./pool/main/libx/libx11/libx11-6_1.7.5-1_amd64.deb..../pool/main/libx/libx11/libx11-6_1.7.5-1_amd64.deb: OK
Jun 13 03:29:20 ubuntu-server casper-md5check[1269]: Checking ./pool/main/libx/libx11/libx11-data_1.7.5-1_all.deb..../pool/main/libx/libx11/libx11-data_1.7.5-1_all.deb: OK
Jun 13 03:29:20 ubuntu-server casper-md5check[1269]: Checking ./pool/main/libx/libxau/libxau6_1.0.9-1build5_amd64.deb..../pool/main/libx/libxau/libxau6_1.0.9-1build5_amd64.deb: OK
Jun 13 03:29:20 ubuntu-server systemd[1]: Finished Set console scheme.
Jun 13 03:29:20 ubuntu-server casper-md5check[1269]: Checking ./pool/main/libx/libxcb/libxcb1_1.14-3ubuntu3_amd64.deb..../pool/main/libx/libxcb/libxcb1_1.14-3ubuntu3_amd64.deb: OK
Jun 13 03:29:20 ubuntu-server casper-md5check[1269]: Checking ./pool/main/libx/libxdmcp/libxdmcp6_1.1.3-0ubuntu5_amd64.deb..../pool/main/libx/libxdmcp/libxdmcp6_1.1.3-0ubuntu5_amd64.deb: OK
Jun 13 03:29:20 ubuntu-server casper-md5check[1269]: Checking ./pool/main/libx/libxext/libxext6_1.3.4-1build1_amd64.deb..../pool/main/libx/libxext/libxext6_1.3.4-1build1_amd64.deb: OK
Jun 13 03:29:20 ubuntu-server casper-md5check[1269]: Checking ./pool/main/libx/libxml2/libxml2_2.9.13+dfsg-1build1_amd64.deb..../pool/main/libx/libxml2/libxml2_2.9.13+dfsg-1build1_amd64.deb: OK
Jun 13 03:29:20 ubuntu-server casper-md5check[1269]: Checking ./pool/main/libx/libxmu/libxmuu1_1.1.3-3_amd64.deb..../pool/main/libx/libxmu/libxmuu1_1.1.3-3_amd64.deb: OK
Jun 13 03:29:20 ubuntu-server systemd[1]: Started System Logging Service.
Jun 13 03:29:20 ubuntu-server rsyslogd[1280]: imuxsock: Acquired UNIX socket '/run/systemd/journal/syslog' (fd 3) from systemd.  [v8.2112.0]
Jun 13 03:29:20 ubuntu-server rsyslogd[1280]: rsyslogd's groupid changed to 113
Jun 13 03:29:20 ubuntu-server rsyslogd[1280]: rsyslogd's userid changed to 107
Jun 13 03:29:20 ubuntu-server rsyslogd[1280]: [origin software="rsyslogd" swVersion="8.2112.0" x-pid="1280" x-info="https://www.rsyslog.com"] start
Jun 13 03:29:20 ubuntu-server systemd-logind[1282]: New seat seat0.
Jun 13 03:29:20 ubuntu-server udisksd[1284]: udisks daemon version 2.9.4 starting
Jun 13 03:29:20 ubuntu-server systemd-logind[1282]: Watching system buttons on /dev/input/event0 (Power Button)
Jun 13 03:29:20 ubuntu-server systemd-logind[1282]: Watching system buttons on /dev/input/event1 (Sleep Button)
Jun 13 03:29:20 ubuntu-server systemd-logind[1282]: Watching system buttons on /dev/input/event2 (AT Translated Set 2 keyboard)
Jun 13 03:29:20 ubuntu-server systemd[1]: Started User Login Management.
Jun 13 03:29:20 ubuntu-server systemd[1]: Started Unattended Upgrades Shutdown.
Jun 13 03:29:21 ubuntu-server systemd[1]: e2scrub_reap.service: Deactivated successfully.
Jun 13 03:29:21 ubuntu-server systemd[1]: Finished Remove Stale Online ext4 Metadata Check Snapshots.
Jun 13 03:29:21 ubuntu-server polkitd[1278]: started daemon version 0.105 using authority implementation `local' version `0.105'
Jun 13 03:29:21 ubuntu-server systemd[1]: Started Authorization Manager.
Jun 13 03:29:21 ubuntu-server systemd[1]: Starting Modem Manager...
Jun 13 03:29:21 ubuntu-server networkd-dispatcher[1277]: No valid path found for iwconfig
Jun 13 03:29:21 ubuntu-server networkd-dispatcher[1277]: No valid path found for iw
Jun 13 03:29:21 ubuntu-server systemd[1]: Started Dispatcher daemon for systemd-networkd.
Jun 13 03:29:21 ubuntu-server udisksd[1284]: failed to load module mdraid: libbd_mdraid.so.2: cannot open shared object file: No such file or directory
Jun 13 03:29:21 ubuntu-server ModemManager[1313]: <info>  ModemManager (version 1.18.6) starting in system bus...
Jun 13 03:29:21 ubuntu-server udisksd[1284]: Failed to load the 'mdraid' libblockdev plugin
Jun 13 03:29:21 ubuntu-server pollinate[1330]: client sent challenge to [https://entropy.ubuntu.com/]
Jun 13 03:29:21 ubuntu-server systemd[1]: Started Disk Manager.
Jun 13 03:29:21 ubuntu-server udisksd[1284]: Acquired the name org.freedesktop.UDisks2 on the system message bus
Jun 13 03:29:21 ubuntu-server systemd[1]: Started Modem Manager.
Jun 13 03:29:22 ubuntu-server systemd-resolved[1233]: Using degraded feature set UDP instead of UDP+EDNS0 for DNS server 192.168.1.1.
Jun 13 03:29:22 ubuntu-server snapd[1281]: AppArmor status: apparmor is enabled and all features are available
Jun 13 03:29:22 ubuntu-server snapd[1281]: overlord.go:263: Acquiring state lock file
Jun 13 03:29:22 ubuntu-server snapd[1281]: overlord.go:268: Acquired state lock file
Jun 13 03:29:22 ubuntu-server snapd[1281]: patch.go:63: Patching system state level 6 to sublevel 1...
Jun 13 03:29:22 ubuntu-server snapd[1281]: patch.go:63: Patching system state level 6 to sublevel 2...
Jun 13 03:29:22 ubuntu-server snapd[1281]: patch.go:63: Patching system state level 6 to sublevel 3...
Jun 13 03:29:22 ubuntu-server snapd[1281]: daemon.go:247: started snapd/2.55.3+22.04 (series 16; classic) ubuntu/22.04 (amd64) linux/5.15.0-25-generic.
Jun 13 03:29:22 ubuntu-server systemd[1]: tmp-sanity\x2dmountpoint\x2d1943535212.mount: Deactivated successfully.
Jun 13 03:29:22 ubuntu-server kernel: loop10: detected capacity change from 0 to 8
Jun 13 03:29:22 ubuntu-server snapd[1281]: daemon.go:340: adjusting startup timeout by 50s (pessimistic estimate of 30s plus 5s per snap)
Jun 13 03:29:22 ubuntu-server snapd[1281]: backend.go:146: snapd enabled root filesystem on overlay support, additional upperdir permissions granted
Jun 13 03:29:22 ubuntu-server casper-md5check[1269]: Checking ./pool/main/l/linux-firmware/linux-firmware_20220329.git681281e4-0ubuntu1_all.deb..................../pool/main/l/linux-firmware/linux-firmware_20220329.git681281e4-0ubuntu1_all.deb: OK
Jun 13 03:29:22 ubuntu-server casper-md5check[1269]: Checking ./pool/main/l/linux-meta/linux-generic_5.15.0.25.27_amd64.deb..../pool/main/l/linux-meta/linux-generic_5.15.0.25.27_amd64.deb: OK
Jun 13 03:29:22 ubuntu-server casper-md5check[1269]: Checking ./pool/main/l/linux-meta/linux-headers-generic_5.15.0.25.27_amd64.deb..../pool/main/l/linux-meta/linux-headers-generic_5.15.0.25.27_amd64.deb: OK
Jun 13 03:29:22 ubuntu-server casper-md5check[1269]: Checking ./pool/main/l/linux-meta/linux-image-generic_5.15.0.25.27_amd64.deb..../pool/main/l/linux-meta/linux-image-generic_5.15.0.25.27_amd64.deb: OK
Jun 13 03:29:22 ubuntu-server casper-md5check[1269]: Checking ./pool/main/l/linux/linux-headers-5.15.0-25_5.15.0-25.25_all.deb...../pool/main/l/linux/linux-headers-5.15.0-25_5.15.0-25.25_all.deb: OK
Jun 13 03:29:22 ubuntu-server casper-md5check[1269]: Checking ./pool/main/l/linux/linux-headers-5.15.0-25-generic_5.15.0-25.25_amd64.deb..../pool/main/l/linux/linux-headers-5.15.0-25-generic_5.15.0-25.25_amd64.deb: OK
Jun 13 03:29:23 ubuntu-server casper-md5check[1269]: Checking ./pool/main/l/linux/linux-modules-5.15.0-25-generic_5.15.0-25.25_amd64.deb....../pool/main/l/linux/linux-modules-5.15.0-25-generic_5.15.0-25.25_amd64.deb: OK
Jun 13 03:29:23 ubuntu-server pollinate[1385]: client verified challenge/response with [https://entropy.ubuntu.com/]
Jun 13 03:29:23 ubuntu-server pollinate[1392]: client hashed response from [https://entropy.ubuntu.com/]
Jun 13 03:29:23 ubuntu-server pollinate[1393]: client successfully seeded [/dev/urandom]
Jun 13 03:29:23 ubuntu-server systemd[1]: pollinate.service: Deactivated successfully.
Jun 13 03:29:23 ubuntu-server systemd[1]: Finished Pollinate to seed the pseudo random number generator.
Jun 13 03:29:23 ubuntu-server systemd[1]: Starting OpenBSD Secure Shell server...
Jun 13 03:29:23 ubuntu-server sshd[1397]: Server listening on 0.0.0.0 port 22.
Jun 13 03:29:23 ubuntu-server sshd[1397]: Server listening on :: port 22.
Jun 13 03:29:23 ubuntu-server systemd[1]: Started OpenBSD Secure Shell server.
Jun 13 03:29:23 ubuntu-server casper-md5check[1269]: Checking ./pool/main/l/linux/linux-modules-extra-5.15.0-25-generic_5.15.0-25.25_amd64.deb......../pool/main/l/linux/linux-modules-extra-5.15.0-25-generic_5.15.0-25.25_amd64.deb: OK
Jun 13 03:29:23 ubuntu-server audit[1383]: AVC apparmor="STATUS" operation="profile_load" profile="unconfined" name="/usr/lib/snapd/snap-confine" pid=1383 comm="apparmor_parser"
Jun 13 03:29:23 ubuntu-server audit[1383]: AVC apparmor="STATUS" operation="profile_load" profile="unconfined" name="/usr/lib/snapd/snap-confine//mount-namespace-capture-helper" pid=1383 comm="apparmor_parser"
Jun 13 03:29:23 ubuntu-server kernel: kauditd_printk_skb: 14 callbacks suppressed
Jun 13 03:29:23 ubuntu-server kernel: audit: type=1400 audit(1655090963.399:26): apparmor="STATUS" operation="profile_load" profile="unconfined" name="/usr/lib/snapd/snap-confine" pid=1383 comm="apparmor_parser"
Jun 13 03:29:23 ubuntu-server kernel: audit: type=1400 audit(1655090963.399:27): apparmor="STATUS" operation="profile_load" profile="unconfined" name="/usr/lib/snapd/snap-confine//mount-namespace-capture-helper" pid=1383 comm="apparmor_parser"
Jun 13 03:29:23 ubuntu-server casper-md5check[1269]: Checking ./pool/main/l/linux-signed/linux-image-5.15.0-25-generic_5.15.0-25.25_amd64.deb...../pool/main/l/linux-signed/linux-image-5.15.0-25-generic_5.15.0-25.25_amd64.deb: OK
Jun 13 03:29:23 ubuntu-server casper-md5check[1269]: Checking ./pool/main/n/ncurses/ncurses-base_6.3-2_all.deb..../pool/main/n/ncurses/ncurses-base_6.3-2_all.deb: OK
Jun 13 03:29:23 ubuntu-server casper-md5check[1269]: Checking ./pool/main/n/ncurses/ncurses-term_6.3-2_all.deb..../pool/main/n/ncurses/ncurses-term_6.3-2_all.deb: OK
Jun 13 03:29:23 ubuntu-server casper-md5check[1269]: Checking ./pool/main/o/openssh/openssh-server_8.9p1-3_amd64.deb..../pool/main/o/openssh/openssh-server_8.9p1-3_amd64.deb: OK
Jun 13 03:29:23 ubuntu-server casper-md5check[1269]: Checking ./pool/main/o/openssh/openssh-sftp-server_8.9p1-3_amd64.deb..../pool/main/o/openssh/openssh-sftp-server_8.9p1-3_amd64.deb: OK
Jun 13 03:29:23 ubuntu-server casper-md5check[1269]: Checking ./pool/main/o/openvswitch/openvswitch-common_2.17.0-0ubuntu1_amd64.deb..../pool/main/o/openvswitch/openvswitch-common_2.17.0-0ubuntu1_amd64.deb: OK
Jun 13 03:29:23 ubuntu-server casper-md5check[1269]: Checking ./pool/main/o/openvswitch/openvswitch-switch_2.17.0-0ubuntu1_amd64.deb..../pool/main/o/openvswitch/openvswitch-switch_2.17.0-0ubuntu1_amd64.deb: OK
Jun 13 03:29:23 ubuntu-server casper-md5check[1269]: Checking ./pool/main/o/openvswitch/python3-openvswitch_2.17.0-0ubuntu1_all.deb..../pool/main/o/openvswitch/python3-openvswitch_2.17.0-0ubuntu1_all.deb: OK
